 [MÚSICA DE FUNDO]
 [MÚSICA DE FUNDO]
 [MÚSICA DE FUNDO]
 [MÚSICA DE FUNDO]
 [MÚSICA DE FUNDO]
 [MÚSICA DE FUNDO]
 [MÚSICA DE FUNDO]
 [MÚSICA DE FUNDO]
 [MÚSICA DE FUNDO]
 [MÚSICA DE FUNDO]
 [MÚSICA DE FUNDO]
 [MÚSICA DE FUNDO]
 [MÚSICA DE FUNDO]
 [MÚSICA DE FUNDO]
 [MÚSICA DE FUNDO]
 [MÚSICA DE FUNDO]
 [MÚSICA DE FUNDO]
 [MÚSICA DE FUNDO]
 [MÚSICA DE FUNDO]
 [MÚSICA DE FUNDO]
 [MÚSICA DE FUNDO]
 [MÚSICA DE FUNDO]
 [MÚSICA DE FUNDO]
 [MÚSICA DE FUNDO]
 [MÚSICA DE FUNDO]
 [MÚSICA DE FUNDO]
 [Música]
 [MÚSICA DE FUNDO]
 [MÚSICA DE FUNDO]
 [MÚSICA DE FUNDO]
 [Música]
 [Música]
 [Aplausos]
 [MÚSICA DE FUNDO]
 [MÚSICA DE FUNDO]
 [MÚSICA DE FUNDO]
 [MÚSICA DE FUNDO]
 [MÚSICA DE FUNDO]
 [MÚSICA DE FUNDO]
 [MÚSICA DE FUNDO]
 [MÚSICA DE FUNDO]
 [MÚSICA DE FUNDO]
 [MÚSICA DE FUNDO]
 [MÚSICA DE FUNDO]
 [MÚSICA DE FUNDO]
 [MÚSICA DE FUNDO]
 (tambos de ponte)
 [Música]
 [Música]
 [Música]
 [Música]
 [MÚSICA DE FUNDO]
 [MÚSICA DE FUNDO]
 [Música]
 [MÚSICA DE FUNDO]
 [MÚSICA DE FUNDO]
 [MÚSICA DE FUNDO]
 [MÚSICA DE FUNDO]
 [MÚSICA DE FUNDO]
 [Música]
 [Música]
 [MÚSICA]
 [MÚSICA]
 [Música]
 [MÚSICA DE FUNDO]
 [MÚSICA DE FUNDO]
 [MÚSICA DE FUNDO]
 [MÚSICA DE FUNDO]
 [MÚSICA DE FUNDO]
 [MÚSICA DE FUNDO]
 [MÚSICA DE FUNDO]
 [MÚSICA DE FUNDO]
 [MÚSICA DE FUNDO]
 [MÚSICA DE FUNDO]
 [MÚSICA DE FUNDO]
 [MÚSICA DE FUNDO]
 [MÚSICA DE FUNDO]
 [MÚSICA DE FUNDO]
 [MÚSICA DE FUNDO]
 [MÚSICA DE FUNDO]
 [MÚSICA DE FUNDO]
 [MÚSICA DE FUNDO]
 [MÚSICA DE FUNDO]
 [MÚSICA DE FUNDO]
 [MÚSICA]
 [MÚSICA DE FUNDO]
 [MÚSICA DE FUNDO]
 [MÚSICA DE FUNDO]
 [MÚSICA DE FUNDO]
 [MÚSICA DE FUNDO]
 (música)
 (música)
 [MÚSICA DE FUNDO]
 [MÚSICA DE FUNDO]
 [MÚSICA DE FUNDO]
 [MÚSICA DE FUNDO]
 [MÚSICA DE FUNDO]
 [MÚSICA DE FUNDO]
 [MÚSICA DE FUNDO]
 [MÚSICA DE FUNDO]
 [MÚSICA DE FUNDO]
 [MÚSICA DE FUNDO]
 [MÚSICA DE FUNDO]
 [MÚSICA DE FUNDO]
 [MÚSICA DE FUNDO]
 [MÚSICA DE FUNDO]
 [MÚSICA DE FUNDO]
 [MÚSICA DE FUNDO]
 [MÚSICA DE FUNDO]
 [MÚSICA DE FUNDO]
 [MÚSICA DE FUNDO]
 [MÚSICA DE FUNDO]
 [MÚSICA DE FUNDO]
 [MÚSICA DE FUNDO]
 [MÚSICA DE FUNDO]
 [MÚSICA DE FUNDO]
 [MÚSICA DE FUNDO]
 [MÚSICA DE FUNDO]
 [MÚSICA DE FUNDO]
 [MÚSICA DE FUNDO]
 [MÚSICA DE FUNDO]
 [MÚSICA DE FUNDO]
 [MÚSICA DE FUNDO]
 [MÚSICA DE FUNDO]
 [MÚSICA DE FUNDO]
 [MÚSICA DE FUNDO]
 [MÚSICA DE FUNDO]
 [MÚSICA DE FUNDO]
 [MÚSICA DE FUNDO]
 [Aplausos]
 [MÚSICA DE FUNDO]
 [MÚSICA DE FUNDO]
 [MÚSICA DE FUNDO]
 [MÚSICA DE FUNDO]
 [MÚSICA DE FUNDO]
 [MÚSICA DE FUNDO]
 [MÚSICA DE FUNDO]
 [Música]
 [Música]
 [Música]
 [MÚSICA DE FUNDO]
 [MÚSICA DE FUNDO]
 [MÚSICA DE FUNDO]
 [Música]
 [MÚSICA DE FUNDO]
 [MÚSICA DE FUNDO]
 [Música]
 [Música]
 [MÚSICA DE FUNDO]
 [Música]
 [Música]
 [Música]
 [Música]
 [Música]
 [Música]
 [Música]
 [MÚSICA DE FUNDO]
 [Música]
 [Música]
 [Música]
 [MÚSICA DE FUNDO]
 [MÚSICA DE FUNDO]
 [MÚSICA DE FUNDO]
 [MÚSICA DE FUNDO]
 [MÚSICA DE FUNDO]
 [MÚSICA DE FUNDO]
 [MÚSICA DE FUNDO]
 [MÚSICA DE FUNDO]
 [MÚSICA DE FUNDO]
 [MÚSICA DE FUNDO]
 [MÚSICA DE FUNDO]
 [MÚSICA DE FUNDO]
 [MÚSICA DE FUNDO]
 [MÚSICA DE FUNDO]
 [Música]
 [MÚSICA DE FUNDO]
 [MÚSICA DE FUNDO]
 [Música]
 [MÚSICA DE FUNDO]
 [MÚSICA DE FUNDO]
 [Música]
 [Música]
 [Música]
 [Música]
 [Música]
 [Música]
 [Música]
 [MÚSICA DE FUNDO]
 [MÚSICA DE FUNDO]
 [MÚSICA DE FUNDO]
 [MÚSICA DE FUNDO]
 [MÚSICA DE FUNDO]
 [MÚSICA DE FUNDO]
 [MÚSICA DE FUNDO]
 [MÚSICA DE FUNDO]
 [MÚSICA DE FUNDO]
 [MÚSICA DE FUNDO]
 [MÚSICA DE FUNDO]
 [MÚSICA DE FUNDO]
 [MÚSICA DE FUNDO]
 [MÚSICA DE FUNDO]
 [MÚSICA DE FUNDO]
 [MÚSICA DE FUNDO]
 [MÚSICA DE FUNDO]
 [MÚSICA DE FUNDO]
 [MÚSICA DE FUNDO]
 [MÚSICA DE FUNDO]
 [MÚSICA DE FUNDO]
 [MÚSICA DE FUNDO]
 [MÚSICA DE FUNDO]
 [MÚSICA DE FUNDO]
 [MÚSICA DE FUNDO]
 [MÚSICA DE FUNDO]
 [MÚSICA DE FUNDO]
 [MÚSICA DE FUNDO]
 [MÚSICA DE FUNDO]
 [MÚSICA DE FUNDO]
 [MÚSICA DE FUNDO]
 [MÚSICA DE FUNDO]
 [MÚSICA DE FUNDO]
 [MÚSICA DE FUNDO]
 [MÚSICA DE FUNDO]
 [MÚSICA DE FUNDO]
 [MÚSICA DE FUNDO]
 [MÚSICA DE FUNDO]
 [MÚSICA DE FUNDO]
 [MÚSICA DE FUNDO]
 [MÚSICA DE FUNDO]
 [MÚSICA DE FUNDO]
 [MÚSICA DE FUNDO]
 [MÚSICA DE FUNDO]
 [MÚSICA DE FUNDO]
 [MÚSICA DE FUNDO]
 [MÚSICA DE FUNDO]
 [MÚSICA DE FUNDO]
 [MÚSICA DE FUNDO]
 [MÚSICA DE FUNDO]
 [MÚSICA DE FUNDO]
 [MÚSICA DE FUNDO]
 [MÚSICA DE FUNDO]
 [Música]
 [MÚSICA DE FUNDO]
 [Música]
 [MÚSICA DE FUNDO]
 [Música]
 [Música]
 [Música]
 [Música]
 [Música]
 [Música]
 [MÚSICA]
 [Música]
 [Música]
 [MÚSICA]
 [Música]
 [música]
 [MÚSICA DE FUNDO]
 [MÚSICA DE FUNDO]
 [MÚSICA DE FUNDO]
 [MÚSICA DE FUNDO]
 [MÚSICA DE FUNDO]
 [MÚSICA DE FUNDO]
 [MÚSICA DE FUNDO]
 [MÚSICA DE FUNDO]
 [MÚSICA DE FUNDO]
 [MÚSICA DE FUNDO]
 [MÚSICA DE FUNDO]
 [MÚSICA DE FUNDO]
 [MÚSICA DE FUNDO]
 [MÚSICA DE FUNDO]
 [MÚSICA DE FUNDO]
 [MÚSICA DE FUNDO]
 [MÚSICA DE FUNDO]
 [MÚSICA DE FUNDO]
 [MÚSICA DE FUNDO]
 [MÚSICA DE FUNDO]
 [MÚSICA DE FUNDO]
 [MÚSICA DE FUNDO]
 [MÚSICA DE FUNDO]
 [MÚSICA DE FUNDO]
 [MÚSICA DE FUNDO]
 [MÚSICA DE FUNDO]
 [MÚSICA DE FUNDO]
 [MÚSICA DE FUNDO]
 [MÚSICA DE FUNDO]
 [MÚSICA]
 [MÚSICA DE FUNDO]
 [MÚSICA DE FUNDO]
 [MÚSICA DE FUNDO]
 [MÚSICA DE FUNDO]
 [MÚSICA DE FUNDO]
 [MÚSICA DE FUNDO]
 [MÚSICA DE FUNDO]
 [MÚSICA DE FUNDO]
 [MÚSICA DE FUNDO]
 [MÚSICA DE FUNDO]
 [MÚSICA DE FUNDO]
 [MÚSICA DE FUNDO]
 [MÚSICA DE FUNDO]
 [MÚSICA DE FUNDO]
 [MÚSICA DE FUNDO]
 [MÚSICA DE FUNDO]
 [MÚSICA DE FUNDO]
 [MÚSICA DE FUNDO]
 [MÚSICA DE FUNDO]
 [MÚSICA DE FUNDO]
 [MÚSICA DE FUNDO]
 [MÚSICA DE FUNDO]
 [MÚSICA DE FUNDO]
 [MÚSICA DE FUNDO]
 [MÚSICA DE FUNDO]
 [MÚSICA DE FUNDO]
 [MÚSICA DE FUNDO]
 [MÚSICA DE FUNDO]
 [MÚSICA DE FUNDO]
 [MÚSICA DE FUNDO]
 [MÚSICA DE FUNDO]
 [MÚSICA DE FUNDO]
 [MÚSICA DE FUNDO]
 [MÚSICA DE FUNDO]
 [MÚSICA DE FUNDO]
 [MÚSICA DE FUNDO]
 [MÚSICA DE FUNDO]
 [MÚSICA DE FUNDO]
 [MÚSICA DE FUNDO]
 [MÚSICA DE FUNDO]
 [MÚSICA DE FUNDO]
 [MÚSICA DE FUNDO]
 [MÚSICA DE FUNDO]
 [MÚSICA DE FUNDO]
 [MÚSICA DE FUNDO]
 [MÚSICA DE FUNDO]
 [MÚSICA DE FUNDO]
 [MÚSICA DE FUNDO]
 [Música]
 [MÚSICA DE FUNDO]
 [Música]
 [MÚSICA DE FUNDO]
 [MÚSICA DE FUNDO]
 [MÚSICA DE FUNDO]
 [MÚSICA DE FUNDO]
 [MÚSICA DE FUNDO]
 [MÚSICA DE FUNDO]
 [Música]
 [Música]
 [Música]
 [Música]
 [Música]
 [Música]
 [música]
 [Música]
 [música]
 [MÚSICA DE FUNDO]
 [MÚSICA DE FUNDO]
 [MÚSICA DE FUNDO]
 [MÚSICA DE FUNDO]
 [MÚSICA DE FUNDO]
 [MÚSICA DE FUNDO]
 [MÚSICA DE FUNDO]
 [MÚSICA DE FUNDO]
 [MÚSICA DE FUNDO]
 [MÚSICA DE FUNDO]
 [MÚSICA DE FUNDO]
 [MÚSICA DE FUNDO]
 [MÚSICA DE FUNDO]
 [MÚSICA DE FUNDO]
 [MÚSICA DE FUNDO]
 [MÚSICA DE FUNDO]
 [MÚSICA DE FUNDO]
 [MÚSICA DE FUNDO]
 [Música]
 [MÚSICA DE FUNDO]
 [MÚSICA DE FUNDO]
 [MÚSICA DE FUNDO]
 [MÚSICA DE FUNDO]
 [Música]
 [Música]
 [Música]
 [Música]
 [Música]
 [Música]
 [Música]
 [Música]
 [Música]
 [MÚSICA DE FUNDO]
 [MÚSICA DE FUNDO]
 [Música]
 [Música]
 [Música]
 [Música]
 [Música]
 [Música]
 [Música]
 [Música]
 [Música]
 [Música]
 [Música]
 [Música]
 [Música]
 [Música]
 [Música]
 [Música]
 [Música]
 [Música]
 [Música]
 [Música]
 [Música]
 [Música]
 [Música]
 [Música]
 [Música]
 [Música]
 [Música]
 [Música]
 [Música]
 [Música]
 [MÚSICA DE FUNDO]
 [MÚSICA DE FUNDO]
 [MÚSICA DE FUNDO]
 [MÚSICA DE FUNDO]
 [MÚSICA DE FUNDO]
 [MÚSICA DE FUNDO]
 [MÚSICA DE FUNDO]
 [MÚSICA DE FUNDO]
 [MÚSICA DE FUNDO]
 [MÚSICA DE FUNDO]
 [MÚSICA DE FUNDO]
 [MÚSICA DE FUNDO]
 [MÚSICA DE FUNDO]
 [MÚSICA DE FUNDO]
 [MÚSICA]
 [MÚSICA]
 [MÚSICA]
 [MÚSICA]
 [MÚSICA]
 [MÚSICA DE FUNDO]
 [MÚSICA DE FUNDO]
 [MÚSICA DE FUNDO]
 [MÚSICA DE FUNDO]
 [MÚSICA DE FUNDO]
 [MÚSICA DE FUNDO]
 [MÚSICA DE FUNDO]
 [MÚSICA DE FUNDO]
 [MÚSICA DE FUNDO]
 [MÚSICA DE FUNDO]
 [música]
 [MÚSICA DE FUNDO]
 [MÚSICA]
 [MÚSICA DE FUNDO]
 [MÚSICA DE FUNDO]
 [MÚSICA DE FUNDO]
 [MÚSICA DE FUNDO]
 [MÚSICA DE FUNDO]
 [MÚSICA DE FUNDO]
 [MÚSICA DE FUNDO]
 [MÚSICA DE FUNDO]
 [MÚSICA DE FUNDO]
 [MÚSICA DE FUNDO]
 [MÚSICA DE FUNDO]
 [MÚSICA DE FUNDO]
 [MÚSICA DE FUNDO]
 [MÚSICA DE FUNDO]
 [MÚSICA DE FUNDO]
 [MÚSICA DE FUNDO]
 [MÚSICA DE FUNDO]
 [MÚSICA DE FUNDO]
 [MÚSICA DE FUNDO]
 [MÚSICA DE FUNDO]
 [Música]
 [MÚSICA DE FUNDO]
 [MÚSICA DE FUNDO]
 [MÚSICA DE FUNDO]
 [Música]
 [MÚSICA DE FUNDO]
 [MÚSICA DE FUNDO]
 [Música]
 [MÚSICA DE FUNDO]
 [Música]
 [Música]
 [Música]
 [MÚSICA DE FUNDO]
 [MÚSICA DE FUNDO]
 [MÚSICA DE FUNDO]
 [MÚSICA DE FUNDO]
 [MÚSICA DE FUNDO]
 [MÚSICA DE FUNDO]
 [MÚSICA DE FUNDO]
 [MÚSICA DE FUNDO]
 [MÚSICA DE FUNDO]
 [MÚSICA DE FUNDO]
 [MÚSICA DE FUNDO]
 [MÚSICA DE FUNDO]
 [MÚSICA DE FUNDO]
 [MÚSICA DE FUNDO]
 [MÚSICA DE FUNDO]
 [MÚSICA DE FUNDO]
 [MÚSICA DE FUNDO]
 [MÚSICA DE FUNDO]
 [MÚSICA DE FUNDO]
 [MÚSICA DE FUNDO]
 [MÚSICA DE FUNDO]
 [MÚSICA DE FUNDO]
 [MÚSICA DE FUNDO]
 [MÚSICA DE FUNDO]
 [MÚSICA DE FUNDO]
 [Música]
 [MÚSICA DE FUNDO]
 [MÚSICA]
 [Música]
 [MÚSICA]
 [Música]
 [Música]
 [MÚSICA DE FUNDO]
 [MÚSICA DE FUNDO]
 [MÚSICA DE FUNDO]
 [MÚSICA DE FUNDO]
 [MÚSICA DE FUNDO]
 [MÚSICA DE FUNDO]
 [MÚSICA DE FUNDO]
 [MÚSICA DE FUNDO]
 [MÚSICA]
 [MÚSICA DE FUNDO]
 [Música]
 [Música]
 [Música]
 [Música]
 [Música]
 [Música]
 [Música]
 [Música]
 [Música]
 [Música]
 [Música]
 [Música]
 [Música]
 [Música]
 [Música]
 [Música]
 [Música]
 [Música]
 [Música]
 [Música]
 [Música]
 [Música]
 [MÚSICA DE FUNDO]
 [MÚSICA DE FUNDO]
 [MÚSICA DE FUNDO]
 [MÚSICA DE FUNDO]
 [MÚSICA DE FUNDO]
 [Música]
 [Música]
 [Música]
 [Música]
 [MÚSICA DE FUNDO]
 [MÚSICA]
 [Música]
 [MÚSICA DE FUNDO]
 [MÚSICA DE FUNDO]
 [MÚSICA DE FUNDO]
 [MÚSICA DE FUNDO]
 [MÚSICA DE FUNDO]
 [MÚSICA DE FUNDO]
 [MÚSICA DE FUNDO]
 [MÚSICA DE FUNDO]
 [MÚSICA DE FUNDO]
 [MÚSICA DE FUNDO]
 [Música]
 [MÚSICA DE FUNDO]
 [Música]
 [Música]
 [Música]
 [Música]
 [Música]
 [Música]
 [Música]
 [Música]
 [MÚSICA DE FUNDO]
 [MÚSICA DE FUNDO]
 [MÚSICA DE FUNDO]
 [MÚSICA DE FUNDO]
 [MÚSICA DE FUNDO]
 [MÚSICA DE FUNDO]
 [MÚSICA DE FUNDO]
 [MÚSICA DE FUNDO]
 [MÚSICA DE FUNDO]
 [MÚSICA DE FUNDO]
 [MÚSICA DE FUNDO]
 [MÚSICA DE FUNDO] [MÚSICA DE FUNDO]
 [MÚSICA DE FUNDO] [MÚSICA DE FUNDO]
 [MÚSICA DE FUNDO] [MÚSICA DE FUNDO]
 [MÚSICA DE FUNDO]
 [MÚSICA DE FUNDO] [MÚSICA DE FUNDO]
 [MÚSICA DE FUNDO] [MÚSICA DE FUNDO]
 [MÚSICA DE FUNDO] [MÚSICA DE FUNDO]
 [MÚSICA DE FUNDO] [MÚSICA DE FUNDO]
 [MÚSICA DE FUNDO] [MÚSICA DE FUNDO]
 [MÚSICA DE FUNDO] [MÚSICA DE FUNDO] [MÚSICA DE FUNDO]
 [MÚSICA DE FUNDO] [MÚSICA DE FUNDO]
 [MÚSICA DE FUNDO] [MÚSICA DE FUNDO] [MÚSICA DE FUNDO]
 [MÚSICA DE FUNDO] [MÚSICA DE FUNDO] [MÚSICA DE FUNDO]
 [MÚSICA DE FUNDO] [MÚSICA DE FUNDO] [MÚSICA DE FUNDO]
 [MÚSICA DE FUNDO] [MÚSICA DE FUNDO] [MÚSICA DE FUNDO]
 [MÚSICA DE FUNDO] [MÚSICA DE FUNDO] [MÚSICA DE FUNDO]
 [MÚSICA DE FUNDO] [MÚSICA DE FUNDO] [MÚSICA DE FUNDO]
 [MÚSICA DE FUNDO] [MÚSICA DE FUNDO] [MÚSICA DE FUNDO]
 [MÚSICA DE FUNDO] [MÚSICA DE FUNDO] [MÚSICA DE FUNDO]
 [MÚSICA DE FUNDO] [MÚSICA DE FUNDO]
 [MÚSICA DE FUNDO] [MÚSICA DE FUNDO] [MÚSICA DE FUNDO]
 [MÚSICA DE FUNDO]
 [MÚSICA DE FUNDO]
 [MÚSICA DE FUNDO]
 [MÚSICA DE FUNDO]
 [MÚSICA DE FUNDO]
 [Música]
 [Música]
 [MÚSICA DE FUNDO]
 [MÚSICA DE FUNDO]
 [MÚSICA DE FUNDO]
 [Música]
 [Música]
 [Música]
 [Música]
 [Música]
 [Música]
 [Música]
 [Música]
 [Música]
 [Música]
 [Música]
 [Música]
 [Música]
 [Música]
 [Música]
 [Música]
 [Música]
 [Música] [Música]
 [Música] [Música]
 [Música] É uma merda.
 [Música] - Isso aqui é uma merda.
 [Música] - Isso aqui é uma merda.
 [MÚSICA DE FUNDO]
 [MÚSICA DE FUNDO]
 [MÚSICA DE FUNDO]
 [MÚSICA DE FUNDO]
 [MÚSICA DE FUNDO]
 [MÚSICA DE FUNDO]
 [MÚSICA DE FUNDO]
 [MÚSICA DE FUNDO]
 [MÚSICA DE FUNDO]
 [MÚSICA DE FUNDO]
 [MÚSICA DE FUNDO]
 [MÚSICA DE FUNDO]
 *música*
 *música*
 *MÚSICA DE FUNDO*
 *MÚSICA DE FUNDO*
 *MÚSICA DE FUNDO*
 *MÚSICA DE FUNDO*
 *música* *música*
 *música* *música*
 *música* *música*
 *música* *música*
 *MÚSICA DE FUNDO* *MÚSICA DE FUNDO*
 *MÚSICA DE FUNDO*
 *MÚSICA DE FUNDO*
 *música*
 *MÚSICA DE FUNDO*
 *música*
 *MÚSICA DE FUNDO*
 *MÚSICA DE FUNDO*
 *MÚSICA DE FUNDO*
 *MÚSICA DE FUNDO*
 [MÚSICA DE FUNDO]
 [MÚSICA DE FUNDO]
 [MÚSICA DE FUNDO]
 [MÚSICA DE FUNDO]
 [MÚSICA DE FUNDO]
 [Música]
 [Música]
 [MÚSICA DE FUNDO]
 [MÚSICA DE FUNDO]
 [Música]
 [MÚSICA DE FUNDO]
 [MÚSICA DE FUNDO]
 [Música]
 [Música]
 [Música]
 [Música]
 [Música]
 [Música]
 [Música]
 [Música]
 [Música]
 [Música]
 [Música]
 [Música]
 [Música]
 [Música]
 [Música]
 [Música]
 [Música]
 [Música]
 [Música]
 [Música]
 [MÚSICA DE FUNDO]
 [MÚSICA DE FUNDO]
 [MÚSICA DE FUNDO]
 [MÚSICA DE FUNDO]
 [MÚSICA DE FUNDO]
 [MÚSICA DE FUNDO]
 [MÚSICA DE FUNDO]
 [Música]
 [Música]
 [MÚSICA DE FUNDO]
 [MÚSICA DE FUNDO]
 [MÚSICA DE FUNDO]
 [Música]
 [Música]
 [Música]
 [Música]
 [Música]
 [Música]
 [Música]
 [Música]
 [Música]
 [Música]
 [Música]
 [Música]
 [Música]
 [Música]
 [Música]
 [Música]
 [Música]
 [Música]
 [Música]
 [Música]
 [MÚSICA DE FUNDO]
 [MÚSICA DE FUNDO]
 [MÚSICA DE FUNDO]
 [MÚSICA DE FUNDO]
 [MÚSICA DE FUNDO]
 [MÚSICA DE FUNDO]
 [MÚSICA DE FUNDO]
 [MÚSICA DE FUNDO]
 [MÚSICA DE FUNDO]
 [MÚSICA DE FUNDO]
 [MÚSICA DE FUNDO]
 [MÚSICA DE FUNDO]
 [Música]
 [MÚSICA DE FUNDO]
 [MÚSICA DE FUNDO]
 [MÚSICA DE FUNDO]
 [MÚSICA DE FUNDO]
 [Música]
 [Música]
 [Música]
 [Música]
 [Música]
 [Música]
 [Música]
 [Música]
 [Música]
 [Música]
 [Música]
 [Música]
 [Música]
 [Música]
 [Música]
 [MÚSICA DE FUNDO]
 [MÚSICA DE FUNDO]
 [MÚSICA DE FUNDO]
 [MÚSICA DE FUNDO]
 [MÚSICA DE FUNDO]
 [MÚSICA DE FUNDO]
 [MÚSICA DE FUNDO]
 [Música]
 [MÚSICA DE FUNDO]
 [Música]
 [MÚSICA DE FUNDO]
 [Música]
 [Música]
 [Música]
 [Música]
 [Música]
 [Música]
 [Música]
 [Música]
 [Música]
 [Música]
 [Música]
 [Música]
 [Música]
 [Música]
 [Música]
 [Música]
 [Música]
 [Música]
 [Música]
 [Música]
 [Música]
 [MÚSICA DE FUNDO]
 [MÚSICA DE FUNDO]
 [MÚSICA DE FUNDO]
 [MÚSICA DE FUNDO]
 [Música]
 [Música]
 [MÚSICA DE FUNDO]
 [MÚSICA DE FUNDO]
 [MÚSICA DE FUNDO]
 [MÚSICA DE FUNDO]
 [MÚSICA DE FUNDO]
 [MÚSICA DE FUNDO]
 [MÚSICA DE FUNDO]
 [MÚSICA DE FUNDO]
 [MÚSICA DE FUNDO]
 [MÚSICA DE FUNDO]
 [MÚSICA DE FUNDO]
 [MÚSICA DE FUNDO]
 [MÚSICA DE FUNDO]
 [MÚSICA DE FUNDO]
 [MÚSICA DE FUNDO]
 [MÚSICA DE FUNDO]
 [MÚSICA DE FUNDO]
 [MÚSICA DE FUNDO]
 [MÚSICA DE FUNDO]
 [MÚSICA DE FUNDO]
 [MÚSICA DE FUNDO]
 [MÚSICA DE FUNDO]
 [MÚSICA DE FUNDO]
 [MÚSICA DE FUNDO]
 [MÚSICA DE FUNDO]
 [MÚSICA DE FUNDO]
 [MÚSICA DE FUNDO]
 [MÚSICA DE FUNDO]
 [MÚSICA DE FUNDO]
 [MÚSICA DE FUNDO]
 [MÚSICA DE FUNDO]
 [MÚSICA DE FUNDO]
 [MÚSICA DE FUNDO]
 [MÚSICA DE FUNDO]
 [MÚSICA DE FUNDO]
 [MÚSICA DE FUNDO]
 [MÚSICA DE FUNDO]
 [MÚSICA DE FUNDO]
 [MÚSICA DE FUNDO]
 [MÚSICA DE FUNDO]
 [música]
 [MÚSICA]
 [MÚSICA]
 [MÚSICA]
 [MÚSICA]
 [música]
 [música]
 [Música]
 [música]
 [música]
 [música]
 [Música]
 [Música]
 [MÚSICA]
 [MÚSICA]
 [música]
 [MÚSICA DE FUNDO]
 [música]
 [MÚSICA DE FUNDO]
 [MÚSICA DE FUNDO]
 [MÚSICA DE FUNDO]
 [MÚSICA DE FUNDO]
 [MÚSICA DE FUNDO]
 [MÚSICA DE FUNDO]
 [MÚSICA DE FUNDO]
 [MÚSICA DE FUNDO]
 [MÚSICA DE FUNDO]
 [MÚSICA DE FUNDO]
 [MÚSICA DE FUNDO]
 [MÚSICA DE FUNDO]
 [MÚSICA DE FUNDO]
 [MÚSICA DE FUNDO]
 [MÚSICA DE FUNDO]
 [MÚSICA DE FUNDO]
 [Música]
 [MÚSICA DE FUNDO]
 [Música]
 [Música]
 [Música]
 [MÚSICA DE FUNDO]
 [Música]
 [Música]
 [Música]
 [Música]
 [MÚSICA DE FUNDO]
 [Música]
 [Música]
 [música]
 [Música]
 [Música]
 [MÚSICA DE FUNDO]
 [MÚSICA DE FUNDO]
 [MÚSICA DE FUNDO]
 [MÚSICA DE FUNDO]
 [MÚSICA DE FUNDO]
 [MÚSICA DE FUNDO]
 [MÚSICA DE FUNDO]
 [MÚSICA DE FUNDO]
 [MÚSICA DE FUNDO]
 [MÚSICA DE FUNDO]
 [MÚSICA DE FUNDO]
 [MÚSICA DE FUNDO]
 [MÚSICA DE FUNDO]
 [MÚSICA DE FUNDO]
 [Música]
 [Música]
 [Música]
 [Música]
 [Música]
 [música]
 [Música]
 [Música]
 [música]
 [música]
 [Música]
 [Música]
 [Música]
 [Música]
 [Música]
 [música]
 [Música]
 [música]
 [MÚSICA DE FUNDO]
 [MÚSICA DE FUNDO]
 [MÚSICA DE FUNDO]
 [MÚSICA DE FUNDO]
 [MÚSICA DE FUNDO]
 [MÚSICA DE FUNDO]
 [MÚSICA DE FUNDO]
 [MÚSICA DE FUNDO]
 [MÚSICA DE FUNDO]
 [MÚSICA DE FUNDO]
 [MÚSICA DE FUNDO]
 [MÚSICA DE FUNDO]
 [MÚSICA DE FUNDO]
 [MÚSICA DE FUNDO]
 [MÚSICA DE FUNDO]
 [MÚSICA DE FUNDO]
 [MÚSICA DE FUNDO]
 [MÚSICA DE FUNDO]
 [MÚSICA DE FUNDO]
 [MÚSICA DE FUNDO]
 [MÚSICA DE FUNDO]
 [MÚSICA DE FUNDO]
 [MÚSICA DE FUNDO]
 [MÚSICA DE FUNDO]
 [MÚSICA DE FUNDO]
 [MÚSICA DE FUNDO]
 [MÚSICA DE FUNDO]
 [MÚSICA]
 [MÚSICA]
 [música]
 [MÚSICA]
 [MÚSICA]
 [MÚSICA DE FUNDO]
 [MÚSICA DE FUNDO]
 [MÚSICA DE FUNDO]
 [MÚSICA DE FUNDO]
 [MÚSICA DE FUNDO]
 [MÚSICA DE FUNDO]
 [MÚSICA DE FUNDO]
 [MÚSICA DE FUNDO]
 [MÚSICA DE FUNDO]
 [MÚSICA DE FUNDO]
 [MÚSICA DE FUNDO]
 [MÚSICA DE FUNDO]
 [Música]
 [MÚSICA DE FUNDO]
 [Música]
 [MÚSICA DE FUNDO]
 [Música]
 [MÚSICA DE FUNDO]
 [Música]
 [Música]
 [MÚSICA DE FUNDO]
 [Música]
 [Música]
 [Música]
 [Música]
 [Música]
 [Música]
 [Música]
 [Música]
 [Música]
 [Música]
 [Música]
 [MÚSICA DE FUNDO]
 [MÚSICA DE FUNDO]
 [MÚSICA DE FUNDO]
 [MÚSICA DE FUNDO]
 [MÚSICA DE FUNDO]
 [MÚSICA DE FUNDO]
 [MÚSICA DE FUNDO]
 [MÚSICA DE FUNDO]
 [MÚSICA DE FUNDO]
 [MÚSICA DE FUNDO]
 [MÚSICA DE FUNDO]
 [Música]
 [Música]
 [MÚSICA DE FUNDO]
 [Música]
 [Música]
 [Música]
 [Música]
 [Música]
 [MÚSICA]
 [Música]
 [Música]
 [Música]
 [Música]
 [Música]
 [Música]
 [MÚSICA DE FUNDO]
 [Música]
 [Música]
 [Música]
 [Música]
 [Música]
 [MÚSICA DE FUNDO]
 [MÚSICA DE FUNDO]
 [MÚSICA DE FUNDO]
 [MÚSICA DE FUNDO]
 [MÚSICA DE FUNDO]
 [MÚSICA DE FUNDO]
 [MÚSICA DE FUNDO]
 [MÚSICA DE FUNDO]
 [MÚSICA DE FUNDO]
 [MÚSICA DE FUNDO]
 [MÚSICA DE FUNDO]
 [MÚSICA DE FUNDO]
 [MÚSICA DE FUNDO]
 [MÚSICA DE FUNDO]
 [MÚSICA DE FUNDO]
 [MÚSICA DE FUNDO]
 [MÚSICA DE FUNDO]
 [MÚSICA DE FUNDO]
 [MÚSICA DE FUNDO]
 [MÚSICA DE FUNDO]
 [MÚSICA DE FUNDO]
 [MÚSICA DE FUNDO]
 [MÚSICA DE FUNDO]
 [MÚSICA DE FUNDO]
 [MÚSICA DE FUNDO]
 [MÚSICA DE FUNDO]
 [MÚSICA DE FUNDO]
 [MÚSICA DE FUNDO]
 [MÚSICA DE FUNDO]
 [MÚSICA DE FUNDO]
 [Música]
 [MÚSICA DE FUNDO]
 [MÚSICA DE FUNDO]
 Tá.
 [MÚSICA DE FUNDO]
 [MÚSICA DE FUNDO]
 [MÚSICA DE FUNDO]
 [MÚSICA DE FUNDO]
 [MÚSICA DE FUNDO]
 Tá.
 Tá.
 Tá.
 Tá.
 Tá.
 Tá.
 Tá.
 [MÚSICA DE FUNDO]
 Tá.
 Tá.
 Tá.
 [MÚSICA DE FUNDO]
 [MÚSICA DE FUNDO]
 [MÚSICA DE FUNDO]
 [MÚSICA DE FUNDO]
 Tchau!
 Tchau!
 Tchau!
 Tchau!
 Tchau!
 Tchau!
 Tchau!
 Tchau!
 Tchau!
 Tchau!
 [MÚSICA DE FUNDO]
 [MÚSICA DE FUNDO]
 [MÚSICA DE FUNDO]
 [MÚSICA DE FUNDO]
 [MÚSICA DE FUNDO]
 [Música]
 [Música]
 [MÚSICA DE FUNDO]
 [MÚSICA DE FUNDO]
 [Música]
 [MÚSICA DE FUNDO]
 [MÚSICA DE FUNDO]
 [Música]
 [Música]
 [MÚSICA DE FUNDO]
 [Música]
 [MÚSICA DE FUNDO]
 [Música]
 [Música]
 [Música]
 [Música]
 [MÚSICA DE FUNDO]
 [Música]
 [Música]
 [Música]
 [Música]
 [Música]
 [Música]
 [MÚSICA DE FUNDO]
 [MÚSICA DE FUNDO]
 [Música]
 [Música]
 [MÚSICA DE FUNDO]
 [MÚSICA DE FUNDO]
 [MÚSICA DE FUNDO]
 [MÚSICA DE FUNDO]
 [MÚSICA DE FUNDO]
 [música]
 [música]
 [MÚSICA DE FUNDO]
 [MÚSICA DE FUNDO]
 [MÚSICA DE FUNDO]
 [Música]
 [música]
 [música]
 [música]
 [Música]
 [música]
 [Música]
 [música]
 [Música]
 [música]
 [música]
 [Música]
 [música]
 [música]
 [música]
 [Música]
 [Música]
 [Música]
 [música]
 [música]
 [música]
 [música]
 [MÚSICA DE FUNDO]
 [MÚSICA DE FUNDO]
 [MÚSICA DE FUNDO]
 [MÚSICA DE FUNDO]
 [MÚSICA DE FUNDO]
 [MÚSICA DE FUNDO]
 [MÚSICA DE FUNDO]
 [MÚSICA DE FUNDO]
 [Música]
 [Música]
 [Música]
 [Música]
 [música]
 [Música]
 [Música]
 [Música]
 [música]
 [música]
 [Música]
 [música]
 [Música]
 [Música]
 [Música]
 [Música]
 [Música]
 [Música]
 [Música]
 [música]
 [Música]
 [música]
 [Música]
 [Música]
 [MÚSICA DE FUNDO]
 [MÚSICA DE FUNDO]
 [MÚSICA DE FUNDO]
 [MÚSICA DE FUNDO]
 [MÚSICA DE FUNDO]
 [MÚSICA DE FUNDO]
 [MÚSICA DE FUNDO]
 [MÚSICA DE FUNDO]
 [MÚSICA DE FUNDO]
 [MÚSICA DE FUNDO]
 [MÚSICA DE FUNDO]
 [MÚSICA DE FUNDO]
 [MÚSICA DE FUNDO]
 [MÚSICA]
 [MÚSICA DE FUNDO]
 [MÚSICA DE FUNDO]
 [MÚSICA DE FUNDO]
 [Música]
 [Música]
 [Música]
 [Música]
 [Música]
 [música]
 [Música]
 [Música]
 [Música]
 [música]
 [Música]
 [Música]
 [música]
 [Música]
 [Música]
 [MÚSICA DE FUNDO]
 [MÚSICA DE FUNDO]
 [MÚSICA DE FUNDO]
 [MÚSICA DE FUNDO]
 [MÚSICA DE FUNDO]
 [MÚSICA DE FUNDO]
 [MÚSICA DE FUNDO]
 [MÚSICA DE FUNDO]
 [MÚSICA DE FUNDO]
 [MÚSICA DE FUNDO]
 [MÚSICA DE FUNDO]
 [MÚSICA DE FUNDO]
 [MÚSICA DE FUNDO]
 [MÚSICA DE FUNDO]
 [MÚSICA DE FUNDO]
 [MÚSICA DE FUNDO]
 [MÚSICA DE FUNDO]
 [MÚSICA DE FUNDO]
 [MÚSICA DE FUNDO]
 [MÚSICA DE FUNDO]
 [MÚSICA DE FUNDO]
 [MÚSICA DE FUNDO]
 [MÚSICA DE FUNDO]
 [MÚSICA DE FUNDO]
 [MÚSICA DE FUNDO]
 [MÚSICA DE FUNDO]
 [MÚSICA DE FUNDO]
 [MÚSICA DE FUNDO]
 [MÚSICA DE FUNDO]
 [MÚSICA DE FUNDO]
 [MÚSICA DE FUNDO]
 [MÚSICA DE FUNDO]
 [MÚSICA DE FUNDO]
 [MÚSICA DE FUNDO]
 [MÚSICA DE FUNDO]
 [MÚSICA DE FUNDO]
 [MÚSICA DE FUNDO]
 [MÚSICA DE FUNDO]
 [MÚSICA DE FUNDO]
 [MÚSICA DE FUNDO]
 [MÚSICA DE FUNDO]
 [MÚSICA DE FUNDO]
 [MÚSICA DE FUNDO]
 [MÚSICA DE FUNDO]
 [MÚSICA DE FUNDO]
 [Música]
 [MÚSICA DE FUNDO]
 [Música]
 [Música]
 [Música]
 [MÚSICA DE FUNDO]
 [Música]
 [Música]
 [Música]
 [Música]
 [Música]
 [Música]
 [Música]
 [MÚSICA DE FUNDO]
 [Música]
 [Música]
 [Música]
 [Música]
 [Música]
 [Música]
 [Música]
 [Música]
 [Música]
 [Música]
 [Música]
 [Música]
 [Música]
 [Música]
 [Música]
 [Música]
 [Música]
 [Música]
 [Música]
 [Música]
 [Música]
 [Música]
 [Música]
 [Música]
 [Música]
 [Música]
 [Música]
 [Música]
 [Música]
 [Música]
 [Música]
 [Música]
 [Música]
 [Música]
 [Música]
 [Música]
 [Música]
 [MÚSICA DE FUNDO]
 [MÚSICA DE FUNDO]
 [MÚSICA DE FUNDO]
 [MÚSICA DE FUNDO]
 [MÚSICA DE FUNDO]
 [MÚSICA DE FUNDO]
 [MÚSICA DE FUNDO]
 [MÚSICA DE FUNDO]
 [MÚSICA DE FUNDO]
 [MÚSICA DE FUNDO]
 [MÚSICA DE FUNDO]
 [MÚSICA DE FUNDO]
 [MÚSICA DE FUNDO]
 [MÚSICA DE FUNDO]
 [MÚSICA DE FUNDO]
 [MÚSICA DE FUNDO]
 [MÚSICA]
 [Música]
 [Música]
 [Música]
 [Música]
 [MÚSICA DE FUNDO]
 [MÚSICA DE FUNDO]
 [MÚSICA DE FUNDO]
 [MÚSICA DE FUNDO]
 [MÚSICA DE FUNDO]
 [MÚSICA DE FUNDO]
 [MÚSICA DE FUNDO]
 [Música]
 [MÚSICA]
 [Música]
 [Música]
 [MÚSICA DE FUNDO]
 [MÚSICA DE FUNDO]
 [MÚSICA DE FUNDO]
 [MÚSICA DE FUNDO]
 [MÚSICA DE FUNDO]
 [MÚSICA DE FUNDO]
 [MÚSICA DE FUNDO]
 [MÚSICA DE FUNDO]
 [MÚSICA DE FUNDO]
 [MÚSICA DE FUNDO]
 [MÚSICA DE FUNDO]
 [MÚSICA DE FUNDO]
 [MÚSICA DE FUNDO]
 [Música]
 [Música]
 [Música]
 [Música]
 [Música]
 [Música]
 [Música]
 [Música]
 [Música]
 [Música]
 [Música]
 [Música]
 [Música]
 [Música]
 [Música]
 [Música]
 [Música]
 [Música]
 [Música]
 [MÚSICA DE FUNDO]
 [MÚSICA DE FUNDO]
 [MÚSICA DE FUNDO]
 [MÚSICA DE FUNDO]
 [MÚSICA DE FUNDO]
 [MÚSICA DE FUNDO]
 [MÚSICA DE FUNDO]
 [MÚSICA DE FUNDO]
 [MÚSICA DE FUNDO]
 [MÚSICA DE FUNDO]
 [MÚSICA DE FUNDO]
 [MÚSICA DE FUNDO]
 [MÚSICA DE FUNDO]
 [MÚSICA DE FUNDO]
 [MÚSICA DE FUNDO]
 [MÚSICA DE FUNDO]
 [MÚSICA DE FUNDO]
 [MÚSICA DE FUNDO]
 [música]
 [música]
 [MÚSICA DE FUNDO]
 [MÚSICA DE FUNDO]
 [música]
 [MÚSICA DE FUNDO]
 [música]
 [música]
 [música]
 [música]
 [MÚSICA DE FUNDO]
 [música]
 [música]
 [música]
 [MÚSICA DE FUNDO]
 [MÚSICA DE FUNDO]
 [MÚSICA DE FUNDO]
 [MÚSICA DE FUNDO]
 [MÚSICA DE FUNDO]
 [MÚSICA DE FUNDO]
 [MÚSICA DE FUNDO]
 [MÚSICA DE FUNDO]
 [MÚSICA DE FUNDO]
 [MÚSICA DE FUNDO]
 [MÚSICA DE FUNDO]
 [MÚSICA DE FUNDO]
 [MÚSICA DE FUNDO]
 [MÚSICA DE FUNDO]
 [MÚSICA DE FUNDO]
 [MÚSICA DE FUNDO]
 [MÚSICA DE FUNDO]
 [MÚSICA DE FUNDO]
 [Música]
 [MÚSICA DE FUNDO]
 [Música]
 [Música]
 [Música]
 [Música]
 [Música]
 [Música]
 [música]
 [Música]
 [Música]
 [música]
 [Música]
 [Música]
 [MÚSICA DE FUNDO]
 [MÚSICA DE FUNDO]
 [MÚSICA DE FUNDO]
 [MÚSICA DE FUNDO]
 [MÚSICA DE FUNDO]
 [MÚSICA DE FUNDO]
 [MÚSICA DE FUNDO]
 [MÚSICA DE FUNDO]
 [MÚSICA DE FUNDO]
 [MÚSICA DE FUNDO]
 [MÚSICA DE FUNDO]
 [MÚSICA DE FUNDO]
 [MÚSICA DE FUNDO]
 [MÚSICA DE FUNDO]
 [MÚSICA DE FUNDO]
 [MÚSICA DE FUNDO]
 [Música]
 [Música]
 [MÚSICA DE FUNDO]
 [MÚSICA DE FUNDO]
 [Música]
 [Música]
 [MÚSICA DE FUNDO]
 [Música]
 [Música]
 [Música]
 [Música]
 [MÚSICA DE FUNDO]
 [Música]
 [Música]
 [Música]
 [Música]
 [MÚSICA DE FUNDO]
 [MÚSICA DE FUNDO]
 [MÚSICA DE FUNDO]
 [MÚSICA DE FUNDO]
 [MÚSICA DE FUNDO]
 [MÚSICA DE FUNDO]
 [MÚSICA DE FUNDO]
 [MÚSICA DE FUNDO]
 [MÚSICA DE FUNDO]
 [MÚSICA DE FUNDO]
 [MÚSICA DE FUNDO]
 [MÚSICA DE FUNDO]
 [MÚSICA DE FUNDO]
 [MÚSICA DE FUNDO]
 [Música]
 [Música]
 [MÚSICA DE FUNDO]
 [Música]
 [Música]
 [Música]
 [Música]
 [Música]
 [MÚSICA DE FUNDO]
 [Música]
 [Música]
 [Música]
 [Música]
 [Música]
 [Música]
 [Música]
 [Música]
 [Música]
 [MÚSICA DE FUNDO]
 [MÚSICA DE FUNDO]
 [MÚSICA DE FUNDO]
 [MÚSICA DE FUNDO]
 [MÚSICA DE FUNDO]
 [MÚSICA DE FUNDO]
 [MÚSICA DE FUNDO]
 [MÚSICA DE FUNDO]
 [MÚSICA DE FUNDO]
 [MÚSICA DE FUNDO]
 [MÚSICA DE FUNDO]
 [MÚSICA DE FUNDO]
 [MÚSICA DE FUNDO]
 [MÚSICA DE FUNDO]
 [Música]
 [Música]
 [Música]
 [Música]
 [Música]
 [Música]
 [Música]
 [Música]
 [MÚSICA DE FUNDO]
 [música]
 [Música]
 [Música]
 [Música]
 [MÚSICA DE FUNDO]
 [Música]
 [Música]
 [Música]
 [Música]
 [MÚSICA DE FUNDO]
 [MÚSICA DE FUNDO]
 [MÚSICA DE FUNDO]
 [MÚSICA DE FUNDO]
 [MÚSICA DE FUNDO]
 [MÚSICA DE FUNDO]
 [MÚSICA DE FUNDO]
 [MÚSICA DE FUNDO]
 [MÚSICA DE FUNDO]
 [MÚSICA DE FUNDO]
 [MÚSICA DE FUNDO]
 [MÚSICA DE FUNDO]
 [MÚSICA DE FUNDO]
 [MÚSICA DE FUNDO]
 [MÚSICA DE FUNDO]
 [MÚSICA DE FUNDO]
 [MÚSICA DE FUNDO]
 [MÚSICA DE FUNDO]
 [MÚSICA DE FUNDO]
 [música]
 [MÚSICA DE FUNDO]
 [Música]
 [música]
 [Música]
 [Música]
 [Música]
 [Música]
 [Música]
 [música]
 [música]
 [música]
 [Música]
 [MÚSICA DE FUNDO]
 [MÚSICA DE FUNDO]
 [MÚSICA DE FUNDO]
 [MÚSICA DE FUNDO]
 [MÚSICA DE FUNDO]
 [MÚSICA DE FUNDO]
 [MÚSICA DE FUNDO]
 [MÚSICA DE FUNDO]
 [MÚSICA DE FUNDO]
 [MÚSICA DE FUNDO]
 [MÚSICA DE FUNDO]
 [MÚSICA DE FUNDO]
 [Música]
 [Música]
 [Música]
 [música]
 [música]
 [Música]
 [Música]
 [Música]
 [Música]
 [Música]
 [Música]
 [Música]
 [Música]
 [Música]
 [Música]
 [Música]
 [Música]
 [Música]
 [Música]
 [Música]
 [MÚSICA DE FUNDO]
 [MÚSICA DE FUNDO]
 [MÚSICA DE FUNDO]
 [MÚSICA DE FUNDO]
 [MÚSICA DE FUNDO]
 [MÚSICA DE FUNDO]
 [MÚSICA DE FUNDO]
 [MÚSICA DE FUNDO]
 [MÚSICA DE FUNDO]
 [MÚSICA DE FUNDO]
 [MÚSICA DE FUNDO]
 [MÚSICA DE FUNDO]
 [Música]
 [MÚSICA DE FUNDO]
 [Música]
 [Música]
 [música]
 [Música]
 [MÚSICA DE FUNDO]
 [MÚSICA DE FUNDO]
 [MÚSICA DE FUNDO]
 [Música]
 [Música]
 [MÚSICA DE FUNDO]
 [Música]
 [Música]
 [Música]
 [Música]
 [Música]
 [Música]
 [Música]
 [Música]
 [MÚSICA DE FUNDO]
 [MÚSICA DE FUNDO]
 [MÚSICA DE FUNDO]
 [MÚSICA DE FUNDO]
 [MÚSICA DE FUNDO]
 [MÚSICA DE FUNDO]
 [MÚSICA DE FUNDO]
 [MÚSICA DE FUNDO]
 [MÚSICA DE FUNDO]
 [MÚSICA DE FUNDO]
 [MÚSICA DE FUNDO]
 [MÚSICA DE FUNDO]
 [MÚSICA DE FUNDO]
 [MÚSICA DE FUNDO]
 [MÚSICA DE FUNDO]
 [MÚSICA DE FUNDO]
 [MÚSICA DE FUNDO]
 [MÚSICA DE FUNDO]
 [MÚSICA DE FUNDO]
 [MÚSICA DE FUNDO]
 [MÚSICA DE FUNDO]
 [MÚSICA DE FUNDO]
 [MÚSICA DE FUNDO]
 [MÚSICA DE FUNDO]
 [MÚSICA DE FUNDO]
 [MÚSICA DE FUNDO]
 [MÚSICA DE FUNDO]
 [MÚSICA DE FUNDO]
 [MÚSICA]
 [MÚSICA DE FUNDO]
 [MÚSICA DE FUNDO]
 [Música]
 [MÚSICA DE FUNDO]
 [MÚSICA DE FUNDO]
 [MÚSICA DE FUNDO]
 [MÚSICA DE FUNDO]
 [MÚSICA DE FUNDO]
 [MÚSICA DE FUNDO]
 [MÚSICA DE FUNDO]
 [MÚSICA DE FUNDO]
 [MÚSICA DE FUNDO]
 [MÚSICA DE FUNDO]
 [MÚSICA DE FUNDO]
 [MÚSICA DE FUNDO]
 [MÚSICA DE FUNDO]
 [MÚSICA DE FUNDO]
 [MÚSICA DE FUNDO]
 [MÚSICA DE FUNDO]
 [MÚSICA DE FUNDO]
 [MÚSICA DE FUNDO]
 [MÚSICA DE FUNDO]
 [MÚSICA DE FUNDO]
 [MÚSICA DE FUNDO]
 [MÚSICA DE FUNDO]
 [MÚSICA DE FUNDO]
 [MÚSICA DE FUNDO]
 [MÚSICA DE FUNDO]
 [MÚSICA DE FUNDO]
 [MÚSICA DE FUNDO]
 [MÚSICA DE FUNDO]
 [MÚSICA DE FUNDO]
 [MÚSICA DE FUNDO]
 [MÚSICA DE FUNDO]
 [MÚSICA DE FUNDO]
 [MÚSICA DE FUNDO]
 [MÚSICA DE FUNDO]
 [MÚSICA DE FUNDO]
 [MÚSICA DE FUNDO]
 [MÚSICA DE FUNDO]
 [MÚSICA DE FUNDO]
 [MÚSICA DE FUNDO]
 [MÚSICA DE FUNDO]
 [MÚSICA DE FUNDO]
 [MÚSICA DE FUNDO]
 [MÚSICA DE FUNDO]
 [MÚSICA DE FUNDO]
 [MÚSICA DE FUNDO]
 [MÚSICA DE FUNDO]
 [MÚSICA DE FUNDO]
 [Música]
 [MÚSICA]
 [MÚSICA DE FUNDO]
 [MÚSICA DE FUNDO]
 [música]
 [MÚSICA DE FUNDO]
 [MÚSICA DE FUNDO]
 [Música]
 [MÚSICA DE FUNDO]
 [MÚSICA DE FUNDO]
 [Música]
 [MÚSICA DE FUNDO]
 [Música]
 [MÚSICA DE FUNDO]
 [Música]
 [MÚSICA DE FUNDO]
 [MÚSICA DE FUNDO]
 [MÚSICA DE FUNDO]
 [MÚSICA DE FUNDO]
 [MÚSICA DE FUNDO]
 [MÚSICA DE FUNDO]
 [MÚSICA DE FUNDO]
 [MÚSICA DE FUNDO]
 [MÚSICA DE FUNDO]
 [MÚSICA DE FUNDO]
 [MÚSICA DE FUNDO]
 [MÚSICA DE FUNDO]
 [MÚSICA DE FUNDO]
 [MÚSICA DE FUNDO]
 [MÚSICA DE FUNDO]
 [MÚSICA DE FUNDO]
 [MÚSICA DE FUNDO]
 [MÚSICA DE FUNDO]
 [MÚSICA DE FUNDO]
 [MÚSICA DE FUNDO]
 [MÚSICA DE FUNDO]
 [MÚSICA DE FUNDO]
 [MÚSICA DE FUNDO]
 [MÚSICA DE FUNDO]
 [MÚSICA DE FUNDO]
 [música]
 [MÚSICA DE FUNDO]
 [MÚSICA DE FUNDO]
 [MÚSICA DE FUNDO]
 [MÚSICA DE FUNDO]
 [MÚSICA DE FUNDO]
 [música]
 [MÚSICA DE FUNDO]
 [música]
 [MÚSICA DE FUNDO]
 [MÚSICA DE FUNDO]
 [MÚSICA DE FUNDO]
 [MÚSICA DE FUNDO]
 [MÚSICA DE FUNDO]
 [MÚSICA DE FUNDO]
 [MÚSICA DE FUNDO]
 [MÚSICA DE FUNDO]
 [MÚSICA DE FUNDO]
 [MÚSICA DE FUNDO]
 [MÚSICA DE FUNDO]
 [MÚSICA DE FUNDO]
 [MÚSICA DE FUNDO]
 [MÚSICA DE FUNDO]
 [Música]
 [Música]
 [Música]
 [Música]
 [Música]
 [música]
 [Música]
 [Música]
 [Música]
 [Música]
 [Música]
 [Música]
 [Música]
 [Música]
 [Música]
 [música]
 [Música]
 [Música]
 [MÚSICA DE FUNDO]
 [MÚSICA DE FUNDO]
 [MÚSICA DE FUNDO]
 [MÚSICA DE FUNDO]
 [MÚSICA DE FUNDO]
 [MÚSICA DE FUNDO]
 [MÚSICA DE FUNDO]
 [MÚSICA DE FUNDO]
 [MÚSICA DE FUNDO]
 [MÚSICA DE FUNDO]
 [MÚSICA DE FUNDO]
 [MÚSICA DE FUNDO]
 [MÚSICA DE FUNDO]
 [MÚSICA DE FUNDO]
 [MÚSICA DE FUNDO]
 [MÚSICA DE FUNDO]
 [MÚSICA DE FUNDO]
 [MÚSICA DE FUNDO]
 [Música]
 [MÚSICA DE FUNDO]
 [Música]
 [Música]
 [Música]
 [Música]
 [Música]
 [música]
 [música]
 [Música]
 [Música]
 [música]
 [Música]
 [Música]
 [MÚSICA DE FUNDO]
 [MÚSICA DE FUNDO]
 [MÚSICA DE FUNDO]
 [MÚSICA DE FUNDO]
 [MÚSICA DE FUNDO]
 [MÚSICA DE FUNDO]
 [MÚSICA DE FUNDO]
 [MÚSICA DE FUNDO]
 [MÚSICA DE FUNDO]
 [MÚSICA DE FUNDO]
 [MÚSICA DE FUNDO]
 [MÚSICA DE FUNDO]
 [MÚSICA DE FUNDO]
 [MÚSICA DE FUNDO]
 [MÚSICA DE FUNDO]
 [MÚSICA DE FUNDO]
 [MÚSICA DE FUNDO]
 [MÚSICA DE FUNDO]
 [MÚSICA DE FUNDO]
 [MÚSICA DE FUNDO]
 [MÚSICA DE FUNDO]
 [MÚSICA DE FUNDO]
 [MÚSICA DE FUNDO]
 [MÚSICA DE FUNDO]
 [MÚSICA DE FUNDO]
 [MÚSICA DE FUNDO]
 [MÚSICA DE FUNDO]
 [MÚSICA DE FUNDO]
 [MÚSICA DE FUNDO]
 [música]
 [MÚSICA DE FUNDO]
 [música]
 [MÚSICA DE FUNDO]
 [MÚSICA DE FUNDO]
 [MÚSICA DE FUNDO]
 [MÚSICA DE FUNDO]
 [MÚSICA DE FUNDO]
 [MÚSICA DE FUNDO]
 [MÚSICA DE FUNDO]
 [MÚSICA DE FUNDO]
 [MÚSICA DE FUNDO]
 [Música]
 [MÚSICA DE FUNDO]
 [Música]
 [música]
 [música]
 [música]
 [Música]
 [música]
 [Música]
 [música]
 [música]
 [música]
 [Música]
 [música]
 [música]
 [Música]
 [música]
 [música]
 [música]
 [música]
 [música]
 [Música]
 [música]
 [MÚSICA DE FUNDO]
 [MÚSICA DE FUNDO]
 [MÚSICA DE FUNDO]
 [MÚSICA DE FUNDO]
 [MÚSICA DE FUNDO]
 [MÚSICA DE FUNDO]
 [MÚSICA DE FUNDO]
 [MÚSICA DE FUNDO]
 [MÚSICA DE FUNDO]
 [MÚSICA DE FUNDO]
 [MÚSICA DE FUNDO]
 [MÚSICA DE FUNDO]
 [MÚSICA DE FUNDO]
 [MÚSICA DE FUNDO]
 [MÚSICA DE FUNDO]
 [MÚSICA DE FUNDO]
 [MÚSICA DE FUNDO]
 [MÚSICA DE FUNDO]
 [Música]
 [MÚSICA DE FUNDO]
 [MÚSICA DE FUNDO]
 [Música]
 [MÚSICA DE FUNDO]
 [Música]
 [Música]
 [Música]
 [MÚSICA DE FUNDO]
 [MÚSICA DE FUNDO]
 [Música]
 [Música]
 [Música]
 [Música]
 [MÚSICA DE FUNDO]
 [MÚSICA DE FUNDO]
 [MÚSICA DE FUNDO]
 [MÚSICA DE FUNDO]
 [MÚSICA DE FUNDO]
 [MÚSICA DE FUNDO]
 [MÚSICA DE FUNDO]
 [MÚSICA DE FUNDO]
 [MÚSICA DE FUNDO]
 [MÚSICA DE FUNDO]
 [MÚSICA DE FUNDO]
 [MÚSICA DE FUNDO]
 [MÚSICA DE FUNDO]
 [MÚSICA DE FUNDO]
 [Música]
 [Música]
 [Música]
 [Música]
 [Música]
 [MÚSICA DE FUNDO]
 [MÚSICA DE FUNDO]
 [MÚSICA DE FUNDO] [MÚSICA DE FUNDO]
 [MÚSICA DE FUNDO] [MÚSICA DE FUNDO]
 [MÚSICA DE FUNDO] [MÚSICA DE FUNDO]
 [MÚSICA DE FUNDO]
 [MÚSICA DE FUNDO]
 [MÚSICA DE FUNDO]
 [MÚSICA DE FUNDO]
 [MÚSICA DE FUNDO]
 [MÚSICA DE FUNDO]
 [MÚSICA DE FUNDO]
 [MÚSICA DE FUNDO]
 [MÚSICA DE FUNDO]
 [MÚSICA DE FUNDO]
 [MÚSICA DE FUNDO]
 [MÚSICA DE FUNDO]
 [MÚSICA DE FUNDO]
 [MÚSICA DE FUNDO]
 [MÚSICA DE FUNDO]
 [MÚSICA DE FUNDO]
 [MÚSICA DE FUNDO]
 [MÚSICA DE FUNDO]
 [MÚSICA DE FUNDO]
 [MÚSICA DE FUNDO]
 [MÚSICA DE FUNDO]
 [MÚSICA DE FUNDO]
 [MÚSICA DE FUNDO]
 [MÚSICA DE FUNDO]
 [MÚSICA DE FUNDO]
 [MÚSICA DE FUNDO]
 [MÚSICA DE FUNDO]
 [MÚSICA DE FUNDO]
 [MÚSICA DE FUNDO]
 [MÚSICA DE FUNDO]
 [MÚSICA DE FUNDO]
 [MÚSICA DE FUNDO]
 [MÚSICA DE FUNDO]
 [MÚSICA DE FUNDO]
 [MÚSICA DE FUNDO]
 [MÚSICA DE FUNDO]
 [MÚSICA DE FUNDO]
 [MÚSICA DE FUNDO]
 [MÚSICA DE FUNDO]
 [MÚSICA DE FUNDO]
 [MÚSICA DE FUNDO]
 [MÚSICA DE FUNDO]
 [MÚSICA DE FUNDO]
 [MÚSICA DE FUNDO]
 [MÚSICA DE FUNDO]
 [MÚSICA DE FUNDO]
 [MÚSICA DE FUNDO]
 [MÚSICA DE FUNDO]
 [MÚSICA DE FUNDO]
 [Música]
 [Música]
 [Música]
 [Música]
 [Música]
 [Música]
 [Música]
 [Música]
 [Música]
 [Música]
 [Música]
 [Música]
 [Música]
 [Música]
 [Música]
 [Música]
 [Música]
 [Música]
 [Música]
 [Música]
 [Música]
 [Música]
 [Música]
 [MÚSICA DE FUNDO]
 [MÚSICA DE FUNDO]
 [MÚSICA DE FUNDO]
 [MÚSICA DE FUNDO]
 [MÚSICA DE FUNDO]
 [MÚSICA DE FUNDO]
 [MÚSICA DE FUNDO]
 [MÚSICA DE FUNDO]
 [MÚSICA DE FUNDO]
 [MÚSICA DE FUNDO]
 [MÚSICA DE FUNDO]
 [MÚSICA DE FUNDO]
 [MÚSICA DE FUNDO]
 [MÚSICA DE FUNDO]
 [MÚSICA DE FUNDO]
 [MÚSICA DE FUNDO]
 [MÚSICA DE FUNDO]
 [MÚSICA DE FUNDO]
 [MÚSICA DE FUNDO]
 [MÚSICA DE FUNDO]
 [MÚSICA DE FUNDO]
 [MÚSICA DE FUNDO]
 [MÚSICA DE FUNDO]
 [MÚSICA DE FUNDO]
 [Música]
 [Música]
 [MÚSICA DE FUNDO]
 [Música]
 [MÚSICA DE FUNDO]
 [MÚSICA DE FUNDO]
 [Música]
 [Música]
 [MÚSICA DE FUNDO]
 [MÚSICA DE FUNDO]
 [MÚSICA DE FUNDO]
 [MÚSICA DE FUNDO]
 [MÚSICA DE FUNDO]
 [MÚSICA DE FUNDO]
 [MÚSICA DE FUNDO]
 [MÚSICA DE FUNDO]
 [MÚSICA DE FUNDO]
 [MÚSICA DE FUNDO]
 [MÚSICA DE FUNDO]
 [MÚSICA DE FUNDO]
 [MÚSICA DE FUNDO]
 [MÚSICA DE FUNDO]
 [MÚSICA DE FUNDO]
 [MÚSICA DE FUNDO]
 [MÚSICA DE FUNDO]
 [MÚSICA DE FUNDO]
 [MÚSICA DE FUNDO]
 [MÚSICA DE FUNDO]
 [MÚSICA DE FUNDO]
 [Música]
 [música]
 [Música]
 [Música]
 [Música]
 [MÚSICA DE FUNDO]
 [música]
 [Música]
 [música]
 [Música]
 [Música]
 [MÚSICA DE FUNDO]
 [MÚSICA DE FUNDO]
 [MÚSICA DE FUNDO]
 [MÚSICA DE FUNDO]
 [MÚSICA DE FUNDO]
 [MÚSICA DE FUNDO]
 [MÚSICA DE FUNDO]
 [MÚSICA DE FUNDO]
 [MÚSICA DE FUNDO]
 [MÚSICA DE FUNDO]
 [MÚSICA DE FUNDO]
 [MÚSICA DE FUNDO]
 [MÚSICA DE FUNDO]
 [Música]
 [Música]
 [MÚSICA DE FUNDO]
 [Música]
 [Música]
 [Música]
 [MÚSICA DE FUNDO]
 [Música]
 [Música]
 [Música]
 [Música]
 [Música]
 [Música]
 [música]
 [Música]
 [Música]
 [música]
 [Música]
 [Música]
 [MÚSICA DE FUNDO]
 [MÚSICA DE FUNDO]
 [MÚSICA DE FUNDO]
 [MÚSICA DE FUNDO]
 [MÚSICA DE FUNDO]
 [MÚSICA DE FUNDO]
 [MÚSICA DE FUNDO]
 [MÚSICA DE FUNDO]
 [MÚSICA DE FUNDO]
 [MÚSICA DE FUNDO]
 [MÚSICA DE FUNDO]
 [MÚSICA DE FUNDO]
 [MÚSICA DE FUNDO]
 [MÚSICA DE FUNDO]
 [MÚSICA DE FUNDO]
 [MÚSICA DE FUNDO]
 [MÚSICA DE FUNDO]
 [MÚSICA DE FUNDO]
 [MÚSICA DE FUNDO]
 [MÚSICA DE FUNDO]
 [MÚSICA DE FUNDO]
 [MÚSICA DE FUNDO]
 [MÚSICA DE FUNDO]
 [MÚSICA DE FUNDO]
 [MÚSICA DE FUNDO]
 [MÚSICA DE FUNDO]
 [MÚSICA DE FUNDO]
 [MÚSICA DE FUNDO]
 [Música]
 [música]
 [MÚSICA DE FUNDO]
 [Música]
 [MÚSICA DE FUNDO]
 [MÚSICA DE FUNDO]
 [MÚSICA DE FUNDO]
 [MÚSICA DE FUNDO]
 [MÚSICA DE FUNDO]
 [Música]
 [Música]
 [MÚSICA DE FUNDO]
 [Música]
 [Música]
 [MÚSICA DE FUNDO]
 [Música]
 [Música]
 [Música]
 [Música]
 [Música]
 [Música]
 [Música]
 [Música]
 [Música]
 [Música]
 [Música]
 [Música]
 [Música]
 [Música]
 [Música]
 [Música]
 [Música]
 [Música]
 [Música]
 [Música]
 [Música]
 [MÚSICA DE FUNDO]
 [MÚSICA DE FUNDO]
 [MÚSICA DE FUNDO]
 [MÚSICA DE FUNDO]
 [MÚSICA DE FUNDO]
 [MÚSICA DE FUNDO]
 [MÚSICA DE FUNDO]
 [MÚSICA DE FUNDO]
 [MÚSICA DE FUNDO]
 [Música]
 [Música]
 [MÚSICA DE FUNDO]
 [Música]
 [Música]
 [Música]
 [Música]
 [Música]
 [Música]
 [Música]
 [Música]
 [Música]
 [Música]
 [Música]
 [Música]
 [Música]
 [Música]
 [Música]
 [Música]
 [Música]
 [Música]
 [Música]
 [Música]
 [MÚSICA DE FUNDO]
 [MÚSICA DE FUNDO]
 [MÚSICA DE FUNDO]
 [MÚSICA DE FUNDO]
 [MÚSICA DE FUNDO]
 [MÚSICA DE FUNDO]
 [MÚSICA DE FUNDO]
 [MÚSICA DE FUNDO]
 [MÚSICA DE FUNDO]
 [MÚSICA DE FUNDO]
 [MÚSICA DE FUNDO]
 [MÚSICA DE FUNDO]
 [MÚSICA DE FUNDO]
 [MÚSICA DE FUNDO]
 [MÚSICA DE FUNDO]
 [MÚSICA DE FUNDO]
 [música]
 [MÚSICA DE FUNDO]
 [música]
 [música]
 [Música]
 [Música]
 [Música]
 [música]
 [Música]
 [música]
 [MÚSICA DE FUNDO]
 [Música]
 [Música]
 [música]
 [música]
 [música]
 [MÚSICA DE FUNDO]
 [MÚSICA DE FUNDO]
 [MÚSICA DE FUNDO]
 [MÚSICA DE FUNDO]
 [MÚSICA DE FUNDO]
 [MÚSICA DE FUNDO]
 [MÚSICA DE FUNDO]
 [MÚSICA DE FUNDO]
 [MÚSICA DE FUNDO]
 [MÚSICA DE FUNDO]
 [MÚSICA DE FUNDO]
 [MÚSICA DE FUNDO]
 [MÚSICA DE FUNDO]
 [MÚSICA DE FUNDO]
 [MÚSICA DE FUNDO]
 [MÚSICA DE FUNDO]
 [MÚSICA DE FUNDO]
 [MÚSICA DE FUNDO]
 [MÚSICA DE FUNDO]
 [MÚSICA DE FUNDO]
 [Música]
 [MÚSICA DE FUNDO]
 [MÚSICA DE FUNDO]
 [Música]
 [Música]
 [música]
 [MÚSICA DE FUNDO]
 [MÚSICA DE FUNDO]
 [MÚSICA DE FUNDO]
 [música]
 [música]
 [Música]
 [MÚSICA DE FUNDO]
 [MÚSICA DE FUNDO]
 [MÚSICA DE FUNDO]
 [MÚSICA DE FUNDO]
 [MÚSICA DE FUNDO]
 [MÚSICA DE FUNDO]
 [MÚSICA DE FUNDO]
 [MÚSICA DE FUNDO]
 [MÚSICA DE FUNDO]
 [MÚSICA DE FUNDO]
 [Música]
 [MÚSICA DE FUNDO]
 [MÚSICA DE FUNDO]
 [Música]
 [MÚSICA DE FUNDO]
 [Música]
 [Música]
 [MÚSICA DE FUNDO]
 [MÚSICA DE FUNDO]
 [MÚSICA DE FUNDO]
 [Música]
 [Música]
 [música]
 [Música]
 [Música]
 [Música]
 [Música]
 [música]
 [Música]
 [Música]
 [Música]
 [Música]
 [MÚSICA DE FUNDO]
 [MÚSICA DE FUNDO]
 [MÚSICA DE FUNDO]
 [MÚSICA DE FUNDO]
 [MÚSICA DE FUNDO]
 [MÚSICA DE FUNDO]
 [MÚSICA DE FUNDO]
 [MÚSICA DE FUNDO]
 [Música]
 [Música]
 [MÚSICA DE FUNDO]
 [MÚSICA DE FUNDO]
 [Música]
 [MÚSICA DE FUNDO]
 [Música]
 [Música]
 [Música]
 [Música]
 [Música]
 [Música]
 [Música]
 [Música]
 [Música]
 [Música]
 [Música]
 [Música]
 [Música]
 [Música]
 [Música]
 [Música]
 [Música]
 [Música]
 [MÚSICA DE FUNDO]
 [MÚSICA DE FUNDO]
 [MÚSICA DE FUNDO]
 [MÚSICA DE FUNDO]
 [MÚSICA DE FUNDO]
 [MÚSICA DE FUNDO]
 [MÚSICA DE FUNDO]
 [MÚSICA DE FUNDO]
 [MÚSICA DE FUNDO]
 [MÚSICA DE FUNDO]
 [MÚSICA DE FUNDO]
 [MÚSICA DE FUNDO]
 [MÚSICA DE FUNDO]
 [MÚSICA]
 [MÚSICA DE FUNDO]
 [MÚSICA]
 [MÚSICA DE FUNDO]
 [MÚSICA]
 [Música]
 [MÚSICA]
 [Música]
 [Música]
 [MÚSICA DE FUNDO]
 [Música]
 [MÚSICA DE FUNDO]
 [Música]
 [MÚSICA]
 [Música]
 [MÚSICA]
 [música]
 [Música]
 [música]
 [MÚSICA DE FUNDO]
 [MÚSICA DE FUNDO]
 [MÚSICA DE FUNDO]
 [MÚSICA DE FUNDO]
 [MÚSICA DE FUNDO]
 [MÚSICA DE FUNDO]
 [MÚSICA DE FUNDO]
 [MÚSICA DE FUNDO]
 [MÚSICA DE FUNDO]
 [MÚSICA DE FUNDO]
 [MÚSICA DE FUNDO]
 [MÚSICA DE FUNDO]
 [MÚSICA DE FUNDO]
 [MÚSICA DE FUNDO]
 [MÚSICA DE FUNDO]
 [MÚSICA DE FUNDO]
 [MÚSICA DE FUNDO]
 [MÚSICA DE FUNDO]
 [Música]
 [MÚSICA DE FUNDO]
 [Música]
 [MÚSICA DE FUNDO]
 [MÚSICA DE FUNDO]
 [Música]
 [MÚSICA DE FUNDO]
 [Música]
 [Música]
 [Música]
 [Música]
 [música]
 [música]
 [música]
 [MÚSICA DE FUNDO]
 [MÚSICA DE FUNDO]
 [MÚSICA DE FUNDO]
 [MÚSICA DE FUNDO]
 [MÚSICA DE FUNDO]
 [MÚSICA DE FUNDO]
 [MÚSICA DE FUNDO]
 [MÚSICA DE FUNDO]
 [MÚSICA DE FUNDO]
 [MÚSICA DE FUNDO]
 [MÚSICA DE FUNDO]
 [MÚSICA DE FUNDO]
 [MÚSICA DE FUNDO]
 [MÚSICA DE FUNDO]
 [MÚSICA DE FUNDO]
 [MÚSICA DE FUNDO]
 [MÚSICA DE FUNDO]
 [MÚSICA DE FUNDO]
 [MÚSICA DE FUNDO]
 [MÚSICA DE FUNDO]
 [MÚSICA DE FUNDO]
 [MÚSICA DE FUNDO]
 [MÚSICA DE FUNDO]
 [MÚSICA DE FUNDO]
 [MÚSICA DE FUNDO]
 [MÚSICA DE FUNDO]
 [MÚSICA DE FUNDO]
 [MÚSICA DE FUNDO]
 [MÚSICA DE FUNDO]
 [música]
 [MÚSICA DE FUNDO]
 [MÚSICA DE FUNDO]
 [MÚSICA DE FUNDO]
 [MÚSICA DE FUNDO]
 [MÚSICA DE FUNDO]
 [MÚSICA DE FUNDO]
 [MÚSICA DE FUNDO]
 [MÚSICA DE FUNDO]
 [MÚSICA DE FUNDO]
 [MÚSICA DE FUNDO]
 [MÚSICA DE FUNDO]
 [MÚSICA DE FUNDO]
 [MÚSICA DE FUNDO]
 [MÚSICA DE FUNDO]
 [música]
 [MÚSICA DE FUNDO]
 [música]
 [MÚSICA DE FUNDO]
 [MÚSICA]
 [música]
 [MÚSICA DE FUNDO]
 [música]
 [MÚSICA DE FUNDO]
 [MÚSICA DE FUNDO]
 [música]
 [MÚSICA DE FUNDO]
 [música]
 [música]
 [música]
 [MÚSICA DE FUNDO]
 [música]
 [música]
 [MÚSICA DE FUNDO]
 [música]
 [MÚSICA DE FUNDO]
 [MÚSICA DE FUNDO]
 [MÚSICA DE FUNDO]
 [MÚSICA DE FUNDO]
 [MÚSICA DE FUNDO]
 [MÚSICA DE FUNDO]
 [MÚSICA DE FUNDO]
 [MÚSICA DE FUNDO]
 [MÚSICA DE FUNDO]
 [MÚSICA DE FUNDO]
 [MÚSICA DE FUNDO]
 [MÚSICA DE FUNDO]
 [MÚSICA DE FUNDO]
 [MÚSICA DE FUNDO]
 [MÚSICA DE FUNDO]
 [MÚSICA DE FUNDO]
 [MÚSICA]
 [Música]
 [Música]
 [Música]
 [Música]
 [Música]
 [Música]
 [Música]
 [Música]
 [Música]
 [Música]
 [Música]
 [Música]
 [Música]
 [Música]
 [Música]
 [MÚSICA DE FUNDO]
 [MÚSICA DE FUNDO]
 [MÚSICA DE FUNDO]
 [MÚSICA DE FUNDO]
 [MÚSICA DE FUNDO]
 [MÚSICA DE FUNDO]
 [MÚSICA DE FUNDO]
 [MÚSICA DE FUNDO]
 [MÚSICA DE FUNDO]
 [MÚSICA DE FUNDO]
 [MÚSICA DE FUNDO]
 [MÚSICA]
 [MÚSICA DE FUNDO]
 [MÚSICA DE FUNDO]
 [Música]
 [MÚSICA DE FUNDO]
 [MÚSICA]
 [Música]
 [MÚSICA DE FUNDO]
 [MÚSICA DE FUNDO]
 [MÚSICA DE FUNDO]
 [MÚSICA DE FUNDO]
 [Música]
 [MÚSICA DE FUNDO]
 [Música]
 [música]
 [Música]
 [MÚSICA DE FUNDO]
 [Música]
 [Música]
 [Música]
 [Música]
 [MÚSICA DE FUNDO]
 [MÚSICA DE FUNDO]
 [MÚSICA DE FUNDO]
 [MÚSICA DE FUNDO]
 [MÚSICA DE FUNDO]
 [MÚSICA DE FUNDO]
 [MÚSICA DE FUNDO]
 [MÚSICA DE FUNDO]
 [MÚSICA DE FUNDO]
 [MÚSICA DE FUNDO]
 [MÚSICA DE FUNDO]
 [MÚSICA DE FUNDO]
 [MÚSICA DE FUNDO]
 [Música]
 [Música]
 [MÚSICA DE FUNDO]
 [MÚSICA]
 [Música]
 [MÚSICA DE FUNDO]
 [MÚSICA]
 [Música]
 [Música]
 [Música]
 [Música]
 [Música]
 [Música]
 [Música]
 [Música]
 [Música]
 [MÚSICA]
 [Música]
 [Música]
 [MÚSICA DE FUNDO]
 [MÚSICA DE FUNDO]
 [MÚSICA DE FUNDO]
 [MÚSICA DE FUNDO]
 [MÚSICA DE FUNDO]
 [MÚSICA DE FUNDO]
 [MÚSICA DE FUNDO]
 [MÚSICA DE FUNDO]
 [MÚSICA DE FUNDO]
 [MÚSICA DE FUNDO]
 [MÚSICA DE FUNDO]
 [MÚSICA DE FUNDO]
 [MÚSICA DE FUNDO]
 [MÚSICA DE FUNDO]
 [MÚSICA DE FUNDO]
 [MÚSICA DE FUNDO]
 [MÚSICA DE FUNDO]
 [MÚSICA DE FUNDO]
 [MÚSICA DE FUNDO]
 [MÚSICA DE FUNDO]
 [MÚSICA DE FUNDO]
 [MÚSICA DE FUNDO]
 [MÚSICA DE FUNDO]
 [MÚSICA DE FUNDO]
 [MÚSICA DE FUNDO]
 [MÚSICA DE FUNDO]
 [música]
 [MÚSICA]
 [MÚSICA]
 [MÚSICA]
 [MÚSICA DE FUNDO]
 [MÚSICA]
 [MÚSICA DE FUNDO]
 [MÚSICA DE FUNDO]
 [MÚSICA DE FUNDO]
 [MÚSICA DE FUNDO]
 [MÚSICA DE FUNDO]
 [MÚSICA DE FUNDO]
 [MÚSICA DE FUNDO]
 [MÚSICA DE FUNDO]
 [Música]
 [música]
 [música]
 [música]
 [música]
 [música]
 [música]
 [música]
 [música]
 [MÚSICA DE FUNDO]
 [música]
 [música]
 [Música]
 [MÚSICA DE FUNDO]
 [MÚSICA DE FUNDO]
 [MÚSICA DE FUNDO]
 [MÚSICA DE FUNDO]
 [MÚSICA DE FUNDO]
 [MÚSICA DE FUNDO]
 [MÚSICA DE FUNDO]
 [MÚSICA DE FUNDO]
 [MÚSICA DE FUNDO]
 [MÚSICA DE FUNDO]
 [MÚSICA DE FUNDO]
 [MÚSICA DE FUNDO]
 [MÚSICA DE FUNDO]
 [MÚSICA DE FUNDO]
 [MÚSICA DE FUNDO]
 [MÚSICA DE FUNDO]
 [MÚSICA DE FUNDO]
 [MÚSICA DE FUNDO]
 [MÚSICA DE FUNDO]
 [MÚSICA DE FUNDO]
 [MÚSICA DE FUNDO]
 [MÚSICA DE FUNDO]
 [MÚSICA DE FUNDO]
 [MÚSICA DE FUNDO]
 [MÚSICA DE FUNDO]
 [MÚSICA DE FUNDO]
 [MÚSICA]
 [MÚSICA DE FUNDO]
 [MÚSICA DE FUNDO]
 [MÚSICA]
 [MÚSICA DE FUNDO]
 [MÚSICA DE FUNDO]
 [MÚSICA DE FUNDO]
 [MÚSICA DE FUNDO]
 [MÚSICA DE FUNDO]
 [MÚSICA DE FUNDO]
 [MÚSICA DE FUNDO]
 [MÚSICA DE FUNDO]
 [MÚSICA]
 [MÚSICA DE FUNDO]
 [Música]
 [MÚSICA]
 [Música]
 [MÚSICA DE FUNDO]
 [MÚSICA DE FUNDO]
 [MÚSICA DE FUNDO]
 [Música]
 [Música]
 [Música]
 [MÚSICA DE FUNDO]
 [MÚSICA DE FUNDO]
 [MÚSICA DE FUNDO]
 [MÚSICA DE FUNDO]
 [MÚSICA DE FUNDO]
 [MÚSICA DE FUNDO]
 [Música]
 [Música]
 [Música]
 [MÚSICA DE FUNDO]
 [MÚSICA DE FUNDO]
 [MÚSICA DE FUNDO]
 [MÚSICA DE FUNDO]
 [MÚSICA DE FUNDO]
 [Música]
 [MÚSICA DE FUNDO]
 [MÚSICA DE FUNDO]
 [Música]
 [MÚSICA DE FUNDO]
 [Música]
 [MÚSICA DE FUNDO]
 [Música]
 [MÚSICA DE FUNDO]
 [Música]
 [MÚSICA DE FUNDO]
 [MÚSICA DE FUNDO]
 [MÚSICA DE FUNDO]
 [MÚSICA DE FUNDO]
 [MÚSICA DE FUNDO]
 [MÚSICA DE FUNDO]
 [MÚSICA DE FUNDO]
 [MÚSICA DE FUNDO]
 [MÚSICA DE FUNDO]
 [MÚSICA DE FUNDO]
 [MÚSICA DE FUNDO]
 [MÚSICA DE FUNDO]
 [MÚSICA DE FUNDO]
 [MÚSICA DE FUNDO]
 [MÚSICA DE FUNDO]
 [MÚSICA DE FUNDO]
 [MÚSICA DE FUNDO]
 [MÚSICA DE FUNDO]
 [MÚSICA DE FUNDO]
 [MÚSICA DE FUNDO]
 [MÚSICA DE FUNDO]
 [MÚSICA DE FUNDO]
 [MÚSICA DE FUNDO]
 [MÚSICA DE FUNDO]
 [MÚSICA DE FUNDO]
 [MÚSICA DE FUNDO]
 [MÚSICA DE FUNDO]
 [MÚSICA DE FUNDO]
 [MÚSICA DE FUNDO]
 [MÚSICA DE FUNDO]
 [MÚSICA DE FUNDO]
 [MÚSICA DE FUNDO]
 [MÚSICA DE FUNDO]
 [MÚSICA DE FUNDO]
 [MÚSICA DE FUNDO]
 [MÚSICA DE FUNDO]
 [MÚSICA DE FUNDO]
 [MÚSICA DE FUNDO]
 [MÚSICA DE FUNDO]
 [MÚSICA DE FUNDO]
 [MÚSICA DE FUNDO]
 [MÚSICA DE FUNDO]
 [MÚSICA DE FUNDO]
 [MÚSICA DE FUNDO]
 [MÚSICA DE FUNDO]
 [MÚSICA DE FUNDO]
 [MÚSICA DE FUNDO]
 [MÚSICA DE FUNDO]
 [MÚSICA DE FUNDO]
 [MÚSICA DE FUNDO]
 [MÚSICA DE FUNDO]
 [MÚSICA DE FUNDO]
 [MÚSICA DE FUNDO]
 [música]
 [MÚSICA DE FUNDO]
 [MÚSICA DE FUNDO]
 [MÚSICA DE FUNDO]
 [MÚSICA DE FUNDO]
 [MÚSICA DE FUNDO]
 [MÚSICA DE FUNDO]
 [MÚSICA DE FUNDO]
 [MÚSICA DE FUNDO]
 [MÚSICA DE FUNDO]
 [música]
 [MÚSICA DE FUNDO]
 [MÚSICA DE FUNDO]
 [MÚSICA DE FUNDO]
 [MÚSICA DE FUNDO]
 [MÚSICA DE FUNDO]
 [MÚSICA DE FUNDO]
 [MÚSICA DE FUNDO]
 [MÚSICA DE FUNDO]
 [MÚSICA DE FUNDO]
 [MÚSICA DE FUNDO]
 [MÚSICA DE FUNDO]
 [MÚSICA]
 [MÚSICA DE FUNDO]
 [MÚSICA DE FUNDO]
 [Música]
 [Música]
 [Música]
 [Música]
 [MÚSICA]
 [MÚSICA]
 [Música]
 [MÚSICA]
 [Música]
 [Música]
 [Música]
 [Música]
 [Música]
 [Música]
 [Música]
 [Música]
 [Música]
 [MÚSICA]
 [Música]
 [Música]
 [MÚSICA DE FUNDO]
 [MÚSICA DE FUNDO]
 [MÚSICA DE FUNDO]
 [MÚSICA DE FUNDO]
 [MÚSICA DE FUNDO]
 [MÚSICA DE FUNDO]
 [MÚSICA DE FUNDO]
 [MÚSICA DE FUNDO]
 [MÚSICA DE FUNDO]
 [MÚSICA DE FUNDO]
 [MÚSICA DE FUNDO]
 [MÚSICA DE FUNDO]
 [MÚSICA DE FUNDO]
 [MÚSICA DE FUNDO]
 [MÚSICA DE FUNDO]
 [MÚSICA DE FUNDO]
 [MÚSICA DE FUNDO]
 [MÚSICA DE FUNDO]
 [MÚSICA DE FUNDO]
 [MÚSICA DE FUNDO]
 [MÚSICA DE FUNDO]
 [MÚSICA DE FUNDO]
 [MÚSICA DE FUNDO]
 [MÚSICA DE FUNDO]
 [MÚSICA DE FUNDO]
 [MÚSICA DE FUNDO]
 [MÚSICA DE FUNDO]
 [MÚSICA DE FUNDO]
 [MÚSICA DE FUNDO]
 [MÚSICA DE FUNDO]
 [MÚSICA DE FUNDO]
 [MÚSICA DE FUNDO]
 [MÚSICA DE FUNDO]
 [MÚSICA DE FUNDO]
 [MÚSICA DE FUNDO]
 [MÚSICA DE FUNDO]
 [MÚSICA DE FUNDO]
 [MÚSICA DE FUNDO]
 [MÚSICA DE FUNDO]
 [MÚSICA DE FUNDO]
 [MÚSICA DE FUNDO]
 [MÚSICA DE FUNDO]
 [MÚSICA DE FUNDO]
 [MÚSICA DE FUNDO]
 [MÚSICA DE FUNDO]
 [MÚSICA DE FUNDO]
 [MÚSICA DE FUNDO]
 [MÚSICA DE FUNDO]
 [MÚSICA DE FUNDO]
 [MÚSICA DE FUNDO]
 [MÚSICA DE FUNDO]
 [MÚSICA DE FUNDO]
 [MÚSICA DE FUNDO]
 [MÚSICA DE FUNDO]
 [MÚSICA DE FUNDO]
 [MÚSICA DE FUNDO]
 [MÚSICA DE FUNDO]
 [MÚSICA DE FUNDO]
 [MÚSICA DE FUNDO]
 [MÚSICA DE FUNDO]
 [MÚSICA DE FUNDO]
 [MÚSICA DE FUNDO]
 [Música]
 [Música]
 [MÚSICA DE FUNDO]
 [MÚSICA DE FUNDO]
 [MÚSICA DE FUNDO]
 [MÚSICA DE FUNDO]
 [MÚSICA DE FUNDO]
 [MÚSICA DE FUNDO]
 [MÚSICA DE FUNDO]
 [MÚSICA DE FUNDO]
 [MÚSICA DE FUNDO]
 [MÚSICA DE FUNDO]
 [MÚSICA DE FUNDO]
 [MÚSICA DE FUNDO]
 [MÚSICA DE FUNDO]
 [MÚSICA DE FUNDO]
 [MÚSICA DE FUNDO]
 [MÚSICA DE FUNDO]
 [MÚSICA DE FUNDO]
 [MÚSICA DE FUNDO]
 [MÚSICA DE FUNDO]
 [MÚSICA DE FUNDO]
 [MÚSICA DE FUNDO]
 [MÚSICA DE FUNDO]
 [MÚSICA DE FUNDO]
 [MÚSICA DE FUNDO]
 [MÚSICA DE FUNDO]
 [MÚSICA DE FUNDO]
 [música]
 [música]
 [música]
 [música]
 [Música]
 [música]
 [MÚSICA DE FUNDO]
 [MÚSICA DE FUNDO]
 [MÚSICA DE FUNDO]
 [MÚSICA DE FUNDO]
 [MÚSICA DE FUNDO]
 [MÚSICA DE FUNDO]
 [MÚSICA DE FUNDO]
 [MÚSICA DE FUNDO]
 [MÚSICA DE FUNDO]
 [MÚSICA DE FUNDO]
 [MÚSICA DE FUNDO]
 [MÚSICA DE FUNDO]
 [MÚSICA DE FUNDO]
 [MÚSICA DE FUNDO]
 [MÚSICA DE FUNDO]
 [MÚSICA DE FUNDO]
 [MÚSICA DE FUNDO]
 [MÚSICA DE FUNDO]
 [MÚSICA DE FUNDO]
 [MÚSICA DE FUNDO]
 [MÚSICA DE FUNDO]
 [MÚSICA DE FUNDO]
 [MÚSICA DE FUNDO]
 [MÚSICA DE FUNDO]
 [Música]
 [MÚSICA DE FUNDO]
 [MÚSICA DE FUNDO]
 [MÚSICA DE FUNDO]
 [MÚSICA DE FUNDO]
 [MÚSICA DE FUNDO]
 [Música]
 [Música]
 [MÚSICA DE FUNDO]
 [MÚSICA DE FUNDO]
 [MÚSICA DE FUNDO]
 [MÚSICA DE FUNDO]
 [MÚSICA DE FUNDO]
 [MÚSICA DE FUNDO]
 [MÚSICA DE FUNDO]
 [MÚSICA DE FUNDO]
 [MÚSICA DE FUNDO]
 [MÚSICA DE FUNDO]
 [MÚSICA DE FUNDO]
 [MÚSICA DE FUNDO]
 [MÚSICA DE FUNDO]
 [MÚSICA DE FUNDO]
 [MÚSICA DE FUNDO]
 [MÚSICA DE FUNDO]
 [MÚSICA DE FUNDO]
 [MÚSICA DE FUNDO]
 [MÚSICA DE FUNDO]
 [MÚSICA DE FUNDO]
 [MÚSICA DE FUNDO]
 [MÚSICA DE FUNDO]
 [MÚSICA DE FUNDO]
 [MÚSICA DE FUNDO]
 [MÚSICA DE FUNDO]
 [MÚSICA DE FUNDO]
 [MÚSICA DE FUNDO]
 [MÚSICA DE FUNDO]
 [MÚSICA DE FUNDO]
 [MÚSICA DE FUNDO]
 [Música]
 [MÚSICA DE FUNDO]
 [MÚSICA DE FUNDO]
 [MÚSICA DE FUNDO]
 [MÚSICA DE FUNDO]
 [MÚSICA DE FUNDO]
 [MÚSICA DE FUNDO]
 [MÚSICA DE FUNDO]
 [MÚSICA DE FUNDO]
 [MÚSICA DE FUNDO]
 [MÚSICA DE FUNDO]
 [MÚSICA DE FUNDO]
 [MÚSICA DE FUNDO]
 [MÚSICA DE FUNDO]
 [MÚSICA DE FUNDO]
 [MÚSICA DE FUNDO]
 [MÚSICA DE FUNDO]
 [MÚSICA DE FUNDO]
 [MÚSICA]
 [Música]
 [Música]
 [MÚSICA DE FUNDO]
 [Música]
 [MÚSICA DE FUNDO]
 [Música]
 [Música]
 [MÚSICA DE FUNDO]
 [MÚSICA DE FUNDO]
 [Música]
 [MÚSICA DE FUNDO]
 [MÚSICA DE FUNDO]
 [Música]
 [Música]
 [MÚSICA DE FUNDO]
 [MÚSICA DE FUNDO]
 [MÚSICA DE FUNDO]
 [MÚSICA DE FUNDO]
 [MÚSICA DE FUNDO]
 [MÚSICA DE FUNDO]
 [MÚSICA DE FUNDO]
 [MÚSICA DE FUNDO]
 [MÚSICA DE FUNDO]
 [MÚSICA DE FUNDO]
 [MÚSICA DE FUNDO]
 [MÚSICA DE FUNDO]
 [Música]
 [Música]
 [Música]
 [Música]
 [Música]
 [Música]
 [Música]
 [Música]
 [Música]
 [Música]
 [Música]
 [Música]
 [Música]
 [Música]
 [Música]
 [Música]
 [Música]
 [Música]
 [Música]
 [Música]
 [Música]
 [MÚSICA DE FUNDO]
 [MÚSICA DE FUNDO]
 [MÚSICA DE FUNDO]
 [MÚSICA DE FUNDO]
 [MÚSICA DE FUNDO]
 [MÚSICA DE FUNDO]
 [MÚSICA DE FUNDO]
 [MÚSICA DE FUNDO]
 [MÚSICA DE FUNDO]
 [MÚSICA DE FUNDO]
 [MÚSICA DE FUNDO]
 [MÚSICA DE FUNDO]
 [MÚSICA DE FUNDO]
 [MÚSICA DE FUNDO]
 [MÚSICA DE FUNDO]
 [MÚSICA DE FUNDO]
 [MÚSICA DE FUNDO]
 [MÚSICA DE FUNDO]
 [MÚSICA DE FUNDO]
 [música]
 [MÚSICA DE FUNDO]
 [MÚSICA DE FUNDO]
 [MÚSICA DE FUNDO]
 [MÚSICA DE FUNDO]
 [MÚSICA DE FUNDO]
 [Música]
 [música]
 [música]
 [MÚSICA DE FUNDO]
 [música]
 [MÚSICA DE FUNDO]
 [MÚSICA DE FUNDO]
 [MÚSICA DE FUNDO]
 [MÚSICA DE FUNDO]
 [MÚSICA DE FUNDO]
 [MÚSICA DE FUNDO]
 [MÚSICA DE FUNDO]
 [MÚSICA DE FUNDO]
 [MÚSICA DE FUNDO]
 [MÚSICA DE FUNDO]
 [MÚSICA DE FUNDO]
 [MÚSICA DE FUNDO]
 [MÚSICA DE FUNDO]
 [MÚSICA DE FUNDO]
 [MÚSICA DE FUNDO]
 [MÚSICA DE FUNDO]
 [MÚSICA DE FUNDO]
 [MÚSICA DE FUNDO]
 [MÚSICA DE FUNDO]
 [MÚSICA DE FUNDO]
 [MÚSICA DE FUNDO]
 [MÚSICA DE FUNDO]
 [MÚSICA DE FUNDO]
 [MÚSICA DE FUNDO]
 [MÚSICA DE FUNDO]
 [MÚSICA DE FUNDO]
 [MÚSICA DE FUNDO]
 [MÚSICA DE FUNDO]
 [MÚSICA DE FUNDO]
 [MÚSICA DE FUNDO]
 [MÚSICA DE FUNDO]
 [MÚSICA DE FUNDO]
 [MÚSICA DE FUNDO]
 [MÚSICA DE FUNDO]
 [MÚSICA DE FUNDO]
 [MÚSICA DE FUNDO]
 [MÚSICA DE FUNDO]
 [MÚSICA DE FUNDO]
 [MÚSICA DE FUNDO]
 [MÚSICA DE FUNDO]
 [MÚSICA DE FUNDO]
 [MÚSICA DE FUNDO]
 [MÚSICA DE FUNDO]
 [MÚSICA DE FUNDO]
 [MÚSICA DE FUNDO]
 [MÚSICA DE FUNDO]
 [MÚSICA DE FUNDO]
 [MÚSICA DE FUNDO]
 [MÚSICA DE FUNDO]
 [MÚSICA DE FUNDO]
 [MÚSICA DE FUNDO]
 [MÚSICA DE FUNDO]
 [MÚSICA DE FUNDO]
 [MÚSICA DE FUNDO]
 [Música]
 [MÚSICA DE FUNDO]
 [MÚSICA]
 [MÚSICA DE FUNDO]
 [MÚSICA DE FUNDO]
 [Música]
 [MÚSICA]
 [MÚSICA DE FUNDO]
 [MÚSICA]
 [Música]
 [MÚSICA]
 [Música]
 [MÚSICA DE FUNDO]
 [MÚSICA DE FUNDO]
 [MÚSICA DE FUNDO]
 [MÚSICA DE FUNDO]
 [MÚSICA DE FUNDO]
 [MÚSICA DE FUNDO]
 [MÚSICA DE FUNDO]
 [MÚSICA DE FUNDO]
 [MÚSICA DE FUNDO]
 [MÚSICA DE FUNDO]
 [MÚSICA DE FUNDO]
 [MÚSICA DE FUNDO]
 [Música]
 [MÚSICA DE FUNDO]
 [MÚSICA DE FUNDO]
 [Música]
 [Música]
 [MÚSICA DE FUNDO]
 [Música]
 [Música]
 [Música]
 [Música]
 [Música]
 [Música]
 [Música]
 [Música]
 [Música]
 [Música]
 [Música]
 [música]
 [Música]
 [Música]
 [MÚSICA DE FUNDO]
 [MÚSICA DE FUNDO]
 [MÚSICA DE FUNDO]
 [MÚSICA DE FUNDO]
 [MÚSICA DE FUNDO]
 [MÚSICA DE FUNDO]
 [MÚSICA DE FUNDO]
 [MÚSICA DE FUNDO]
 [MÚSICA DE FUNDO]
 [MÚSICA DE FUNDO]
 [MÚSICA DE FUNDO]
 [MÚSICA DE FUNDO]
 [MÚSICA DE FUNDO]
 [MÚSICA DE FUNDO]
 [MÚSICA DE FUNDO]
 [MÚSICA DE FUNDO]
 [MÚSICA DE FUNDO]
 [Música]
 [Música]
 [música]
 [Música]
 [Música]
 [MÚSICA DE FUNDO]
 [Música]
 [Música]
 [Música]
 [Música]
 [Música]
 [Música]
 [música]
 [Música]
 [Música]
 [MÚSICA DE FUNDO]
 [MÚSICA DE FUNDO]
 [MÚSICA DE FUNDO]
 [MÚSICA DE FUNDO]
 [MÚSICA DE FUNDO]
 [MÚSICA DE FUNDO]
 [MÚSICA DE FUNDO]
 [MÚSICA DE FUNDO]
 [MÚSICA DE FUNDO]
 [MÚSICA DE FUNDO]
 [MÚSICA DE FUNDO]
 [MÚSICA DE FUNDO]
 [MÚSICA DE FUNDO]
 [MÚSICA DE FUNDO]
 [MÚSICA DE FUNDO]
 [Música]
 [MÚSICA]
 [Música]
 [Música]
 [Música]
 [Música]
 [MÚSICA DE FUNDO]
 [MÚSICA DE FUNDO]
 [Música]
 [Música]
 [Música]
 [música]
 [Música]
 [Música]
 [Música]
 [Música]
 [Música]
 [MÚSICA DE FUNDO]
 [MÚSICA DE FUNDO]
 [MÚSICA DE FUNDO]
 [MÚSICA DE FUNDO]
 [MÚSICA DE FUNDO]
 [MÚSICA DE FUNDO]
 [MÚSICA DE FUNDO]
 [MÚSICA DE FUNDO]
 [MÚSICA DE FUNDO]
 [MÚSICA DE FUNDO]
 [Música]
 [MÚSICA DE FUNDO]
 [MÚSICA DE FUNDO]
 [Música]
 [Música]
 [MÚSICA DE FUNDO]
 [Música]
 [Música]
 [Música]
 [Música]
 [Música]
 [Música]
 [Música]
 [Música]
 [Música]
 [Música]
 [Música]
 [Música]
 [Música]
 [Música]
 [Música]
 [Música]
 [MÚSICA DE FUNDO]
 [MÚSICA DE FUNDO]
 [MÚSICA DE FUNDO]
 [MÚSICA DE FUNDO]
 [MÚSICA DE FUNDO]
 [MÚSICA DE FUNDO]
 [MÚSICA DE FUNDO]
 [MÚSICA DE FUNDO]
 [MÚSICA DE FUNDO]
 [MÚSICA DE FUNDO]
 [MÚSICA DE FUNDO]
 [MÚSICA DE FUNDO]
 [MÚSICA DE FUNDO]
 [MÚSICA DE FUNDO]
 [MÚSICA DE FUNDO]
 [MÚSICA DE FUNDO]
 [MÚSICA DE FUNDO]
 [MÚSICA DE FUNDO]
 [MÚSICA DE FUNDO]
 [MÚSICA DE FUNDO]
 [MÚSICA DE FUNDO]
 [MÚSICA DE FUNDO]
 [MÚSICA DE FUNDO]
 [Música]
 [MÚSICA DE FUNDO]
 [MÚSICA DE FUNDO]
 [MÚSICA DE FUNDO]
 [MÚSICA DE FUNDO]
 [Música]
 [MÚSICA DE FUNDO]
 [MÚSICA DE FUNDO]
 [MÚSICA DE FUNDO]
 [MÚSICA DE FUNDO]
 [MÚSICA DE FUNDO]
 [MÚSICA DE FUNDO]
 [MÚSICA DE FUNDO]
 [MÚSICA DE FUNDO]
 [MÚSICA DE FUNDO]
 [MÚSICA DE FUNDO]
 [MÚSICA DE FUNDO]
 [MÚSICA DE FUNDO]
 [MÚSICA DE FUNDO]
 [MÚSICA DE FUNDO]
 [MÚSICA DE FUNDO]
 [MÚSICA DE FUNDO]
 [MÚSICA DE FUNDO]
 [MÚSICA DE FUNDO]
 [MÚSICA DE FUNDO]
 [MÚSICA DE FUNDO]
 [MÚSICA DE FUNDO]
 [MÚSICA DE FUNDO]
 [MÚSICA]
 [Música]
 [MÚSICA DE FUNDO]
 [MÚSICA DE FUNDO]
 [Música]
 [Música]
 [Música]
 [música]
 [MÚSICA DE FUNDO]
 [Música]
 [Música]
 [Música]
 [Música]
 [MÚSICA DE FUNDO]
 [MÚSICA DE FUNDO]
 [MÚSICA DE FUNDO]
 [MÚSICA DE FUNDO]
 [MÚSICA DE FUNDO]
 [MÚSICA DE FUNDO]
 [MÚSICA DE FUNDO]
 [MÚSICA DE FUNDO]
 [MÚSICA DE FUNDO]
 [MÚSICA DE FUNDO]
 [MÚSICA DE FUNDO]
 [MÚSICA DE FUNDO]
 [MÚSICA DE FUNDO]
 [MÚSICA DE FUNDO]
 [MÚSICA DE FUNDO]
 [MÚSICA DE FUNDO]
 [MÚSICA DE FUNDO]
 [MÚSICA DE FUNDO]
 [MÚSICA DE FUNDO]
 [MÚSICA DE FUNDO]
 [MÚSICA DE FUNDO]
 [MÚSICA DE FUNDO]
 [MÚSICA DE FUNDO]
 [MÚSICA DE FUNDO]
 [MÚSICA DE FUNDO]
 [MÚSICA DE FUNDO]
 [música]
 [música]
 [MÚSICA DE FUNDO]
 [MÚSICA DE FUNDO]
 [MÚSICA DE FUNDO]
 [música]
 [MÚSICA DE FUNDO]
 [MÚSICA DE FUNDO]
 [MÚSICA DE FUNDO]
 [MÚSICA DE FUNDO]
 [MÚSICA DE FUNDO]
 [MÚSICA DE FUNDO]
 [MÚSICA DE FUNDO]
 [MÚSICA DE FUNDO]
 [MÚSICA DE FUNDO]
 [MÚSICA DE FUNDO]
 [MÚSICA DE FUNDO]
 [MÚSICA DE FUNDO]
 [MÚSICA DE FUNDO]
 [MÚSICA DE FUNDO]
 [MÚSICA DE FUNDO]
 [MÚSICA DE FUNDO]
 [MÚSICA DE FUNDO]
 [MÚSICA DE FUNDO]
 [MÚSICA DE FUNDO]
 [MÚSICA DE FUNDO]
 [MÚSICA DE FUNDO]
 [MÚSICA DE FUNDO]
 [MÚSICA DE FUNDO]
 [MÚSICA DE FUNDO]
 [MÚSICA DE FUNDO]
 [MÚSICA DE FUNDO]
 [MÚSICA DE FUNDO]
 [MÚSICA DE FUNDO]
 [MÚSICA DE FUNDO]
 [música]
 [MÚSICA DE FUNDO]
 [MÚSICA DE FUNDO]
 [MÚSICA DE FUNDO]
 [MÚSICA DE FUNDO]
 [MÚSICA DE FUNDO]
 [MÚSICA DE FUNDO]
 [MÚSICA DE FUNDO]
 [MÚSICA DE FUNDO]
 [MÚSICA DE FUNDO]
 [MÚSICA DE FUNDO]
 [MÚSICA DE FUNDO]
 [MÚSICA DE FUNDO]
 [MÚSICA DE FUNDO]
 [MÚSICA DE FUNDO]
 [MÚSICA DE FUNDO]
 [MÚSICA DE FUNDO]
 [MÚSICA DE FUNDO]
 [MÚSICA DE FUNDO]
 [MÚSICA DE FUNDO]
 [Música]
 [Música]
 [MÚSICA DE FUNDO]
 [Música]
 [música]
 [MÚSICA DE FUNDO]
 [Música]
 [MÚSICA DE FUNDO]
 [Música]
 [MÚSICA DE FUNDO]
 [Música]
 [Música]
 [MÚSICA DE FUNDO]
 [MÚSICA DE FUNDO]
 [Música]
 [MÚSICA DE FUNDO]
 [MÚSICA DE FUNDO]
 [MÚSICA DE FUNDO]
 [MÚSICA DE FUNDO]
 [MÚSICA DE FUNDO]
 [MÚSICA DE FUNDO]
 [MÚSICA DE FUNDO]
 [MÚSICA DE FUNDO]
 [MÚSICA DE FUNDO]
 [MÚSICA DE FUNDO]
 [MÚSICA DE FUNDO]
 [MÚSICA DE FUNDO]
 [MÚSICA DE FUNDO]
 [MÚSICA DE FUNDO]
 [MÚSICA DE FUNDO]
 [MÚSICA DE FUNDO]
 [MÚSICA DE FUNDO]
 [MÚSICA DE FUNDO]
 [MÚSICA DE FUNDO]
 [MÚSICA DE FUNDO]
 [MÚSICA DE FUNDO]
 [MÚSICA DE FUNDO]
 [MÚSICA DE FUNDO]
 [MÚSICA DE FUNDO]
 [música]
 [música]
 [MÚSICA DE FUNDO]
 [MÚSICA DE FUNDO]
 [música]
 [música]
 [música]
 [música]
 [MÚSICA DE FUNDO]
 [MÚSICA DE FUNDO]
 [MÚSICA DE FUNDO]
 [MÚSICA DE FUNDO]
 [MÚSICA DE FUNDO]
 [MÚSICA DE FUNDO]
 [MÚSICA DE FUNDO]
 [MÚSICA DE FUNDO]
 [MÚSICA DE FUNDO]
 [MÚSICA DE FUNDO]
 [MÚSICA DE FUNDO]
 [MÚSICA DE FUNDO]
 [MÚSICA DE FUNDO]
 [MÚSICA DE FUNDO]
 [MÚSICA DE FUNDO]
 [MÚSICA DE FUNDO]
 [MÚSICA DE FUNDO]
 [MÚSICA DE FUNDO]
 [MÚSICA DE FUNDO]
 [MÚSICA DE FUNDO]
 [Música]
 [Música]
 [música]
 [MÚSICA DE FUNDO]
 [Música]
 [Música]
 [Música]
 [Música]
 [Música]
 [MÚSICA DE FUNDO]
 [Música]
 [Música]
 [MÚSICA DE FUNDO]
 [MÚSICA DE FUNDO]
 [MÚSICA DE FUNDO]
 [MÚSICA DE FUNDO]
 [MÚSICA DE FUNDO]
 [MÚSICA DE FUNDO]
 [MÚSICA DE FUNDO]
 [MÚSICA DE FUNDO]
 [MÚSICA DE FUNDO]
 [MÚSICA DE FUNDO]
 [MÚSICA DE FUNDO]
 [MÚSICA DE FUNDO]
 [MÚSICA DE FUNDO]
 [MÚSICA DE FUNDO]
 [MÚSICA DE FUNDO]
 [MÚSICA DE FUNDO]
 [MÚSICA DE FUNDO]
 [MÚSICA DE FUNDO]
 [MÚSICA DE FUNDO]
 [MÚSICA DE FUNDO]
 [MÚSICA DE FUNDO]
 [MÚSICA DE FUNDO]
 [música]
 [MÚSICA DE FUNDO]
 [MÚSICA DE FUNDO]
 [MÚSICA DE FUNDO]
 [MÚSICA DE FUNDO]
 [MÚSICA DE FUNDO]
 [MÚSICA DE FUNDO]
 [música]
 [MÚSICA DE FUNDO]
 [MÚSICA]
 [MÚSICA DE FUNDO]
 [MÚSICA DE FUNDO]
 [MÚSICA DE FUNDO]
 [MÚSICA DE FUNDO]
 [MÚSICA DE FUNDO]
 [MÚSICA DE FUNDO]
 [MÚSICA DE FUNDO]
 [MÚSICA DE FUNDO]
 [MÚSICA DE FUNDO]
 [MÚSICA DE FUNDO]
 [MÚSICA DE FUNDO]
 [MÚSICA DE FUNDO]
 [música]
 [MÚSICA DE FUNDO]
 [música]
 [MÚSICA DE FUNDO]
 [MÚSICA DE FUNDO]
 [MÚSICA DE FUNDO]
 [MÚSICA DE FUNDO]
 [música]
 [música]
 [música]
 [música]
 [música]
 [música]
 [música]
 [música]
 [música]
 [música]
 [música]
 [Música]
 [música]
 [MÚSICA DE FUNDO]
 [MÚSICA DE FUNDO]
 [MÚSICA DE FUNDO]
 [MÚSICA DE FUNDO]
 [MÚSICA DE FUNDO]
 [MÚSICA DE FUNDO]
 [MÚSICA DE FUNDO]
 [MÚSICA DE FUNDO]
 [MÚSICA DE FUNDO]
 [MÚSICA DE FUNDO]
 [MÚSICA DE FUNDO]
 [MÚSICA DE FUNDO]
 [MÚSICA DE FUNDO]
 [MÚSICA DE FUNDO]
 [MÚSICA DE FUNDO]
 [MÚSICA DE FUNDO]
 [MÚSICA DE FUNDO]
 [MÚSICA DE FUNDO]
 [MÚSICA DE FUNDO]
 [MÚSICA DE FUNDO]
 [MÚSICA DE FUNDO]
 [MÚSICA DE FUNDO]
 [MÚSICA DE FUNDO]
 [MÚSICA DE FUNDO]
 [MÚSICA DE FUNDO]
 [MÚSICA DE FUNDO]
 [MÚSICA DE FUNDO]
 [MÚSICA DE FUNDO]
 [Música]
 [MÚSICA DE FUNDO]
 [MÚSICA DE FUNDO]
 [música]
 [MÚSICA DE FUNDO]
 [MÚSICA DE FUNDO]
 [MÚSICA DE FUNDO]
 [MÚSICA DE FUNDO]
 [MÚSICA DE FUNDO]
 [MÚSICA DE FUNDO]
 [MÚSICA DE FUNDO]
 [MÚSICA DE FUNDO]
 [MÚSICA DE FUNDO]
 [MÚSICA DE FUNDO]
 [MÚSICA DE FUNDO]
 [MÚSICA DE FUNDO]
 [MÚSICA DE FUNDO]
 [MÚSICA DE FUNDO]
 [MÚSICA DE FUNDO]
 [MÚSICA DE FUNDO]
 [MÚSICA DE FUNDO]
 [MÚSICA DE FUNDO]
 [MÚSICA DE FUNDO]
 [MÚSICA DE FUNDO]
 [MÚSICA DE FUNDO]
 [MÚSICA DE FUNDO]
 [MÚSICA DE FUNDO]
 [MÚSICA DE FUNDO]
 [MÚSICA DE FUNDO]
 [MÚSICA DE FUNDO]
 [MÚSICA DE FUNDO]
 [MÚSICA DE FUNDO]
 [MÚSICA DE FUNDO]
 [música]
 [MÚSICA DE FUNDO]
 [música]
 [MÚSICA DE FUNDO]
 [MÚSICA DE FUNDO]
 [MÚSICA DE FUNDO]
 [MÚSICA DE FUNDO]
 [MÚSICA DE FUNDO]
 [MÚSICA DE FUNDO]
 [MÚSICA DE FUNDO]
 [MÚSICA DE FUNDO]
 [MÚSICA DE FUNDO]
 [Música]
 [MÚSICA DE FUNDO]
 [MÚSICA DE FUNDO]
 [MÚSICA DE FUNDO]
 [Música]
 [Música]
 [Música]
 [MÚSICA DE FUNDO]
 [Música]
 [Música]
 [MÚSICA DE FUNDO]
 [MÚSICA DE FUNDO]
 [MÚSICA DE FUNDO]
 [MÚSICA DE FUNDO]
 [MÚSICA DE FUNDO]
 [MÚSICA DE FUNDO]
 [MÚSICA DE FUNDO]
 [MÚSICA DE FUNDO]
 [MÚSICA DE FUNDO]
 [MÚSICA DE FUNDO]
 [MÚSICA DE FUNDO]
 [MÚSICA DE FUNDO]
 [MÚSICA DE FUNDO]
 [MÚSICA DE FUNDO]
 [MÚSICA DE FUNDO]
 [Música]
 [MÚSICA DE FUNDO]
 [MÚSICA DE FUNDO]
 [Música]
 [Música]
 [MÚSICA DE FUNDO]
 [MÚSICA DE FUNDO]
 [MÚSICA DE FUNDO]
 [MÚSICA DE FUNDO]
 [MÚSICA DE FUNDO]
 [MÚSICA DE FUNDO]
 [MÚSICA DE FUNDO]
 [MÚSICA DE FUNDO]
 [MÚSICA DE FUNDO]
 [MÚSICA DE FUNDO]
 [MÚSICA DE FUNDO]
 [MÚSICA DE FUNDO]
 [MÚSICA DE FUNDO]
 [MÚSICA DE FUNDO]
 [MÚSICA DE FUNDO]
 [MÚSICA DE FUNDO]
 [MÚSICA DE FUNDO]
 [MÚSICA DE FUNDO]
 [MÚSICA DE FUNDO]
 [MÚSICA DE FUNDO]
 [MÚSICA DE FUNDO]
 [MÚSICA DE FUNDO]
 [MÚSICA DE FUNDO]
 [Música]
 [MÚSICA DE FUNDO]
 [MÚSICA DE FUNDO]
 [MÚSICA DE FUNDO]
 [MÚSICA DE FUNDO]
 [MÚSICA DE FUNDO]
 [Música]
 [Música]
 [Música]
 [Música]
 [MÚSICA DE FUNDO]
 [Música]
 [Música]
 [MÚSICA DE FUNDO]
 [Música]
 [Música]
 [Música]
 [Música]
 [MÚSICA DE FUNDO]
 [MÚSICA DE FUNDO]
 [MÚSICA DE FUNDO]
 [MÚSICA DE FUNDO]
 [Música]
 [MÚSICA DE FUNDO]
 [Música]
 [MÚSICA DE FUNDO]
 [Música]
 [Música]
 [Música]
 [MÚSICA DE FUNDO]
 [MÚSICA DE FUNDO]
 [MÚSICA DE FUNDO]
 [Música]
 [MÚSICA DE FUNDO]
 [MÚSICA DE FUNDO]
 [MÚSICA DE FUNDO]
 [MÚSICA DE FUNDO]
 [MÚSICA DE FUNDO]
 [MÚSICA DE FUNDO]
 [MÚSICA DE FUNDO]
 [MÚSICA DE FUNDO]
 [MÚSICA DE FUNDO]
 [MÚSICA DE FUNDO]
 [MÚSICA DE FUNDO]
 [MÚSICA DE FUNDO]
 [MÚSICA DE FUNDO]
 [MÚSICA DE FUNDO]
 [MÚSICA DE FUNDO]
 [MÚSICA DE FUNDO]
 [MÚSICA DE FUNDO]
 [MÚSICA DE FUNDO]
 [MÚSICA DE FUNDO]
 [MÚSICA DE FUNDO]
 [MÚSICA DE FUNDO]
 [MÚSICA DE FUNDO]
 [MÚSICA DE FUNDO]
 [MÚSICA DE FUNDO]
 [MÚSICA DE FUNDO]
 [MÚSICA DE FUNDO]
 [MÚSICA DE FUNDO]
 [MÚSICA DE FUNDO]
 [MÚSICA DE FUNDO]
 [MÚSICA DE FUNDO]
 [MÚSICA DE FUNDO]
 [MÚSICA DE FUNDO]
 [MÚSICA DE FUNDO]
 [MÚSICA DE FUNDO]
 [MÚSICA DE FUNDO]
 [MÚSICA DE FUNDO]
 [MÚSICA DE FUNDO]
 [MÚSICA DE FUNDO]
 [MÚSICA DE FUNDO]
 [MÚSICA DE FUNDO]
 [MÚSICA DE FUNDO]
 [MÚSICA DE FUNDO]
 [MÚSICA DE FUNDO]
 [MÚSICA DE FUNDO]
 [MÚSICA DE FUNDO]
 [MÚSICA DE FUNDO]
 [MÚSICA DE FUNDO]
 [MÚSICA DE FUNDO]
 [MÚSICA DE FUNDO]
 [MÚSICA DE FUNDO]
 [MÚSICA DE FUNDO]
 [MÚSICA DE FUNDO]
 [MÚSICA DE FUNDO]
 [MÚSICA DE FUNDO]
 [MÚSICA DE FUNDO]
 [MÚSICA DE FUNDO]
 [MÚSICA DE FUNDO]
 [Música]
 [Música]
 [Música]
 [MÚSICA DE FUNDO]
 [Música]
 [Música]
 [MÚSICA DE FUNDO]
 [MÚSICA DE FUNDO]
 [MÚSICA DE FUNDO]
 [MÚSICA DE FUNDO]
 [MÚSICA DE FUNDO]
 [MÚSICA DE FUNDO]
 [MÚSICA DE FUNDO]
 [MÚSICA DE FUNDO]
 [MÚSICA DE FUNDO]
 [MÚSICA DE FUNDO]
 [MÚSICA DE FUNDO]
 [MÚSICA DE FUNDO]
 [MÚSICA DE FUNDO]
 [MÚSICA DE FUNDO]
 [MÚSICA DE FUNDO]
 [MÚSICA DE FUNDO]
 [MÚSICA DE FUNDO]
 [MÚSICA DE FUNDO]
 [MÚSICA DE FUNDO]
 [MÚSICA DE FUNDO]
 [MÚSICA DE FUNDO]
 [MÚSICA DE FUNDO]
 [MÚSICA DE FUNDO]
 [MÚSICA DE FUNDO]
 [MÚSICA DE FUNDO]
 [MÚSICA DE FUNDO]
 [MÚSICA DE FUNDO]
 [MÚSICA DE FUNDO]
 [MÚSICA DE FUNDO]
 [MÚSICA DE FUNDO]
 [MÚSICA]
 [MÚSICA]
 [música]
 [MÚSICA]
 [MÚSICA DE FUNDO]
 [MÚSICA DE FUNDO]
 [MÚSICA DE FUNDO]
 [MÚSICA DE FUNDO]
 [MÚSICA DE FUNDO]
 [MÚSICA DE FUNDO]
 [MÚSICA DE FUNDO]
 [MÚSICA DE FUNDO]
 [MÚSICA DE FUNDO]
 [MÚSICA DE FUNDO]
 [MÚSICA DE FUNDO]
 [MÚSICA DE FUNDO]
 [MÚSICA DE FUNDO]
 [MÚSICA DE FUNDO]
 [MÚSICA DE FUNDO]
 [MÚSICA DE FUNDO]
 [MÚSICA]
 [MÚSICA DE FUNDO]
 [MÚSICA DE FUNDO]
 [MÚSICA]
 [MÚSICA DE FUNDO]
 [MÚSICA DE FUNDO]
 [Música]
 [MÚSICA DE FUNDO]
 [Música]
 [Música]
 [Música]
 [MÚSICA DE FUNDO]
 [Música]
 [Música]
 [Música]
 [Música]
 [MÚSICA DE FUNDO]
 [MÚSICA DE FUNDO]
 [MÚSICA DE FUNDO]
 [MÚSICA DE FUNDO]
 [MÚSICA DE FUNDO]
 [MÚSICA DE FUNDO]
 [Música]
 [Música]
 [MÚSICA DE FUNDO]
 [MÚSICA]
 [MÚSICA DE FUNDO]
 [MÚSICA DE FUNDO]
 [Música]
 [Música]
 [Música]
 [Música]
 [música]
 [Música]
 [Música]
 [Música]
 [Música]
 [Música]
 [Música]
 [Música]
 [Música]
 [Música]
 [Música]
 [Música]
 [Música]
 [Música]
 [Música]
 [Música]
 [MÚSICA DE FUNDO]
 [MÚSICA DE FUNDO]
 [MÚSICA DE FUNDO]
 [MÚSICA DE FUNDO]
 [MÚSICA DE FUNDO]
 [MÚSICA DE FUNDO]
 [MÚSICA DE FUNDO]
 [MÚSICA DE FUNDO]
 [MÚSICA DE FUNDO]
 [MÚSICA DE FUNDO]
 [MÚSICA DE FUNDO]
 [MÚSICA DE FUNDO]
 [MÚSICA DE FUNDO]
 [MÚSICA DE FUNDO]
 [MÚSICA DE FUNDO]
 [MÚSICA DE FUNDO]
 [MÚSICA DE FUNDO]
 [MÚSICA DE FUNDO]
 [MÚSICA DE FUNDO]
 [MÚSICA DE FUNDO]
 [MÚSICA DE FUNDO]
 [MÚSICA DE FUNDO]
 [MÚSICA DE FUNDO]
 [MÚSICA DE FUNDO]
 [MÚSICA DE FUNDO]
 [MÚSICA DE FUNDO]
 [MÚSICA DE FUNDO]
 [MÚSICA]
 [MÚSICA DE FUNDO]
 [MÚSICA DE FUNDO]
 [MÚSICA DE FUNDO]
 [Música]
 [MÚSICA DE FUNDO]
 [MÚSICA DE FUNDO]
 [MÚSICA DE FUNDO]
 [MÚSICA DE FUNDO]
 [MÚSICA DE FUNDO]
 [MÚSICA DE FUNDO]
 [MÚSICA DE FUNDO]
 [MÚSICA DE FUNDO]
 [MÚSICA DE FUNDO]
 [MÚSICA DE FUNDO]
 [MÚSICA DE FUNDO]
 [MÚSICA DE FUNDO]
 [MÚSICA DE FUNDO]
 [MÚSICA DE FUNDO]
 [MÚSICA DE FUNDO]
 [MÚSICA DE FUNDO]
 [MÚSICA DE FUNDO]
 [MÚSICA DE FUNDO]
 [MÚSICA DE FUNDO]
 [MÚSICA DE FUNDO]
 [MÚSICA DE FUNDO]
 [MÚSICA DE FUNDO]
 [MÚSICA DE FUNDO]
 [MÚSICA DE FUNDO]
 [MÚSICA DE FUNDO]
 [MÚSICA DE FUNDO]
 [música]
 [MÚSICA DE FUNDO]
 [MÚSICA DE FUNDO]
 [música]
 [Música]
 [MÚSICA DE FUNDO]
 [MÚSICA DE FUNDO]
 [MÚSICA DE FUNDO]
 [MÚSICA DE FUNDO]
 [MÚSICA DE FUNDO]
 [MÚSICA DE FUNDO]
 [MÚSICA DE FUNDO]
 [MÚSICA DE FUNDO]
 [MÚSICA DE FUNDO]
 [MÚSICA DE FUNDO]
 [MÚSICA DE FUNDO]
 [MÚSICA DE FUNDO]
 [MÚSICA DE FUNDO]
 [MÚSICA DE FUNDO]
 [MÚSICA DE FUNDO]
 [MÚSICA DE FUNDO]
 [MÚSICA DE FUNDO]
 [MÚSICA DE FUNDO]
 [MÚSICA DE FUNDO]
 [MÚSICA DE FUNDO]
 [MÚSICA DE FUNDO]
 [música]
 [MÚSICA DE FUNDO]
 [MÚSICA DE FUNDO]
 [MÚSICA DE FUNDO]
 [Música]
 [Música]
 [MÚSICA DE FUNDO]
 [Música]
 [Música]
 [MÚSICA DE FUNDO]
 [Música]
 [Música]
 [MÚSICA DE FUNDO]
 [MÚSICA DE FUNDO]
 [MÚSICA DE FUNDO]
 [MÚSICA DE FUNDO]
 [MÚSICA DE FUNDO]
 [MÚSICA DE FUNDO]
 [MÚSICA DE FUNDO]
 [MÚSICA DE FUNDO]
 [MÚSICA DE FUNDO]
 [MÚSICA DE FUNDO]
 [MÚSICA DE FUNDO]
 [MÚSICA DE FUNDO]
 [MÚSICA DE FUNDO]
 [MÚSICA DE FUNDO]
 [MÚSICA DE FUNDO]
 [MÚSICA DE FUNDO]
 [MÚSICA DE FUNDO]
 [MÚSICA DE FUNDO]
 [MÚSICA DE FUNDO]
 [MÚSICA DE FUNDO]
 [MÚSICA DE FUNDO]
 [MÚSICA DE FUNDO]
 [MÚSICA DE FUNDO]
 [MÚSICA DE FUNDO]
 [MÚSICA DE FUNDO]
 [MÚSICA DE FUNDO]
 [MÚSICA DE FUNDO]
 [MÚSICA DE FUNDO]
 [MÚSICA DE FUNDO]
 [MÚSICA DE FUNDO]
 [MÚSICA DE FUNDO]
 [MÚSICA]
 [MÚSICA DE FUNDO]
 [MÚSICA DE FUNDO]
 [MÚSICA DE FUNDO]
 [MÚSICA DE FUNDO]
 [MÚSICA DE FUNDO]
 [MÚSICA DE FUNDO]
 [MÚSICA DE FUNDO]
 [MÚSICA DE FUNDO]
 [MÚSICA DE FUNDO]
 [MÚSICA DE FUNDO]
 [MÚSICA DE FUNDO]
 [MÚSICA DE FUNDO]
 [MÚSICA DE FUNDO]
 [MÚSICA DE FUNDO]
 [MÚSICA DE FUNDO]
 [MÚSICA DE FUNDO]
 [música]
 [MÚSICA DE FUNDO]
 [música]
 [música]
 [Música]
 [música]
 [música]
 [música]
 [música]
 [música]
 [música]
 [MÚSICA DE FUNDO]
 [MÚSICA DE FUNDO]
 [MÚSICA DE FUNDO]
 [MÚSICA DE FUNDO]
 [MÚSICA DE FUNDO]
 [MÚSICA DE FUNDO]
 [MÚSICA DE FUNDO]
 [MÚSICA DE FUNDO]
 [MÚSICA DE FUNDO]
 [MÚSICA DE FUNDO]
 [MÚSICA DE FUNDO]
 [MÚSICA DE FUNDO]
 [MÚSICA DE FUNDO]
 [MÚSICA DE FUNDO]
 [MÚSICA DE FUNDO]
 [MÚSICA DE FUNDO]
 [MÚSICA DE FUNDO]
 [MÚSICA DE FUNDO]
 [MÚSICA DE FUNDO]
 [MÚSICA DE FUNDO]
 [MÚSICA DE FUNDO]
 [MÚSICA DE FUNDO]
 [MÚSICA DE FUNDO]
 [MÚSICA DE FUNDO]
 [MÚSICA DE FUNDO]
 [MÚSICA DE FUNDO]
 [MÚSICA DE FUNDO]
 [MÚSICA DE FUNDO]
 [MÚSICA DE FUNDO]
 [Música]
 [Música]
 [Música]
 [MÚSICA DE FUNDO]
 [Música]
 [MÚSICA DE FUNDO]
 [Música]
 [Música]
 [MÚSICA DE FUNDO]
 [MÚSICA DE FUNDO]
 [MÚSICA DE FUNDO]
 [MÚSICA DE FUNDO]
 [MÚSICA DE FUNDO]
 [MÚSICA DE FUNDO]
 [MÚSICA DE FUNDO]
 [MÚSICA DE FUNDO]
 [MÚSICA DE FUNDO]
 [MÚSICA DE FUNDO]
 [MÚSICA DE FUNDO]
 [MÚSICA DE FUNDO]
 [MÚSICA DE FUNDO]
 [MÚSICA DE FUNDO]
 [MÚSICA DE FUNDO]
 [MÚSICA DE FUNDO]
 [MÚSICA DE FUNDO]
 [MÚSICA DE FUNDO]
 [MÚSICA DE FUNDO]
 [MÚSICA DE FUNDO]
 [MÚSICA DE FUNDO]
 [MÚSICA DE FUNDO]
 [MÚSICA DE FUNDO]
 [MÚSICA DE FUNDO]
 [MÚSICA DE FUNDO]
 [MÚSICA DE FUNDO]
 [MÚSICA DE FUNDO]
 [MÚSICA DE FUNDO]
 [MÚSICA DE FUNDO]
 [MÚSICA DE FUNDO]
 [MÚSICA DE FUNDO]
 [MÚSICA DE FUNDO]
 [MÚSICA DE FUNDO]
 [MÚSICA DE FUNDO]
 [MÚSICA DE FUNDO]
 [MÚSICA DE FUNDO]
 [MÚSICA DE FUNDO]
 [MÚSICA DE FUNDO]
 [MÚSICA DE FUNDO]
 [MÚSICA DE FUNDO]
 [MÚSICA DE FUNDO]
 [MÚSICA DE FUNDO]
 [MÚSICA DE FUNDO]
 [MÚSICA DE FUNDO]
 [MÚSICA DE FUNDO]
 [MÚSICA DE FUNDO]
 [MÚSICA DE FUNDO]
 [Música]
 [Música]
 [Música]
 [Música]
 [Música]
 [Música]
 [Música]
 [MÚSICA]
 [música]
 [MÚSICA DE FUNDO]
 [Música]
 [Música]
 [Música]
 [Música]
 [música]
 [Música]
 [música]
 [MÚSICA DE FUNDO]
 [MÚSICA DE FUNDO]
 [MÚSICA DE FUNDO]
 [MÚSICA DE FUNDO]
 [MÚSICA DE FUNDO]
 [MÚSICA DE FUNDO]
 [MÚSICA DE FUNDO]
 [MÚSICA DE FUNDO]
 [MÚSICA DE FUNDO]
 [MÚSICA DE FUNDO]
 [MÚSICA DE FUNDO]
 [MÚSICA DE FUNDO]
 [MÚSICA DE FUNDO]
 [MÚSICA DE FUNDO]
 [MÚSICA DE FUNDO]
 [MÚSICA DE FUNDO]
 [MÚSICA DE FUNDO]
 [MÚSICA DE FUNDO]
 [MÚSICA DE FUNDO]
 [MÚSICA DE FUNDO]
 [MÚSICA DE FUNDO]
 [MÚSICA DE FUNDO]
 [MÚSICA DE FUNDO]
 [MÚSICA DE FUNDO]
 [MÚSICA DE FUNDO]
 [MÚSICA DE FUNDO]
 [MÚSICA DE FUNDO]
 [MÚSICA DE FUNDO]
 [MÚSICA DE FUNDO]
 [MÚSICA DE FUNDO]
 [MÚSICA DE FUNDO]
 [Música]
 [MÚSICA DE FUNDO]
 [MÚSICA DE FUNDO]
 [MÚSICA DE FUNDO]
 [MÚSICA DE FUNDO]
 [MÚSICA DE FUNDO]
 [MÚSICA DE FUNDO]
 [MÚSICA DE FUNDO]
 [MÚSICA DE FUNDO]
 [MÚSICA DE FUNDO]
 [MÚSICA DE FUNDO]
 [MÚSICA DE FUNDO]
 [MÚSICA DE FUNDO]
 [MÚSICA DE FUNDO]
 [MÚSICA DE FUNDO]
 [MÚSICA DE FUNDO]
 [MÚSICA DE FUNDO]
 [MÚSICA DE FUNDO]
 [MÚSICA DE FUNDO]
 [MÚSICA DE FUNDO]
 [MÚSICA DE FUNDO]
 [MÚSICA DE FUNDO]
 [MÚSICA DE FUNDO]
 [MÚSICA DE FUNDO]
 [MÚSICA DE FUNDO]
 [MÚSICA DE FUNDO]
 [MÚSICA DE FUNDO]
 [Música]
 [MÚSICA DE FUNDO]
 [MÚSICA DE FUNDO]
 [MÚSICA DE FUNDO]
 [MÚSICA DE FUNDO]
 [Música]
 [MÚSICA DE FUNDO]
 [MÚSICA DE FUNDO]
 [MÚSICA DE FUNDO]
 [MÚSICA DE FUNDO]
 [MÚSICA DE FUNDO]
 [MÚSICA DE FUNDO]
 [MÚSICA DE FUNDO]
 [MÚSICA DE FUNDO]
 [MÚSICA DE FUNDO]
 [MÚSICA DE FUNDO]
 [MÚSICA DE FUNDO]
 [MÚSICA DE FUNDO]
 [MÚSICA DE FUNDO]
 [MÚSICA DE FUNDO] [MÚSICA DE FUNDO]
 [MÚSICA DE FUNDO]
 [MÚSICA DE FUNDO] [MÚSICA DE FUNDO]
 [MÚSICA DE FUNDO] [MÚSICA DE FUNDO]
 [MÚSICA DE FUNDO] [MÚSICA DE FUNDO]
 [MÚSICA DE FUNDO] [MÚSICA DE FUNDO]
 [MÚSICA DE FUNDO] [MÚSICA DE FUNDO]
 [MÚSICA DE FUNDO] [MÚSICA DE FUNDO]
 [MÚSICA DE FUNDO] [MÚSICA DE FUNDO]
 [MÚSICA DE FUNDO] [MÚSICA DE FUNDO]
 [MÚSICA DE FUNDO] [MÚSICA DE FUNDO]
 [MÚSICA DE FUNDO] [MÚSICA DE FUNDO]
 [MÚSICA DE FUNDO] [MÚSICA DE FUNDO]
 [MÚSICA DE FUNDO] [MÚSICA DE FUNDO]
 [MÚSICA DE FUNDO]
 [MÚSICA DE FUNDO] [MÚSICA DE FUNDO]
 [MÚSICA DE FUNDO] [MÚSICA DE FUNDO]
 [MÚSICA DE FUNDO]
 [MÚSICA DE FUNDO] [MÚSICA DE FUNDO]
 [MÚSICA DE FUNDO]
 [MÚSICA DE FUNDO]
 [MÚSICA DE FUNDO]
 [MÚSICA DE FUNDO]
 [MÚSICA DE FUNDO]
 [Música]
 [Música]
 [Música]
 [MÚSICA DE FUNDO]
 [Música]
 [Música]
 [Música]
 [Música]
 [Música]
 [Música]
 [MÚSICA DE FUNDO]
 [Música]
 [Música]
 [MÚSICA]
 [Música]
 [Música]
 [Música]
 [Música]
 [MÚSICA DE FUNDO]
 [Música]
 [Música]
 [Música]
 [Música]
 [Música]
 [Música]
 [Música]
 [Música]
 [MÚSICA DE FUNDO]
 [MÚSICA DE FUNDO]
 [MÚSICA DE FUNDO]
 [MÚSICA DE FUNDO]
 [MÚSICA DE FUNDO]
 [MÚSICA DE FUNDO]
 [MÚSICA DE FUNDO]
 [MÚSICA DE FUNDO]
 [MÚSICA DE FUNDO]
 [MÚSICA DE FUNDO]
 [MÚSICA DE FUNDO]
 [MÚSICA DE FUNDO]
 [MÚSICA]
 [MÚSICA DE FUNDO]
 [MÚSICA DE FUNDO]
 [MÚSICA DE FUNDO]
 [MÚSICA]
 [MÚSICA]
 [MÚSICA]
 [Música]
 [MÚSICA]
 [Música]
 (música)
 [MÚSICA]
 [Música]
 [Música]
 [MÚSICA]
 [Música]
 [MÚSICA]
 [MÚSICA DE FUNDO]
 [MÚSICA]
 [Música]
 [MÚSICA DE FUNDO]
 [MÚSICA DE FUNDO]
 [MÚSICA DE FUNDO]
 [MÚSICA DE FUNDO]
 [MÚSICA DE FUNDO]
 [MÚSICA DE FUNDO]
 [MÚSICA DE FUNDO]
 [MÚSICA DE FUNDO]
 [MÚSICA DE FUNDO]
 [MÚSICA DE FUNDO]
 [MÚSICA DE FUNDO]
 [Música]
 [Música]
 [MÚSICA DE FUNDO]
 [Música]
 [MÚSICA DE FUNDO]
 [MÚSICA DE FUNDO]
 [Música]
 [Música]
 [Música]
 [Música]
 [Música]
 [Música]
 [Música]
 [Música]
 [Música]
 [Música]
 [Música]
 [Música]
 [Música]
 [Música]
 [Música]
 [MÚSICA DE FUNDO]
 [MÚSICA DE FUNDO]
 [MÚSICA DE FUNDO]
 [MÚSICA DE FUNDO]
 [MÚSICA DE FUNDO]
 [MÚSICA DE FUNDO]
 [MÚSICA DE FUNDO]
 [MÚSICA DE FUNDO]
 [MÚSICA DE FUNDO]
 [MÚSICA DE FUNDO]
 [MÚSICA DE FUNDO]
 [MÚSICA DE FUNDO]
 [MÚSICA DE FUNDO]
 [Música]
 [MÚSICA DE FUNDO]
 [MÚSICA DE FUNDO]
 [MÚSICA]
 [MÚSICA DE FUNDO]
 [MÚSICA DE FUNDO]
 [MÚSICA DE FUNDO]
 [MÚSICA DE FUNDO]
 [MÚSICA DE FUNDO]
 [MÚSICA DE FUNDO]
 [MÚSICA DE FUNDO]
 [MÚSICA DE FUNDO]
 [MÚSICA DE FUNDO]
 [MÚSICA DE FUNDO]
 [MÚSICA DE FUNDO]
 [MÚSICA DE FUNDO]
 [MÚSICA DE FUNDO]
 [MÚSICA DE FUNDO]
 [MÚSICA DE FUNDO]
 [MÚSICA DE FUNDO]
 [MÚSICA DE FUNDO]
 [MÚSICA DE FUNDO]
 [MÚSICA DE FUNDO]
 [MÚSICA DE FUNDO]
 [MÚSICA DE FUNDO]
 [MÚSICA DE FUNDO]
 [MÚSICA DE FUNDO]
 [MÚSICA DE FUNDO]
 [MÚSICA DE FUNDO]
 [MÚSICA DE FUNDO]
 [MÚSICA DE FUNDO]
 [MÚSICA DE FUNDO]
 [MÚSICA DE FUNDO]
 [MÚSICA DE FUNDO]
 [MÚSICA DE FUNDO]
 [MÚSICA DE FUNDO]
 [MÚSICA DE FUNDO]
 [MÚSICA DE FUNDO]
 [MÚSICA DE FUNDO]
 [MÚSICA DE FUNDO]
 [MÚSICA DE FUNDO]
 [MÚSICA DE FUNDO]
 [MÚSICA DE FUNDO]
 [MÚSICA DE FUNDO]
 [MÚSICA DE FUNDO]
 [MÚSICA DE FUNDO]
 [MÚSICA DE FUNDO]
 [MÚSICA DE FUNDO]
 [MÚSICA DE FUNDO]
 [MÚSICA DE FUNDO]
 [MÚSICA DE FUNDO]
 [MÚSICA DE FUNDO]
 [MÚSICA DE FUNDO]
 [Música]
 [MÚSICA DE FUNDO]
 [Música]
 [Música]
 [Música]
 [Música]
 [Música]
 [Música]
 [Música]
 [Música]
 [Música]
 [Música]
 [Música]
 [Música]
 [Música]
 [Música]
 [Música]
 [Música]
 [Música]
 [Música]
 [Música]
 [Música]
 [Música]
 [Música]
 [Música]
 [Música]
 [Música]
 [Música]
 [Música]
 [Música]
 [MÚSICA DE FUNDO]
 [MÚSICA DE FUNDO]
 [MÚSICA DE FUNDO]
 [MÚSICA DE FUNDO]
 [MÚSICA DE FUNDO]
 [MÚSICA DE FUNDO]
 [MÚSICA DE FUNDO]
 [MÚSICA DE FUNDO]
 [MÚSICA DE FUNDO]
 [MÚSICA DE FUNDO]
 [MÚSICA DE FUNDO]
 [MÚSICA DE FUNDO]
 [MÚSICA DE FUNDO]
 [MÚSICA DE FUNDO]
 [MÚSICA DE FUNDO]
 [MÚSICA DE FUNDO]
 [MÚSICA DE FUNDO]
 [MÚSICA DE FUNDO]
 [MÚSICA DE FUNDO]
 [MÚSICA DE FUNDO]
 [MÚSICA DE FUNDO]
 [Música]
 [MÚSICA DE FUNDO]
 [MÚSICA DE FUNDO]
 [MÚSICA DE FUNDO]
 [MÚSICA DE FUNDO]
 [MÚSICA DE FUNDO]
 [MÚSICA DE FUNDO]
 [MÚSICA DE FUNDO]
 [MÚSICA DE FUNDO]
 [MÚSICA DE FUNDO]
 [MÚSICA DE FUNDO]
 [MÚSICA DE FUNDO]
 [MÚSICA DE FUNDO]
 [MÚSICA DE FUNDO]
 [MÚSICA DE FUNDO]
 [MÚSICA DE FUNDO]
 [MÚSICA DE FUNDO]
 [MÚSICA DE FUNDO]
 [MÚSICA DE FUNDO]
 [MÚSICA DE FUNDO]
 [MÚSICA DE FUNDO]
 [MÚSICA DE FUNDO]
 [MÚSICA DE FUNDO]
 [MÚSICA DE FUNDO]
 [MÚSICA DE FUNDO]
 [MÚSICA DE FUNDO]
 [MÚSICA DE FUNDO]
 [MÚSICA DE FUNDO]
 [MÚSICA DE FUNDO]
 [MÚSICA DE FUNDO]
 [MÚSICA DE FUNDO]
 [MÚSICA DE FUNDO]
 [MÚSICA DE FUNDO]
 [MÚSICA DE FUNDO]
 [MÚSICA DE FUNDO]
 [MÚSICA DE FUNDO]
 [MÚSICA DE FUNDO]
 [MÚSICA DE FUNDO]
 [MÚSICA DE FUNDO]
 [MÚSICA DE FUNDO]
 [MÚSICA DE FUNDO]
 [MÚSICA]
 [MÚSICA DE FUNDO]
 [MÚSICA DE FUNDO]
 [MÚSICA DE FUNDO]
 [MÚSICA DE FUNDO]
 [MÚSICA DE FUNDO]
 [MÚSICA DE FUNDO]
 [MÚSICA DE FUNDO]
 [MÚSICA DE FUNDO]
 [MÚSICA DE FUNDO]
 [MÚSICA DE FUNDO]
 [MÚSICA DE FUNDO]
 [MÚSICA DE FUNDO]
 [MÚSICA DE FUNDO]
 [MÚSICA DE FUNDO]
 [MÚSICA DE FUNDO]
 [MÚSICA DE FUNDO]
 [MÚSICA DE FUNDO]
 [MÚSICA DE FUNDO]
 [MÚSICA DE FUNDO]
 [MÚSICA DE FUNDO]
 [MÚSICA DE FUNDO]
 [MÚSICA DE FUNDO]
 [MÚSICA DE FUNDO]
 [MÚSICA DE FUNDO]
 [MÚSICA DE FUNDO]
 [MÚSICA DE FUNDO]
 [MÚSICA DE FUNDO]
 [MÚSICA DE FUNDO]
 *MÚSICA DE FUNDO*
 [MÚSICA DE FUNDO] [MÚSICA DE FUNDO]
 [MÚSICA DE FUNDO]
 *MÚSICA DE FUNDO*
 [MÚSICA DE FUNDO]
 [MÚSICA DE FUNDO]
 [MÚSICA DE FUNDO]
 [MÚSICA DE FUNDO]
 [MÚSICA DE FUNDO]
 [MÚSICA DE FUNDO]
 [MÚSICA DE FUNDO]
 [MÚSICA DE FUNDO]
 [MÚSICA DE FUNDO]
 [MÚSICA DE FUNDO]
 [MÚSICA DE FUNDO]
 [Música]
 [Música]
 [Música]
 [Música]
 [Música]
 [MÚSICA DE FUNDO]
 [Música]
 [Música]
 [Música]
 [Música]
 [Música]
 [Música]
 [Música]
 [Música]
 [Música]
 [Música]
 [Música]
 [Música]
 [Música]
 [Música]
 [Música]
 [Música]
 [MÚSICA DE FUNDO]
 [MÚSICA DE FUNDO]
 [MÚSICA DE FUNDO]
 [MÚSICA DE FUNDO]
 [MÚSICA DE FUNDO]
 [MÚSICA DE FUNDO]
 [MÚSICA DE FUNDO]
 [MÚSICA DE FUNDO]
 [MÚSICA DE FUNDO]
 [MÚSICA DE FUNDO]
 [MÚSICA DE FUNDO]
 [MÚSICA DE FUNDO]
 [MÚSICA DE FUNDO]
 [MÚSICA DE FUNDO]
 [MÚSICA DE FUNDO]
 [MÚSICA DE FUNDO]
 [MÚSICA DE FUNDO]
 [MÚSICA DE FUNDO]
 [MÚSICA DE FUNDO]
 [MÚSICA DE FUNDO]
 [MÚSICA DE FUNDO]
 [MÚSICA DE FUNDO]
 [MÚSICA DE FUNDO]
 [MÚSICA DE FUNDO]
 [MÚSICA DE FUNDO]
 [MÚSICA DE FUNDO]
 [MÚSICA DE FUNDO]
 [MÚSICA DE FUNDO]
 [MÚSICA DE FUNDO]
 [Música]
 [MÚSICA DE FUNDO]
 [MÚSICA DE FUNDO]
 [MÚSICA DE FUNDO]
 [MÚSICA DE FUNDO]
 [MÚSICA DE FUNDO]
 [MÚSICA DE FUNDO]
 [MÚSICA DE FUNDO]
 [MÚSICA DE FUNDO]
 [MÚSICA DE FUNDO]
 [MÚSICA DE FUNDO]
 [MÚSICA DE FUNDO]
 [MÚSICA DE FUNDO]
 [MÚSICA DE FUNDO]
 [MÚSICA DE FUNDO]
 [MÚSICA DE FUNDO]
 [MÚSICA DE FUNDO]
 [MÚSICA DE FUNDO]
 [MÚSICA DE FUNDO]
 [MÚSICA DE FUNDO]
 [MÚSICA DE FUNDO]
 [MÚSICA DE FUNDO]
 [MÚSICA DE FUNDO]
 [MÚSICA DE FUNDO]
 [MÚSICA DE FUNDO]
 [MÚSICA DE FUNDO]
 [MÚSICA DE FUNDO]
 [MÚSICA DE FUNDO]
 [MÚSICA DE FUNDO]
 [MÚSICA DE FUNDO]
 [MÚSICA DE FUNDO]
 [MÚSICA DE FUNDO]
 [MÚSICA DE FUNDO]
 [MÚSICA DE FUNDO]
 [MÚSICA DE FUNDO]
 [MÚSICA DE FUNDO]
 [MÚSICA DE FUNDO]
 [MÚSICA DE FUNDO]
 [MÚSICA DE FUNDO]
 [MÚSICA DE FUNDO]
 [MÚSICA DE FUNDO]
 [MÚSICA DE FUNDO]
 [MÚSICA DE FUNDO]
 [MÚSICA DE FUNDO]
 [MÚSICA DE FUNDO]
 [MÚSICA DE FUNDO]
 [MÚSICA DE FUNDO]
 [MÚSICA DE FUNDO]
 [MÚSICA DE FUNDO]
 [MÚSICA DE FUNDO]
 [MÚSICA DE FUNDO]
 [MÚSICA DE FUNDO]
 [MÚSICA DE FUNDO]
 [MÚSICA DE FUNDO]
 [MÚSICA DE FUNDO]
 [Música]
 [Música]
 (música)
 [MÚSICA DE FUNDO]
 [Música]
 [Música]
 (música)
 (música)
 (música)
 [Música]
 [MÚSICA]
 [Música]
 [MÚSICA DE FUNDO]
 [MÚSICA DE FUNDO]
 [MÚSICA DE FUNDO]
 [MÚSICA DE FUNDO]
 [MÚSICA DE FUNDO]
 [MÚSICA DE FUNDO]
 [MÚSICA DE FUNDO]
 [MÚSICA DE FUNDO]
 [MÚSICA DE FUNDO]
 [MÚSICA DE FUNDO]
 [MÚSICA DE FUNDO]
 [MÚSICA DE FUNDO]
 [Música]
 [Música]
 [MÚSICA DE FUNDO]
 [Música]
 [Música]
 [Música]
 [Música]
 [Música]
 [Música]
 [Música]
 [Música]
 [Música]
 [Música]
 [Música]
 [Música]
 [Música]
 [Música]
 [Música]
 [Música]
 [Música]
 [MÚSICA DE FUNDO]
 [MÚSICA DE FUNDO]
 [MÚSICA DE FUNDO]
 [MÚSICA DE FUNDO]
 [MÚSICA DE FUNDO]
 [MÚSICA DE FUNDO]
 [MÚSICA DE FUNDO]
 [MÚSICA DE FUNDO]
 [MÚSICA DE FUNDO]
 [MÚSICA DE FUNDO]
 [MÚSICA DE FUNDO]
 [MÚSICA DE FUNDO]
 [Música]
 [MÚSICA DE FUNDO]
 [MÚSICA DE FUNDO]
 [Música]
 [MÚSICA DE FUNDO]
 [Música]
 [Música]
 [música]
 [Música]
 [Música]
 [Música]
 [Música]
 [Música]
 [Música]
 [Música]
 [Música]
 [Música]
 [Música]
 [Música]
 [Música]
 [MÚSICA DE FUNDO]
 [MÚSICA DE FUNDO]
 [MÚSICA DE FUNDO]
 [MÚSICA DE FUNDO]
 [MÚSICA DE FUNDO]
 [MÚSICA DE FUNDO]
 [MÚSICA DE FUNDO]
 [MÚSICA DE FUNDO]
 [MÚSICA DE FUNDO]
 [MÚSICA DE FUNDO]
 [MÚSICA DE FUNDO]
 [MÚSICA DE FUNDO]
 [MÚSICA DE FUNDO]
 [MÚSICA DE FUNDO]
 [MÚSICA DE FUNDO]
 [MÚSICA DE FUNDO]
 [MÚSICA DE FUNDO]
 [MÚSICA DE FUNDO]
 [MÚSICA DE FUNDO]
 [MÚSICA DE FUNDO]
 [MÚSICA DE FUNDO]
 [MÚSICA DE FUNDO]
 [Música]
 [MÚSICA DE FUNDO]
 [Música]
 [Música]
 [MÚSICA DE FUNDO]
 [MÚSICA DE FUNDO]
 [MÚSICA DE FUNDO]
 [MÚSICA DE FUNDO]
 [MÚSICA DE FUNDO]
 [MÚSICA DE FUNDO]
 [MÚSICA DE FUNDO]
 [MÚSICA DE FUNDO]
 [MÚSICA DE FUNDO]
 [MÚSICA DE FUNDO]
 [MÚSICA DE FUNDO]
 [MÚSICA DE FUNDO]
 [MÚSICA DE FUNDO]
 [MÚSICA DE FUNDO]
 [MÚSICA DE FUNDO]
 [MÚSICA DE FUNDO]
 [MÚSICA DE FUNDO]
 [MÚSICA DE FUNDO]
 [MÚSICA DE FUNDO]
 [MÚSICA DE FUNDO]
 [MÚSICA DE FUNDO]
 [MÚSICA DE FUNDO]
 [MÚSICA DE FUNDO]
 [MÚSICA DE FUNDO]
 [MÚSICA DE FUNDO]
 [MÚSICA DE FUNDO]
 [Música]
 [MÚSICA DE FUNDO]
 [MÚSICA DE FUNDO]
 [MÚSICA DE FUNDO]
 [MÚSICA DE FUNDO]
 [MÚSICA DE FUNDO]
 [MÚSICA DE FUNDO]
 [MÚSICA DE FUNDO]
 [MÚSICA DE FUNDO]
 [MÚSICA]
 [MÚSICA DE FUNDO]
 [música]
 [MÚSICA DE FUNDO]
 [MÚSICA DE FUNDO]
 [MÚSICA DE FUNDO]
 [MÚSICA DE FUNDO]
 [MÚSICA DE FUNDO]
 [MÚSICA DE FUNDO]
 [MÚSICA DE FUNDO]
 [MÚSICA DE FUNDO]
 [MÚSICA DE FUNDO]
 [MÚSICA DE FUNDO]
 [MÚSICA DE FUNDO]
 [MÚSICA DE FUNDO]
 [música]
 [MÚSICA DE FUNDO]
 [MÚSICA DE FUNDO]
 [MÚSICA DE FUNDO]
 [música]
 [MÚSICA DE FUNDO]
 [MÚSICA DE FUNDO]
 [MÚSICA DE FUNDO]
 [MÚSICA DE FUNDO]
 [MÚSICA DE FUNDO]
 [MÚSICA DE FUNDO]
 [MÚSICA DE FUNDO]
 [MÚSICA DE FUNDO]
 [MÚSICA DE FUNDO]
 [MÚSICA DE FUNDO]
 [MÚSICA DE FUNDO]
 [MÚSICA DE FUNDO]
 [MÚSICA DE FUNDO]
 [MÚSICA DE FUNDO]
 [MÚSICA DE FUNDO]
 [MÚSICA DE FUNDO]
 [MÚSICA DE FUNDO]
 [MÚSICA DE FUNDO]
 [MÚSICA DE FUNDO]
 [MÚSICA DE FUNDO]
 [MÚSICA DE FUNDO]
 [MÚSICA DE FUNDO]
 [MÚSICA DE FUNDO]
 [MÚSICA DE FUNDO]
 [MÚSICA DE FUNDO]
 [MÚSICA DE FUNDO]
 [MÚSICA DE FUNDO]
 [MÚSICA DE FUNDO]
 [MÚSICA DE FUNDO]
 [MÚSICA DE FUNDO]
 [MÚSICA DE FUNDO]
 [MÚSICA DE FUNDO]
 [MÚSICA DE FUNDO]
 [MÚSICA DE FUNDO]
 [MÚSICA DE FUNDO]
 [MÚSICA DE FUNDO]
 [MÚSICA DE FUNDO]
 [MÚSICA DE FUNDO]
 [MÚSICA DE FUNDO]
 [MÚSICA DE FUNDO]
 [MÚSICA DE FUNDO]
 [MÚSICA DE FUNDO]
 [MÚSICA DE FUNDO]
 [MÚSICA DE FUNDO]
 [MÚSICA DE FUNDO]
 [MÚSICA DE FUNDO]
 [MÚSICA DE FUNDO]
 [MÚSICA DE FUNDO]
 [MÚSICA DE FUNDO]
 [MÚSICA DE FUNDO]
 [MÚSICA DE FUNDO]
 [MÚSICA DE FUNDO]
 [MÚSICA DE FUNDO]
 [MÚSICA DE FUNDO]
 [MÚSICA DE FUNDO]
 [MÚSICA DE FUNDO]
 [MÚSICA DE FUNDO]
 [MÚSICA DE FUNDO]
 [Música]
 [Música]
 [MÚSICA DE FUNDO]
 [Música]
 [Música]
 [Música]
 [Música]
 [Música]
 [Música]
 [Música]
 [Música]
 [Música]
 [Música]
 [Música]
 [Música]
 [MÚSICA]
 [Música]
 [Música]
 [Música]
 [Música]
 [Música]
 [MÚSICA DE FUNDO]
 [MÚSICA DE FUNDO]
 [MÚSICA DE FUNDO]
 [MÚSICA DE FUNDO]
 [Música]
 [Música]
 [Música]
 [MÚSICA DE FUNDO]
 [Música]
 [Música]
 [Música]
 [MÚSICA]
 [Música]
 [Música]
 [Música]
 [Música]
 [MÚSICA DE FUNDO]
 [Música]
 [Música]
 [MÚSICA DE FUNDO]
 [MÚSICA DE FUNDO]
 [MÚSICA DE FUNDO]
 [MÚSICA DE FUNDO]
 [MÚSICA DE FUNDO]
 [MÚSICA DE FUNDO]
 [Música]
 [Música]
 [Música]
 [Música]
 [Música]
 [Música]
 [Música]
 [MÚSICA DE FUNDO]
 [MÚSICA DE FUNDO]
 [MÚSICA DE FUNDO]
 [MÚSICA DE FUNDO]
 [MÚSICA DE FUNDO]
 [MÚSICA DE FUNDO]
 [MÚSICA DE FUNDO]
 [MÚSICA DE FUNDO]
 [MÚSICA DE FUNDO]
 [MÚSICA DE FUNDO]
 [MÚSICA DE FUNDO]
 [MÚSICA DE FUNDO]
 [MÚSICA DE FUNDO]
 [MÚSICA DE FUNDO]
 [Música]
 [Música]
 [MÚSICA DE FUNDO]
 [Música]
 [Música]
 [MÚSICA]
 [MÚSICA DE FUNDO]
 [MÚSICA DE FUNDO]
 [MÚSICA]
 [MÚSICA DE FUNDO]
 [MÚSICA DE FUNDO]
 [MÚSICA DE FUNDO]
 [Música]
 [MÚSICA DE FUNDO]
 [MÚSICA DE FUNDO]
 [MÚSICA DE FUNDO]
 [MÚSICA]
 [MÚSICA DE FUNDO]
 [MÚSICA DE FUNDO]
 [MÚSICA DE FUNDO]
 [MÚSICA DE FUNDO]
 [MÚSICA DE FUNDO]
 [MÚSICA DE FUNDO]
 [MÚSICA DE FUNDO]
 [MÚSICA DE FUNDO]
 [MÚSICA DE FUNDO]
 [MÚSICA DE FUNDO]
 [MÚSICA DE FUNDO]
 [MÚSICA DE FUNDO]
 [MÚSICA DE FUNDO]
 [MÚSICA DE FUNDO]
 [MÚSICA DE FUNDO]
 [MÚSICA DE FUNDO]
 [MÚSICA DE FUNDO]
 [MÚSICA DE FUNDO]
 [MÚSICA DE FUNDO]
 [MÚSICA DE FUNDO]
 [MÚSICA DE FUNDO]
 [Música]
 [MÚSICA DE FUNDO]
 [MÚSICA DE FUNDO]
 [MÚSICA DE FUNDO]
 [MÚSICA DE FUNDO]
 [MÚSICA DE FUNDO]
 [MÚSICA DE FUNDO]
 [MÚSICA DE FUNDO]
 [MÚSICA DE FUNDO]
 [MÚSICA DE FUNDO]
 [MÚSICA DE FUNDO]
 [MÚSICA]
 [MÚSICA DE FUNDO]
 [MÚSICA DE FUNDO]
 [MÚSICA DE FUNDO]
 [MÚSICA DE FUNDO]
 [MÚSICA DE FUNDO]
 [MÚSICA DE FUNDO]
 [MÚSICA DE FUNDO]
 [MÚSICA DE FUNDO]
 [MÚSICA DE FUNDO]
 [MÚSICA DE FUNDO]
 [MÚSICA DE FUNDO]
 [MÚSICA DE FUNDO]
 [MÚSICA DE FUNDO]
 [MÚSICA DE FUNDO]
 [MÚSICA DE FUNDO]
 [MÚSICA DE FUNDO]
 [MÚSICA DE FUNDO]
 [MÚSICA DE FUNDO]
 [MÚSICA DE FUNDO]
 [MÚSICA DE FUNDO]
 [MÚSICA]
 [MÚSICA DE FUNDO]
 [MÚSICA]
 [MÚSICA]
 [MÚSICA DE FUNDO]
 *música*
 [MÚSICA DE FUNDO]
 [MÚSICA]
 [MÚSICA]
 [MÚSICA]
 [MÚSICA DE FUNDO]
 [MÚSICA]
 [MÚSICA DE FUNDO]
 [MÚSICA DE FUNDO]
 [MÚSICA DE FUNDO]
 [MÚSICA DE FUNDO]
 [MÚSICA DE FUNDO]
 [MÚSICA DE FUNDO]
 [Música]
 [MÚSICA DE FUNDO]
 [Música]
 [Música]
 [MÚSICA DE FUNDO]
 [Música]
 [Música]
 [Música]
 [Música]
 [Música]
 [Música]
 [Música]
 [Música]
 [Música]
 [Música]
 [Música]
 [Música]
 [Música]
 [Música]
 [Música]
 [Música]
 [Música]
 [Música]
 [Música]
 [Música]
 [Música]
 [MÚSICA DE FUNDO]
 [MÚSICA DE FUNDO]
 [MÚSICA DE FUNDO]
 [MÚSICA DE FUNDO]
 [MÚSICA DE FUNDO]
 [MÚSICA DE FUNDO]
 [MÚSICA DE FUNDO]
 [MÚSICA DE FUNDO]
 [MÚSICA DE FUNDO]
 [MÚSICA DE FUNDO]
 [MÚSICA DE FUNDO]
 [MÚSICA DE FUNDO]
 [MÚSICA DE FUNDO]
 [MÚSICA DE FUNDO]
 [MÚSICA DE FUNDO]
 [MÚSICA DE FUNDO]
 [MÚSICA DE FUNDO]
 [MÚSICA DE FUNDO]
 [MÚSICA DE FUNDO]
 [MÚSICA DE FUNDO]
 [MÚSICA DE FUNDO]
 [MÚSICA DE FUNDO]
 [MÚSICA]
 [MÚSICA DE FUNDO]
 [MÚSICA DE FUNDO]
 [MÚSICA DE FUNDO]
 [Música]
 [MÚSICA]
 [MÚSICA]
 (música)
 (música)
 [MÚSICA]
 [MÚSICA DE FUNDO]
 [MÚSICA DE FUNDO]
 [MÚSICA DE FUNDO]
 *MÚSICA DE FUNDO*
 [MÚSICA DE FUNDO]
 *cantando*
 *cantando*
 *cantando*
 *claro*
 *cantando*
 [CLEARS THROAT]
 [CLEARS THROP]
 [MÚSICA DE FUNDO]
 [MÚSICA DE FUNDO]
 [CLEARS THROP]
 [CLEARS THROP]
 *cantando*
 *cantando*
 [MÚSICA DE FUNDO]
 *cantando*
 [MÚSICA DE FUNDO]
 *cantando*
 [MÚSICA DE FUNDO]
 [CLEARS THROAT]
 [CLEARS THROAT]
 [MÚSICA DE FUNDO]
 [CLEARS THROAT]
 [MÚSICA DE FUNDO]
 *Clears*
 [MÚSICA DE FUNDO]
 *Clears*
 [MÚSICA DE FUNDO]
 [MÚSICA DE FUNDO]
 [MÚSICA DE FUNDO]
 [Música]
 [MÚSICA DE FUNDO]
 [Música]
 [Música]
 [MÚSICA DE FUNDO]
 [Música]
 [MÚSICA DE FUNDO]
 [MÚSICA DE FUNDO]
 [MÚSICA DE FUNDO]
 [MÚSICA DE FUNDO]
 [MÚSICA DE FUNDO]
 [MÚSICA DE FUNDO]
 [MÚSICA DE FUNDO]
 [MÚSICA DE FUNDO]
 [MÚSICA DE FUNDO]
 [MÚSICA DE FUNDO]
 [MÚSICA DE FUNDO]
 [MÚSICA DE FUNDO]
 [MÚSICA DE FUNDO]
 [MÚSICA DE FUNDO]
 [MÚSICA DE FUNDO]
 [MÚSICA DE FUNDO]
 [MÚSICA DE FUNDO]
 [MÚSICA DE FUNDO]
 [MÚSICA DE FUNDO]
 [MÚSICA DE FUNDO]
 [MÚSICA DE FUNDO]
 [MÚSICA DE FUNDO]
 [MÚSICA DE FUNDO]
 [MÚSICA DE FUNDO]
 [MÚSICA DE FUNDO]
 [MÚSICA DE FUNDO]
 [MÚSICA DE FUNDO]
 [MÚSICA DE FUNDO]
 [MÚSICA DE FUNDO]
 [MÚSICA DE FUNDO]
 [MÚSICA DE FUNDO]
 [MÚSICA DE FUNDO]
 [MÚSICA DE FUNDO]
 [MÚSICA DE FUNDO]
 [MÚSICA DE FUNDO]
 [MÚSICA DE FUNDO]
 [MÚSICA DE FUNDO]
 [MÚSICA DE FUNDO]
 [MÚSICA DE FUNDO]
 [MÚSICA DE FUNDO]
 [MÚSICA DE FUNDO]
 [MÚSICA DE FUNDO]
 [MÚSICA DE FUNDO]
 [MÚSICA DE FUNDO]
 [MÚSICA DE FUNDO]
 [MÚSICA DE FUNDO]
 [MÚSICA DE FUNDO]
 [MÚSICA DE FUNDO]
 [MÚSICA DE FUNDO]
 [MÚSICA DE FUNDO]
 [MÚSICA DE FUNDO]
 [MÚSICA DE FUNDO]
 [MÚSICA DE FUNDO]
 [MÚSICA DE FUNDO]
 [MÚSICA DE FUNDO]
 [MÚSICA DE FUNDO]
 [MÚSICA DE FUNDO]
 [MÚSICA DE FUNDO]
 [MÚSICA DE FUNDO]
 [MÚSICA DE FUNDO]
 [Música]
 [MÚSICA DE FUNDO]
 [Música]
 [Música]
 [MÚSICA DE FUNDO]
 [MÚSICA DE FUNDO]
 [MÚSICA DE FUNDO]
 [MÚSICA DE FUNDO]
 [Música]
 [Música]
 [Música]
 [Música]
 [Música]
 [Música]
 [Música]
 [Música]
 [Música]
 [Música]
 [Música]
 [Música]
 [Música]
 [Música]
 [Música]
 [Música]
 [Música]
 [Música]
 [Música]
 [MÚSICA]
 [MÚSICA DE FUNDO]
 [MÚSICA DE FUNDO]
 [MÚSICA DE FUNDO]
 [MÚSICA DE FUNDO]
 [MÚSICA DE FUNDO]
 [MÚSICA DE FUNDO]
 [MÚSICA DE FUNDO]
 [MÚSICA DE FUNDO]
 [MÚSICA DE FUNDO]
 [MÚSICA DE FUNDO]
 [MÚSICA DE FUNDO]
 [MÚSICA DE FUNDO]
 [MÚSICA DE FUNDO]
 [MÚSICA DE FUNDO]
 [MÚSICA DE FUNDO]
 [MÚSICA DE FUNDO]
 [MÚSICA DE FUNDO]
 [MÚSICA DE FUNDO]
 [MÚSICA DE FUNDO]
 [MÚSICA DE FUNDO]
 [MÚSICA DE FUNDO]
 [MÚSICA DE FUNDO]
 [MÚSICA DE FUNDO]
 [MÚSICA DE FUNDO]
 [MÚSICA DE FUNDO]
 [MÚSICA DE FUNDO]
 [MÚSICA DE FUNDO]
 [MÚSICA DE FUNDO]
 [MÚSICA DE FUNDO]
 [MÚSICA DE FUNDO]
 [Música]
 [MÚSICA DE FUNDO]
 [MÚSICA DE FUNDO]
 [MÚSICA DE FUNDO]
 [MÚSICA DE FUNDO]
 [MÚSICA DE FUNDO]
 [MÚSICA DE FUNDO]
 [MÚSICA DE FUNDO]
 [MÚSICA DE FUNDO]
 [MÚSICA DE FUNDO]
 [MÚSICA DE FUNDO]
 [MÚSICA DE FUNDO]
 [MÚSICA DE FUNDO]
 [MÚSICA DE FUNDO]
 [MÚSICA DE FUNDO]
 [MÚSICA DE FUNDO]
 [Música]
 [Música]
 [Música]
 [Música]
 [MÚSICA DE FUNDO]
 [MÚSICA DE FUNDO]
 [MÚSICA DE FUNDO]
 [MÚSICA DE FUNDO]
 [MÚSICA DE FUNDO]
 [MÚSICA DE FUNDO]
 [Música]
 [MÚSICA DE FUNDO]
 [MÚSICA DE FUNDO]
 [MÚSICA DE FUNDO]
 [Música]
 [MÚSICA DE FUNDO]
 [MÚSICA DE FUNDO]
 [MÚSICA DE FUNDO]
 [MÚSICA DE FUNDO]
 [MÚSICA DE FUNDO]
 [MÚSICA DE FUNDO]
 [MÚSICA DE FUNDO]
 [MÚSICA DE FUNDO]
 [MÚSICA DE FUNDO]
 [MÚSICA DE FUNDO]
 [MÚSICA DE FUNDO]
 [MÚSICA DE FUNDO]
 [Música]
 [Música]
 [Música]
 [Música]
 [Música]
 [Música]
 [Música]
 [Música]
 [Música]
 [Música]
 [MÚSICA DE FUNDO]
 [MÚSICA DE FUNDO]
 [MÚSICA DE FUNDO]
 [Música]
 [Música]
 [Música]
 [Música]
 [Música]
 [Música]
 [Música]
 [MÚSICA DE FUNDO]
 [Música]
 [Música]
 [MÚSICA DE FUNDO]
 [MÚSICA DE FUNDO]
 [MÚSICA DE FUNDO]
 [MÚSICA DE FUNDO]
 [MÚSICA DE FUNDO]
 [MÚSICA DE FUNDO]
 [MÚSICA DE FUNDO]
 [MÚSICA DE FUNDO]
 [MÚSICA DE FUNDO]
 [MÚSICA DE FUNDO]
 [MÚSICA DE FUNDO]
 [MÚSICA DE FUNDO]
 [Música]
 [MÚSICA DE FUNDO]
 [MÚSICA DE FUNDO]
 [Música]
 [Música]
 [Música]
 [Música]
 [Música]
 [Música]
 [Música]
 [Música]
 [Música]
 [Música]
 [Música]
 [Música]
 [Música]
 [Música]
 [Música]
 [Música]
 [Música]
 [MÚSICA DE FUNDO]
 [MÚSICA DE FUNDO]
 [MÚSICA DE FUNDO]
 [MÚSICA DE FUNDO]
 [MÚSICA DE FUNDO]
 [MÚSICA DE FUNDO]
 [MÚSICA DE FUNDO]
 [MÚSICA DE FUNDO]
 [MÚSICA DE FUNDO]
 [MÚSICA DE FUNDO]
 [MÚSICA DE FUNDO]
 [MÚSICA DE FUNDO]
 [MÚSICA DE FUNDO]
 [MÚSICA DE FUNDO]
 [MÚSICA DE FUNDO]
 [MÚSICA DE FUNDO]
 [Música]
 [Música]
 [Música]
 [MÚSICA DE FUNDO]
 [Música]
 [Música]
 [Música]
 [MÚSICA DE FUNDO]
 [Música]
 [Música]
 [MÚSICA DE FUNDO]
 [MÚSICA DE FUNDO]
 [MÚSICA DE FUNDO]
 [Música]
 [Música]
 [Música]
 [MÚSICA DE FUNDO]
 [MÚSICA DE FUNDO]
 [MÚSICA DE FUNDO]
 [MÚSICA DE FUNDO]
 [MÚSICA DE FUNDO]
 [MÚSICA DE FUNDO]
 [MÚSICA DE FUNDO]
 [MÚSICA DE FUNDO]
 [MÚSICA DE FUNDO]
 [MÚSICA DE FUNDO]
 [MÚSICA DE FUNDO]
 [MÚSICA DE FUNDO]
 [MÚSICA DE FUNDO]
 [MÚSICA DE FUNDO]
 [MÚSICA DE FUNDO]
 [MÚSICA DE FUNDO]
 [MÚSICA DE FUNDO]
 [MÚSICA DE FUNDO]
 [MÚSICA DE FUNDO]
 [MÚSICA DE FUNDO]
 [Música]
 [Música]
 [MÚSICA DE FUNDO]
 [MÚSICA DE FUNDO]
 [MÚSICA DE FUNDO]
 [Música]
 [Música]
 [Música]
 [Música]
 [Música]
 [Música]
 [Música]
 [MÚSICA DE FUNDO]
 [MÚSICA DE FUNDO]
 [MÚSICA DE FUNDO]
 [MÚSICA DE FUNDO]
 [MÚSICA DE FUNDO]
 [MÚSICA DE FUNDO]
 [MÚSICA DE FUNDO]
 [MÚSICA DE FUNDO]
 [MÚSICA DE FUNDO]
 [MÚSICA DE FUNDO]
 [MÚSICA DE FUNDO]
 [MÚSICA DE FUNDO]
 [MÚSICA DE FUNDO]
 [MÚSICA DE FUNDO]
 [MÚSICA DE FUNDO]
 [MÚSICA DE FUNDO]
 [MÚSICA DE FUNDO]
 [MÚSICA DE FUNDO]
 [MÚSICA DE FUNDO]
 [MÚSICA DE FUNDO]
 [Música]
 [MÚSICA]
 [MÚSICA DE FUNDO]
 [Música]
 [Música]
 [MÚSICA DE FUNDO]
 [MÚSICA DE FUNDO]
 [MÚSICA]
 [MÚSICA DE FUNDO]
 [MÚSICA DE FUNDO]
 [MÚSICA DE FUNDO]
 [MÚSICA]
 [MÚSICA DE FUNDO]
 [MÚSICA DE FUNDO]
 [MÚSICA DE FUNDO]
 [MÚSICA DE FUNDO]
 [MÚSICA DE FUNDO]
 [MÚSICA DE FUNDO]
 [MÚSICA DE FUNDO]
 [MÚSICA DE FUNDO]
 [MÚSICA DE FUNDO]
 [MÚSICA DE FUNDO]
 [MÚSICA DE FUNDO]
 [MÚSICA DE FUNDO]
 [MÚSICA DE FUNDO]
 [MÚSICA DE FUNDO]
 [MÚSICA DE FUNDO]
 [MÚSICA DE FUNDO]
 [MÚSICA DE FUNDO]
 [MÚSICA DE FUNDO]
 [MÚSICA DE FUNDO]
 [MÚSICA DE FUNDO]
 [MÚSICA DE FUNDO]
 [MÚSICA DE FUNDO]
 [MÚSICA DE FUNDO]
 [MÚSICA DE FUNDO]
 [MÚSICA DE FUNDO]
 [MÚSICA DE FUNDO]
 [MÚSICA DE FUNDO]
 [MÚSICA DE FUNDO]
 [MÚSICA DE FUNDO]
 [MÚSICA DE FUNDO]
 [MÚSICA DE FUNDO]
 [MÚSICA DE FUNDO]
 [MÚSICA DE FUNDO]
 [MÚSICA DE FUNDO]
 [MÚSICA DE FUNDO]
 [MÚSICA DE FUNDO]
 [MÚSICA DE FUNDO]
 [MÚSICA DE FUNDO]
 [MÚSICA DE FUNDO]
 [MÚSICA DE FUNDO]
 [MÚSICA DE FUNDO]
 [MÚSICA DE FUNDO]
 [MÚSICA DE FUNDO]
 [MÚSICA DE FUNDO]
 [MÚSICA DE FUNDO]
 [MÚSICA DE FUNDO]
 [MÚSICA DE FUNDO]
 [MÚSICA DE FUNDO]
 [MÚSICA DE FUNDO]
 [MÚSICA DE FUNDO]
 [MÚSICA DE FUNDO]
 [MÚSICA DE FUNDO]
 [MÚSICA DE FUNDO]
 [MÚSICA]
 [MÚSICA DE FUNDO]
 [MÚSICA DE FUNDO]
 [MÚSICA DE FUNDO]
 [MÚSICA DE FUNDO]
 [MÚSICA DE FUNDO]
 [MÚSICA DE FUNDO]
 [MÚSICA DE FUNDO]
 [Música]
 [MÚSICA DE FUNDO]
 [MÚSICA DE FUNDO]
 [MÚSICA DE FUNDO]
 [MÚSICA DE FUNDO]
 [MÚSICA DE FUNDO]
 [MÚSICA DE FUNDO]
 [MÚSICA DE FUNDO]
 [MÚSICA DE FUNDO]
 [MÚSICA DE FUNDO]
 [MÚSICA DE FUNDO]
 [MÚSICA DE FUNDO]
 [MÚSICA DE FUNDO]
 [MÚSICA DE FUNDO]
 [MÚSICA DE FUNDO]
 [MÚSICA DE FUNDO]
 [MÚSICA DE FUNDO]
 [MÚSICA DE FUNDO]
 [MÚSICA DE FUNDO]
 [MÚSICA DE FUNDO]
 [MÚSICA DE FUNDO]
 [MÚSICA DE FUNDO]
 [MÚSICA DE FUNDO]
 [MÚSICA DE FUNDO]
 [MÚSICA DE FUNDO]
 [MÚSICA DE FUNDO]
 [MÚSICA DE FUNDO]
 [MÚSICA DE FUNDO]
 [MÚSICA DE FUNDO]
 [MÚSICA DE FUNDO]
 [MÚSICA DE FUNDO]
 [MÚSICA DE FUNDO]
 [música]
 [MÚSICA DE FUNDO]
 [música]
 [MÚSICA DE FUNDO]
 [MÚSICA DE FUNDO]
 [MÚSICA DE FUNDO]
 [MÚSICA DE FUNDO]
 [MÚSICA DE FUNDO]
 [MÚSICA DE FUNDO]
 [MÚSICA DE FUNDO]
 [MÚSICA DE FUNDO]
 [MÚSICA DE FUNDO]
 [MÚSICA DE FUNDO]
 [MÚSICA DE FUNDO]
 [MÚSICA DE FUNDO]
 [MÚSICA DE FUNDO]
 [MÚSICA DE FUNDO]
 [MÚSICA DE FUNDO]
 [MÚSICA DE FUNDO]
 [música]
 [MÚSICA DE FUNDO]
 [MÚSICA DE FUNDO]
 [MÚSICA DE FUNDO]
 [MÚSICA DE FUNDO]
 [MÚSICA DE FUNDO]
 [MÚSICA DE FUNDO]
 [MÚSICA DE FUNDO]
 [música]
 [MÚSICA DE FUNDO]
 [MÚSICA DE FUNDO]
 [MÚSICA DE FUNDO]
 [MÚSICA DE FUNDO]
 [MÚSICA DE FUNDO]
 [MÚSICA DE FUNDO]
 [MÚSICA]
 [MÚSICA DE FUNDO]
 [MÚSICA DE FUNDO]
 [MÚSICA DE FUNDO]
 [MÚSICA DE FUNDO]
 [MÚSICA DE FUNDO]
 [MÚSICA DE FUNDO]
 [MÚSICA DE FUNDO]
 [MÚSICA DE FUNDO]
 [MÚSICA DE FUNDO]
 [MÚSICA DE FUNDO]
 [MÚSICA DE FUNDO]
 [MÚSICA DE FUNDO]
 [MÚSICA DE FUNDO]
 [MÚSICA DE FUNDO]
 [MÚSICA DE FUNDO]
 [MÚSICA DE FUNDO]
 [MÚSICA DE FUNDO]
 [MÚSICA DE FUNDO]
 [MÚSICA DE FUNDO]
 [MÚSICA DE FUNDO]
 [MÚSICA DE FUNDO]
 [MÚSICA DE FUNDO]
 [MÚSICA DE FUNDO]
 [MÚSICA DE FUNDO]
 [MÚSICA DE FUNDO]
 [MÚSICA DE FUNDO]
 [MÚSICA DE FUNDO]
 [MÚSICA DE FUNDO]
 [MÚSICA DE FUNDO]
 [MÚSICA DE FUNDO]
 [MÚSICA DE FUNDO]
 [MÚSICA DE FUNDO]
 [Risos]
 [Risos]
 [Risos]
 [Risos]
 [risos]
 [risos]
 [risos]
 [risos]
 [risos]
 *risos*
 [risos]
 *risos*
 *risos*
 *risos*
 *risos*
 *risos*
 [risos]
 (risos)
 [risos]
 *risos*
 *risos*
 *risos*
 [risos]
 (risos)
 [risos]
 *risos*
 *risos*
 [risos]
 (risos)
 *risos*
 *risos*
 *risos*
 [MÚSICA DE FUNDO]
 [MÚSICA DE FUNDO]
 [MÚSICA DE FUNDO]
 [MÚSICA DE FUNDO]
 [MÚSICA DE FUNDO]
 [MÚSICA DE FUNDO]
 [MÚSICA DE FUNDO]
 [MÚSICA DE FUNDO]
 [MÚSICA DE FUNDO]
 [MÚSICA DE FUNDO]
 [MÚSICA DE FUNDO]
 [MÚSICA DE FUNDO]
 [MÚSICA DE FUNDO]
 [MÚSICA DE FUNDO]
 [MÚSICA DE FUNDO]
 [MÚSICA DE FUNDO]
 [MÚSICA DE FUNDO]
 [MÚSICA DE FUNDO]
 [MÚSICA DE FUNDO]
 [MÚSICA DE FUNDO]
 [MÚSICA DE FUNDO]
 [MÚSICA DE FUNDO]
 [MÚSICA DE FUNDO]
 [MÚSICA DE FUNDO]
 [MÚSICA DE FUNDO]
 [MÚSICA DE FUNDO]
 [MÚSICA DE FUNDO]
 [MÚSICA DE FUNDO]
 [MÚSICA DE FUNDO]
 [MÚSICA DE FUNDO]
 [MÚSICA]
 [MÚSICA DE FUNDO]
 [MÚSICA DE FUNDO]
 [MÚSICA DE FUNDO]
 [MÚSICA DE FUNDO]
 [MÚSICA DE FUNDO]
 [MÚSICA DE FUNDO]
 [MÚSICA DE FUNDO]
 [MÚSICA DE FUNDO]
 [MÚSICA DE FUNDO]
 [MÚSICA DE FUNDO]
 [MÚSICA DE FUNDO]
 [MÚSICA DE FUNDO]
 [MÚSICA DE FUNDO]
 [Música]
 [MÚSICA DE FUNDO]
 [Música]
 [Música]
 [Música]
 [Música]
 [Música]
 [Música]
 [Música]
 [Música]
 [Música]
 [Música]
 [Música]
 [Música]
 [Música]
 [Música]
 [Música]
 [Música]
 [Música]
 [Música]
 [MÚSICA DE FUNDO]
 [MÚSICA DE FUNDO]
 [MÚSICA DE FUNDO]
 [MÚSICA DE FUNDO]
 [MÚSICA DE FUNDO]
 [Música]
 [Música]
 [Música]
 [Música]
 [Música]
 [Música]
 [Música]
 [Música]
 [Música]
 [Música]
 [Música]
 [Música]
 [Música]
 [Música]
 [Música]
 [Música]
 [MÚSICA DE FUNDO]
 [Música]
 (música)
 [Música]
 [Música]
 (música)
 (música)
 [Música]
 (música)
 (música)
 [Música]
 [MÚSICA DE FUNDO]
 [MÚSICA DE FUNDO]
 [MÚSICA DE FUNDO]
 [MÚSICA DE FUNDO]
 [MÚSICA DE FUNDO]
 [MÚSICA DE FUNDO]
 [Música]
 [MÚSICA DE FUNDO]
 [MÚSICA DE FUNDO]
 [MÚSICA DE FUNDO]
 [MÚSICA DE FUNDO] [MÚSICA DE FUNDO]
 [MÚSICA DE FUNDO] [MÚSICA DE FUNDO]
 [MÚSICA DE FUNDO] [MÚSICA DE FUNDO]
 [MÚSICA DE FUNDO] [MÚSICA DE FUNDO]
 [MÚSICA DE FUNDO]
 [MÚSICA DE FUNDO]
 [MÚSICA DE FUNDO]
 [MÚSICA DE FUNDO]
 [MÚSICA DE FUNDO]
 [Música]
 [Música]
 [MÚSICA DE FUNDO]
 [MÚSICA DE FUNDO]
 [MÚSICA DE FUNDO]
 [MÚSICA DE FUNDO]
 [MÚSICA DE FUNDO]
 [MÚSICA DE FUNDO]
 [MÚSICA DE FUNDO]
 [MÚSICA DE FUNDO]
 [Música]
 [MÚSICA DE FUNDO]
 [MÚSICA DE FUNDO]
 [MÚSICA DE FUNDO]
 [MÚSICA DE FUNDO]
 [MÚSICA DE FUNDO]
 [MÚSICA DE FUNDO]
 [Música]
 [Música]
 [Música]
 [Música]
 [Música]
 [Música]
 [Música]
 [Música]
 [Música]
 [Música]
 [Música]
 [Música]
 [Música]
 [Música]
 [MÚSICA DE FUNDO]
 [Música]
 [Música]
 [Música]
 [Música]
 [Música]
 [Música]
 [Música]
 [Música]
 [Música]
 [Música]
 [Música]
 [Música]
 [Música]
 [MÚSICA DE FUNDO]
 [MÚSICA DE FUNDO]
 [MÚSICA DE FUNDO]
 [MÚSICA DE FUNDO]
 [MÚSICA DE FUNDO]
 [MÚSICA DE FUNDO]
 [MÚSICA DE FUNDO]
 [MÚSICA DE FUNDO]
 [MÚSICA DE FUNDO]
 [MÚSICA DE FUNDO]
 [MÚSICA DE FUNDO]
 [MÚSICA DE FUNDO]
 [MÚSICA DE FUNDO]
 [MÚSICA DE FUNDO]
 [MÚSICA DE FUNDO]
 [MÚSICA DE FUNDO]
 [MÚSICA DE FUNDO]
 [MÚSICA DE FUNDO]
 [MÚSICA DE FUNDO]
 [MÚSICA DE FUNDO]
 [MÚSICA DE FUNDO]
 [MÚSICA DE FUNDO]
 [MÚSICA DE FUNDO]
 [MÚSICA DE FUNDO]
 [MÚSICA DE FUNDO]
 [MÚSICA DE FUNDO]
 [MÚSICA DE FUNDO]
 [MÚSICA DE FUNDO]
 [MÚSICA DE FUNDO]
 [MÚSICA DE FUNDO]
 [MÚSICA DE FUNDO]
 [MÚSICA DE FUNDO]
 [MÚSICA DE FUNDO]
 [MÚSICA DE FUNDO]
 [MÚSICA DE FUNDO]
 [MÚSICA DE FUNDO]
 [MÚSICA DE FUNDO]
 [MÚSICA DE FUNDO]
 [MÚSICA DE FUNDO]
 [MÚSICA DE FUNDO]
 [MÚSICA DE FUNDO]
 [MÚSICA DE FUNDO]
 [música]
 [MÚSICA DE FUNDO]
 [música]
 [música]
 [MÚSICA DE FUNDO]
 [MÚSICA DE FUNDO]
 [Música]
 [Música]
 [Música]
 [Música]
 [Música]
 [Música]
 [Música]
 [Música]
 [Música]
 [Música]
 [Música]
 [MÚSICA DE FUNDO]
 [Música]
 [Música]
 [MÚSICA DE FUNDO]
 [Música]
 [MÚSICA DE FUNDO]
 [MÚSICA DE FUNDO]
 [MÚSICA DE FUNDO]
 [MÚSICA DE FUNDO]
 [MÚSICA DE FUNDO]
 [MÚSICA DE FUNDO]
 [MÚSICA DE FUNDO]
 [MÚSICA DE FUNDO]
 [MÚSICA DE FUNDO]
 [MÚSICA DE FUNDO]
 [MÚSICA DE FUNDO]
 [MÚSICA DE FUNDO]
 [MÚSICA DE FUNDO]
 [MÚSICA DE FUNDO]
 [MÚSICA DE FUNDO]
 [Música]
 [MÚSICA DE FUNDO]
 [Música]
 [Música]
 [Música]
 [MÚSICA DE FUNDO]
 [Música]
 [MÚSICA DE FUNDO]
 [Música]
 [Música]
 [Música]
 [Música]
 [Música]
 [Música]
 [Música]
 [MÚSICA DE FUNDO]
 [Música]
 [MÚSICA DE FUNDO]
 [música]
 [música]
 [música]
 [música]
 [música]
 [música]
 [música]
 [música]
 [música]
 [música]
 [música]
 [música]
 [música]
 [música]
 [música]
 [música]
 [música]
 [música]
 [música]
 [música]
 [música]
 [música]
 [música]
 [música]
 [música]
 [música]
 [música]
 [música]
 [música]
 [música]
 [música]
 [MÚSICA DE FUNDO]
 [MÚSICA DE FUNDO]
 [Música]
 [MÚSICA DE FUNDO]
 [Música]
 [Música]
 [Música]
 [Música]
 [Música]
 [Música]
 [Música]
 [Música]
 [Música]
 [Música]
 [Música]
 [Música]
 [Música]
 (música) (música)
 [Música]
 [Música]
 [Música]
 [Música]
 [Música]
 (música)
 [Música]
 [Música]
 [Música]
 [Música]
 [Música]
 [Música]
 [Música]
 (música)
 [MÚSICA DE FUNDO]
 [MÚSICA DE FUNDO]
 [MÚSICA DE FUNDO]
 [MÚSICA DE FUNDO]
 [MÚSICA DE FUNDO]
 [MÚSICA DE FUNDO]
 [MÚSICA DE FUNDO]
 [MÚSICA DE FUNDO]
 [MÚSICA DE FUNDO]
 [MÚSICA DE FUNDO]
 Um beijo, se não é, até a ver, acreditem!
 [MÚSICA DE FUNDO]
 [MÚSICA DE FUNDO]
 [MÚSICA DE FUNDO]
 [MÚSICA DE FUNDO]
 [MÚSICA DE FUNDO]
 [MÚSICA DE FUNDO]
 [MÚSICA DE FUNDO]
 [MÚSICA]
 [MÚSICA]
 [MÚSICA]
 [MÚSICA DE FUNDO]
 [MÚSICA]
 [MÚSICA DE FUNDO]
 [MÚSICA]
 [MÚSICA DE FUNDO]
 [MÚSICA]
 [MÚSICA DE FUNDO]
 [MÚSICA]
 [MÚSICA DE FUNDO]
 [MÚSICA]
 [MÚSICA]
 [MÚSICA DE FUNDO]
 [MÚSICA DE FUNDO]
 Bum!
 Bum!
 Bum!
 [MÚSICA DE FUNDO]
 Um, um, um!
 Um, um, um!
 Um, um, um!
 Um, um, um!
 Um, um, um!
 Um, um, um!
 Um, um, um!
 Um, um, um!
 Um, um, um!
 Um, um, um!
 Um, um, um!
 Um, um, um, um!
 [Música]
 [Música]
 [Música]
 [MÚSICA]
 Não!
 Não!
 [MÚSICA DE FUNDO]
 [Música]
 [Música]
 [Música]
 [MÚSICA DE FUNDO]
 [MÚSICA DE FUNDO]
 [MÚSICA DE FUNDO]
 [Música]
 [MÚSICA DE FUNDO]
 [MÚSICA DE FUNDO]
 [MÚSICA DE FUNDO]
 [MÚSICA DE FUNDO]
 [Música]
 [Música]
 [Música]
 [Música]
 [Música]
 [Música]
 [MÚSICA DE FUNDO]
 [Música]
 [Música]
 [Música]
 [Música]
 [Música]
 [Música]
 [Música]
 [Música]
 [Música]
 [Música]
 [Música]
 [Música]
 [Música]
 [Música]
 [Música]
 [Música]
 [Música]
 [Música]
 [Música]
 [Música]
 [Música]
 [MÚSICA DE FUNDO]
 [MÚSICA DE FUNDO]
 Um...
 Um...
 Um...
 Um...
 Um...
 Um... [MÚSICA DE FUNDO]
 Um...
 [MÚSICA DE FUNDO]
 [MÚSICA DE FUNDO]
 Amei!
 Amei.
 [MÚSICA DE FUNDO]
 [MÚSICA DE FUNDO] Tchau!
 [MÚSICA DE FUNDO] Tchau!
 [MÚSICA DE FUNDO] Tchau!
 [MÚSICA DE FUNDO] Tchau!
 [MÚSICA DE FUNDO] Tchau!
 [MÚSICA DE FUNDO] Tchau!
 [MÚSICA DE FUNDO] [MÚSICA DE FUNDO]
 [MÚSICA DE FUNDO] [MÚSICA DE FUNDO]
 [MÚSICA DE FUNDO] Tchau!
 [MÚSICA DE FUNDO] [MÚSICA DE FUNDO]
 [MÚSICA DE FUNDO] [MÚSICA DE FUNDO]
 [MÚSICA DE FUNDO]
 [MÚSICA DE FUNDO] [MÚSICA DE FUNDO] [MÚSICA DE FUNDO]
 [MÚSICA DE FUNDO]
 [MÚSICA DE FUNDO]
 [MÚSICA DE FUNDO] [MÚSICA DE FUNDO] [MÚSICA DE FUNDO]
 [MÚSICA DE FUNDO]
 [MÚSICA DE FUNDO]
 [MÚSICA DE FUNDO]
 [MÚSICA DE FUNDO]
 [MÚSICA DE FUNDO]
 [MÚSICA DE FUNDO]
 [MÚSICA DE FUNDO]
 [MÚSICA DE FUNDO]
 [MÚSICA DE FUNDO]
 [MÚSICA DE FUNDO]
 [Música]
 [Música]
 [Música]
 [Música]
 [Música]
 [Música]
 [Música]
 [Música]
 [Música]
 [Música]
 [Música]
 [Música]
 [Música]
 [Música]
 [Música]
 [Música]
 [Música]
 [Música]
 [Música]
 [Música]
 [Música]
 [Música]
 [Música]
 [Música]
 [MÚSICA DE FUNDO]
 [MÚSICA DE FUNDO]
 [MÚSICA DE FUNDO]
 [MÚSICA DE FUNDO]
 [MÚSICA DE FUNDO]
 [MÚSICA DE FUNDO]
 [MÚSICA DE FUNDO]
 [MÚSICA DE FUNDO]
 [MÚSICA DE FUNDO]
 [MÚSICA DE FUNDO]
 [MÚSICA DE FUNDO]
 [MÚSICA DE FUNDO]
 [MÚSICA DE FUNDO]
 [MÚSICA DE FUNDO]
 [MÚSICA DE FUNDO]
 [MÚSICA DE FUNDO]
 [MÚSICA DE FUNDO]
 [MÚSICA DE FUNDO]
 [MÚSICA DE FUNDO]
 [MÚSICA DE FUNDO]
 [MÚSICA DE FUNDO]
 [MÚSICA DE FUNDO]
 [MÚSICA]
 [MÚSICA DE FUNDO]
 [MÚSICA DE FUNDO]
 [MÚSICA DE FUNDO]
 [MÚSICA DE FUNDO]
 [MÚSICA DE FUNDO]
 [MÚSICA DE FUNDO]
 [MÚSICA DE FUNDO] [MÚSICA DE FUNDO] [MÚSICA DE FUNDO] [MÚSICA DE FUNDO]
 [MÚSICA DE FUNDO]
 [MÚSICA DE FUNDO]
 [MÚSICA DE FUNDO]
 [MÚSICA DE FUNDO]
 [MÚSICA DE FUNDO]
 [MÚSICA DE FUNDO]
 [MÚSICA DE FUNDO]
 [MÚSICA DE FUNDO]
 [MÚSICA DE FUNDO]
 [MÚSICA DE FUNDO]
 [MÚSICA DE FUNDO]
 [MÚSICA DE FUNDO]
 [MÚSICA DE FUNDO]
 [MÚSICA DE FUNDO]
 [MÚSICA DE FUNDO]
 [MÚSICA DE FUNDO]
 [MÚSICA DE FUNDO]
 [MÚSICA DE FUNDO]
 [MÚSICA DE FUNDO]
 [MÚSICA DE FUNDO]
 [MÚSICA DE FUNDO]
 [MÚSICA DE FUNDO]
 [MÚSICA DE FUNDO]
 [MÚSICA DE FUNDO]
 [MÚSICA DE FUNDO]
 [MÚSICA DE FUNDO]
 [MÚSICA DE FUNDO]
 [MÚSICA DE FUNDO]
 [MÚSICA DE FUNDO]
 [MÚSICA DE FUNDO]
 [MÚSICA DE FUNDO]
 [MÚSICA DE FUNDO]
 [MÚSICA DE FUNDO]
 [MÚSICA DE FUNDO]
 [MÚSICA DE FUNDO]
 [MÚSICA DE FUNDO]
 [MÚSICA DE FUNDO]
 [MÚSICA DE FUNDO]
 [MÚSICA DE FUNDO]
 [MÚSICA DE FUNDO]
 [MÚSICA DE FUNDO]
 [MÚSICA DE FUNDO]
 [MÚSICA DE FUNDO]
 [MÚSICA DE FUNDO]
 [MÚSICA DE FUNDO]
 [MÚSICA DE FUNDO]
 [MÚSICA DE FUNDO]
 [MÚSICA DE FUNDO]
 [Música]
 [MÚSICA DE FUNDO]
 [MÚSICA DE FUNDO]
 [MÚSICA DE FUNDO]
 [MÚSICA DE FUNDO]
 [MÚSICA DE FUNDO]
 [Música]
 [MÚSICA DE FUNDO]
 [MÚSICA DE FUNDO]
 [MÚSICA DE FUNDO]
 [Música]
 [Música]
 [Música]
 [MÚSICA DE FUNDO]
 [MÚSICA DE FUNDO]
 [Música]
 [Música]
 [Música]
 [MÚSICA DE FUNDO]
 [MÚSICA DE FUNDO]
 [MÚSICA DE FUNDO]
 [MÚSICA DE FUNDO]
 [MÚSICA DE FUNDO]
 [MÚSICA DE FUNDO]
 [MÚSICA DE FUNDO]
 [MÚSICA DE FUNDO]
 [MÚSICA DE FUNDO]
 [MÚSICA DE FUNDO]
 [MÚSICA DE FUNDO]
 [MÚSICA DE FUNDO]
 [MÚSICA DE FUNDO]
 [MÚSICA DE FUNDO]
 [MÚSICA DE FUNDO]
 [MÚSICA DE FUNDO]
 [MÚSICA DE FUNDO]
 [MÚSICA DE FUNDO]
 [MÚSICA DE FUNDO]
 [MÚSICA DE FUNDO]
 [MÚSICA DE FUNDO]
 [MÚSICA DE FUNDO]
 [MÚSICA DE FUNDO]
 [MÚSICA DE FUNDO]
 [Música]
 [MÚSICA DE FUNDO]
 [MÚSICA DE FUNDO]
 [Música]
 [MÚSICA DE FUNDO]
 [Música]
 [Música]
 [Música]
 [MÚSICA DE FUNDO]
 [MÚSICA DE FUNDO]
 [MÚSICA DE FUNDO]
 [Música]
 [MÚSICA DE FUNDO]
 [MÚSICA DE FUNDO]
 [MÚSICA DE FUNDO]
 [MÚSICA DE FUNDO]
 [MÚSICA DE FUNDO]
 [MÚSICA DE FUNDO]
 [MÚSICA DE FUNDO]
 [Música]
 [MÚSICA DE FUNDO]
 [MÚSICA DE FUNDO]
 [Música]
 [Música]
 [Música]
 [Música]
 [Música]
 [música]
 [Música]
 [Música]
 [Música]
 [Música]
 [Música]
 [Música]
 [música]
 [Música]
 [música]
 [música]
 [Música]
 [MÚSICA DE FUNDO]
 Tchau.
 Tchau!
 Tchau, gás.
 Tchau, gás.
 Tchau, gás.
 Tchau, gás.
 Tchau, gás.
 Tchau, gás.
 Tchau, gás.
 Tchau, gás.
 Tchau, gai!
 Tchau, gai!
 Tchau, gás.
 Tchau, gai!
 Tchau, gato.
 Tchau, eu quero.
 Tchau, eu quero...
 Tchau, eu quero.
 Tchau, eu quero.
 Tchau, eu quero.
 Tchau, eu quero.
 Tchau, eu c*n.
 Tchau, eu quero.
 Tchau, eu quero.
 Tchau, eu quero.
 Tchau, eu quero.
 Tchau, eu quero.
 Tchau, eu quero.
 Tchau, eu quero.
 Tchau, eu quero.
 Tchau, caro.
 Tchau, eu quero.
 [MÚSICA DE FUNDO]
 [MÚSICA DE FUNDO]
 [MÚSICA DE FUNDO]
 [MÚSICA DE FUNDO]
 [MÚSICA DE FUNDO]
 [MÚSICA DE FUNDO]
 [MÚSICA DE FUNDO] [MÚSICA DE FUNDO] [MÚSICA DE FUNDO]
 [MÚSICA DE FUNDO] [MÚSICA DE FUNDO]
 [MÚSICA DE FUNDO] [MÚSICA DE FUNDO]
 [MÚSICA DE FUNDO]
 [MÚSICA DE FUNDO]
 [MÚSICA DE FUNDO]
 [MÚSICA DE FUNDO]
 [MÚSICA DE FUNDO]
 [MÚSICA DE FUNDO]
 [MÚSICA DE FUNDO]
 [MÚSICA DE FUNDO]
 [MÚSICA DE FUNDO]
 [MÚSICA DE FUNDO]
 [MÚSICA DE FUNDO]
 [MÚSICA DE FUNDO] [MÚSICA DE FUNDO]
 [MÚSICA DE FUNDO] [MÚSICA DE FUNDO]
 [MÚSICA DE FUNDO]
 [MÚSICA DE FUNDO]
 [MÚSICA DE FUNDO]
 [MÚSICA DE FUNDO]
 [MÚSICA DE FUNDO]
 [MÚSICA DE FUNDO]
 [MÚSICA DE FUNDO]
 [MÚSICA DE FUNDO]
 [MÚSICA DE FUNDO]
 [MÚSICA DE FUNDO]
 [MÚSICA DE FUNDO]
 [MÚSICA DE FUNDO]
 [MÚSICA DE FUNDO]
 [MÚSICA DE FUNDO]
 [Música]
 [Música]
 [Música]
 [Música]
 [Música]
 [Música]
 [Música]
 [Música]
 [Música]
 [Música]
 [Música]
 [Música]
 [Música]
 [Música]
 [Música]
 [Música]
 [Música]
 [Música]
 [Música]
 [Música]
 [Música]
 [Música]
 [Música]
 [Música]
 [Música]
 [Música]
 [Música]
 [Música]
 [MÚSICA DE FUNDO]
 [MÚSICA DE FUNDO]
 [MÚSICA DE FUNDO]
 [MÚSICA DE FUNDO]
 [MÚSICA DE FUNDO]
 [MÚSICA DE FUNDO]
 [Música]
 [Música]
